I0125 13:15:45.555475 11644 cuckoo_watch.h:44] 32625ms in ProcessBatch(Q:\topic_modeling\data\postnauka\bigARTM_files\pn_model1\aaaaac.batch) [including 3875ms in LoadMessage; 2203ms in InitializeSparseNdw; 23452ms in InferThetaAndUpdateNwtSparse; 2827ms in CalculateScore(perplexity_score); 15ms in CalculateScore(ss_theta_score); ]
I0125 13:15:45.865440 11644 processor.cc:662] No data in processing queue, waiting...
I0125 13:15:47.850111 13368 processor.cc:842] Processor: complete processing batch 26ebd86a-496b-4960-ab22-a50f3c1e007e into model nwt
I0125 13:15:47.983647 13368 cuckoo_watch.h:44] 35053ms in ProcessBatch(Q:\topic_modeling\data\postnauka\bigARTM_files\pn_model1\aaaaaa.batch) [including 4484ms in LoadMessage; 2234ms in InitializeSparseNdw; 24998ms in InferThetaAndUpdateNwtSparse; 3154ms in CalculateScore(perplexity_score); 46ms in CalculateScore(ss_theta_score); ]
I0125 13:15:47.999287  9388 master_component.cc:991] NormalizeModelArgs: pwt_target_name=pwt, nwt_source_name=nwt, rwt_source_name=
I0125 13:15:47.999287  9388 master_component.cc:617] MasterComponent: start normalizing model nwt
I0125 13:15:48.030525  9388 master_component.cc:639] MasterComponent: complete normalizing model nwt
I0125 13:15:48.280539 13368 processor.cc:662] No data in processing queue, waiting...
I0125 13:15:48.280539  9388 master_component.cc:1015] DisposeModel rwt
I0125 13:15:48.280539  9388 c_interface.cc:332] Pass FitOfflineMasterModelArgs, batch_filename_size=4, batch_weight_size=4, num_collection_passes=1 to void (__cdecl artm::core::MasterComponent::*)(class artm::FitOfflineMasterModelArgs const & __ptr64) __ptr64
I0125 13:15:48.280539  9388 master_component.cc:942] ProcessBatchesArgs: nwt_target_name=nwt, batch_filename_size=4, batch_size=0, batch_weight_size=4, pwt_source_name=pwt, num_document_passes=5, class=(@default_class:1), reuse_theta=no, opt_for_avx=yes, predict_class_id=
I0125 13:15:48.327422 12468 processor.cc:669] Processing queue has data, processing started
I0125 13:15:48.327422  5552 processor.cc:669] Processing queue has data, processing started
I0125 13:15:48.327422 11644 processor.cc:669] Processing queue has data, processing started
I0125 13:15:48.327422 13368 processor.cc:669] Processing queue has data, processing started
I0125 13:15:49.827664 13368 processor.cc:746] Processor: start processing batch c7409bab-46bb-42a3-9fb3-feaeb2330f73 into model nwt
I0125 13:15:50.249558 12468 processor.cc:746] Processor: start processing batch 26ebd86a-496b-4960-ab22-a50f3c1e007e into model nwt
I0125 13:15:50.858963 11644 processor.cc:746] Processor: start processing batch ae3644b4-95f2-463e-b7a4-9eeedade5e9d into model nwt
I0125 13:15:51.030844  5552 processor.cc:746] Processor: start processing batch e0286f04-8790-4317-a1ab-8d6162d31f1b into model nwt
I0125 13:16:00.951225 13368 processor.cc:842] Processor: complete processing batch c7409bab-46bb-42a3-9fb3-feaeb2330f73 into model nwt
I0125 13:16:01.114346 13368 cuckoo_watch.h:44] 12786ms in ProcessBatch(Q:\topic_modeling\data\postnauka\bigARTM_files\pn_model1\aaaaad.batch) [including 1484ms in LoadMessage; 859ms in InitializeSparseNdw; 9138ms in InferThetaAndUpdateNwtSparse; 1091ms in CalculateScore(perplexity_score); 34ms in CalculateScore(ss_theta_score); ]
I0125 13:16:01.136370 13368 processor.cc:662] No data in processing queue, waiting...
I0125 13:16:18.571864 12468 processor.cc:842] Processor: complete processing batch 26ebd86a-496b-4960-ab22-a50f3c1e007e into model nwt
I0125 13:16:18.765895 12468 cuckoo_watch.h:44] 30438ms in ProcessBatch(Q:\topic_modeling\data\postnauka\bigARTM_files\pn_model1\aaaaaa.batch) [including 1922ms in LoadMessage; 2171ms in InitializeSparseNdw; 22526ms in InferThetaAndUpdateNwtSparse; 3539ms in CalculateScore(perplexity_score); 84ms in CalculateScore(ss_theta_score); ]
I0125 13:16:19.062784 12468 processor.cc:662] No data in processing queue, waiting...
I0125 13:16:20.078943 11644 processor.cc:842] Processor: complete processing batch ae3644b4-95f2-463e-b7a4-9eeedade5e9d into model nwt
I0125 13:16:20.266450 11644 cuckoo_watch.h:44] 31939ms in ProcessBatch(Q:\topic_modeling\data\postnauka\bigARTM_files\pn_model1\aaaaac.batch) [including 2531ms in LoadMessage; 2218ms in InitializeSparseNdw; 24159ms in InferThetaAndUpdateNwtSparse; 2826ms in CalculateScore(perplexity_score); 15ms in CalculateScore(ss_theta_score); ]
I0125 13:16:20.282076  5552 processor.cc:842] Processor: complete processing batch e0286f04-8790-4317-a1ab-8d6162d31f1b into model nwt
I0125 13:16:20.485208  5552 cuckoo_watch.h:44] 32157ms in ProcessBatch(Q:\topic_modeling\data\postnauka\bigARTM_files\pn_model1\aaaaab.batch) [including 2687ms in LoadMessage; 2203ms in InitializeSparseNdw; 24143ms in InferThetaAndUpdateNwtSparse; 2732ms in CalculateScore(perplexity_score); 171ms in CalculateScore(ss_theta_score); ]
I0125 13:16:20.500849  9388 master_component.cc:991] NormalizeModelArgs: pwt_target_name=pwt, nwt_source_name=nwt, rwt_source_name=
I0125 13:16:20.500849  9388 master_component.cc:617] MasterComponent: start normalizing model nwt
I0125 13:16:20.532091  9388 master_component.cc:639] MasterComponent: complete normalizing model nwt
I0125 13:16:20.563343 11644 processor.cc:662] No data in processing queue, waiting...
I0125 13:16:20.782099  5552 processor.cc:662] No data in processing queue, waiting...
I0125 13:16:20.828979  9388 master_component.cc:1015] DisposeModel rwt
I0125 13:16:20.844604  9388 c_interface.cc:332] Pass FitOfflineMasterModelArgs, batch_filename_size=4, batch_weight_size=4, num_collection_passes=1 to void (__cdecl artm::core::MasterComponent::*)(class artm::FitOfflineMasterModelArgs const & __ptr64) __ptr64
I0125 13:16:20.844604  9388 master_component.cc:942] ProcessBatchesArgs: nwt_target_name=nwt, batch_filename_size=4, batch_size=0, batch_weight_size=4, pwt_source_name=pwt, num_document_passes=5, class=(@default_class:1), reuse_theta=no, opt_for_avx=yes, predict_class_id=
I0125 13:16:20.891479 13368 processor.cc:669] Processing queue has data, processing started
I0125 13:16:20.891479 12468 processor.cc:669] Processing queue has data, processing started
I0125 13:16:20.891479  5552 processor.cc:669] Processing queue has data, processing started
I0125 13:16:20.891479 11644 processor.cc:669] Processing queue has data, processing started
I0125 13:16:23.235518 11644 processor.cc:746] Processor: start processing batch ae3644b4-95f2-463e-b7a4-9eeedade5e9d into model nwt
I0125 13:16:23.344898 12468 processor.cc:746] Processor: start processing batch e0286f04-8790-4317-a1ab-8d6162d31f1b into model nwt
I0125 13:16:24.530566  5552 processor.cc:746] Processor: start processing batch c7409bab-46bb-42a3-9fb3-feaeb2330f73 into model nwt
I0125 13:16:25.342260 13368 processor.cc:746] Processor: start processing batch 26ebd86a-496b-4960-ab22-a50f3c1e007e into model nwt
I0125 13:16:36.005636  5552 processor.cc:842] Processor: complete processing batch c7409bab-46bb-42a3-9fb3-feaeb2330f73 into model nwt
I0125 13:16:36.214303  5552 cuckoo_watch.h:44] 15322ms in ProcessBatch(Q:\topic_modeling\data\postnauka\bigARTM_files\pn_model1\aaaaad.batch) [including 3639ms in LoadMessage; 921ms in InitializeSparseNdw; 9420ms in InferThetaAndUpdateNwtSparse; 1102ms in CalculateScore(perplexity_score); 31ms in CalculateScore(ss_theta_score); ]
I0125 13:16:36.238319  5552 processor.cc:662] No data in processing queue, waiting...
I0125 13:16:51.212543 11644 processor.cc:842] Processor: complete processing batch ae3644b4-95f2-463e-b7a4-9eeedade5e9d into model nwt
I0125 13:16:51.415676 11644 cuckoo_watch.h:44] 30524ms in ProcessBatch(Q:\topic_modeling\data\postnauka\bigARTM_files\pn_model1\aaaaac.batch) [including 2344ms in LoadMessage; 1778ms in InitializeSparseNdw; 22683ms in InferThetaAndUpdateNwtSparse; 3498ms in CalculateScore(perplexity_score); 15ms in CalculateScore(ss_theta_score); ]
I0125 13:16:51.681311 12468 processor.cc:842] Processor: complete processing batch e0286f04-8790-4317-a1ab-8d6162d31f1b into model nwt
I0125 13:16:51.712563 11644 processor.cc:662] No data in processing queue, waiting...
I0125 13:16:52.025234 12468 cuckoo_watch.h:44] 31133ms in ProcessBatch(Q:\topic_modeling\data\postnauka\bigARTM_files\pn_model1\aaaaab.batch) [including 2453ms in LoadMessage; 1841ms in InitializeSparseNdw; 22987ms in InferThetaAndUpdateNwtSparse; 3476ms in CalculateScore(perplexity_score); 31ms in CalculateScore(ss_theta_score); ]
I0125 13:16:52.322124 12468 processor.cc:662] No data in processing queue, waiting...
I0125 13:16:53.259670 13368 processor.cc:842] Processor: complete processing batch 26ebd86a-496b-4960-ab22-a50f3c1e007e into model nwt
I0125 13:16:53.369048 13368 cuckoo_watch.h:44] 32477ms in ProcessBatch(Q:\topic_modeling\data\postnauka\bigARTM_files\pn_model1\aaaaaa.batch) [including 4450ms in LoadMessage; 2371ms in InitializeSparseNdw; 24014ms in InferThetaAndUpdateNwtSparse; 1515ms in CalculateScore(perplexity_score); 15ms in CalculateScore(ss_theta_score); ]
I0125 13:16:53.384690  9388 master_component.cc:991] NormalizeModelArgs: pwt_target_name=pwt, nwt_source_name=nwt, rwt_source_name=
I0125 13:16:53.384690  9388 master_component.cc:617] MasterComponent: start normalizing model nwt
I0125 13:16:53.415930  9388 master_component.cc:639] MasterComponent: complete normalizing model nwt
I0125 13:16:53.665943 13368 processor.cc:662] No data in processing queue, waiting...
I0125 13:16:53.665943  9388 master_component.cc:1015] DisposeModel rwt
I0125 13:16:53.665943  9388 c_interface.cc:332] Pass FitOfflineMasterModelArgs, batch_filename_size=4, batch_weight_size=4, num_collection_passes=1 to void (__cdecl artm::core::MasterComponent::*)(class artm::FitOfflineMasterModelArgs const & __ptr64) __ptr64
I0125 13:16:53.665943  9388 master_component.cc:942] ProcessBatchesArgs: nwt_target_name=nwt, batch_filename_size=4, batch_size=0, batch_weight_size=4, pwt_source_name=pwt, num_document_passes=5, class=(@default_class:1), reuse_theta=no, opt_for_avx=yes, predict_class_id=
I0125 13:16:53.728446 12468 processor.cc:669] Processing queue has data, processing started
I0125 13:16:53.728446  5552 processor.cc:669] Processing queue has data, processing started
I0125 13:16:53.728446 13368 processor.cc:669] Processing queue has data, processing started
I0125 13:16:53.728446 11644 processor.cc:669] Processing queue has data, processing started
I0125 13:16:54.290969 11644 processor.cc:746] Processor: start processing batch c7409bab-46bb-42a3-9fb3-feaeb2330f73 into model nwt
I0125 13:16:55.121472 13368 processor.cc:746] Processor: start processing batch e0286f04-8790-4317-a1ab-8d6162d31f1b into model nwt
I0125 13:16:55.121472  5552 processor.cc:746] Processor: start processing batch ae3644b4-95f2-463e-b7a4-9eeedade5e9d into model nwt
I0125 13:16:55.121472 12468 processor.cc:746] Processor: start processing batch 26ebd86a-496b-4960-ab22-a50f3c1e007e into model nwt
I0125 13:17:05.582478 11644 processor.cc:842] Processor: complete processing batch c7409bab-46bb-42a3-9fb3-feaeb2330f73 into model nwt
I0125 13:17:05.758610 11644 cuckoo_watch.h:44] 12030ms in ProcessBatch(Q:\topic_modeling\data\postnauka\bigARTM_files\pn_model1\aaaaad.batch) [including 562ms in LoadMessage; 924ms in InitializeSparseNdw; 9219ms in InferThetaAndUpdateNwtSparse; 1105ms in CalculateScore(perplexity_score); 42ms in CalculateScore(ss_theta_score); ]
I0125 13:17:05.780139 11644 processor.cc:662] No data in processing queue, waiting...
I0125 13:17:23.881691 13368 processor.cc:842] Processor: complete processing batch e0286f04-8790-4317-a1ab-8d6162d31f1b into model nwt
I0125 13:17:24.069200 13368 cuckoo_watch.h:44] 30340ms in ProcessBatch(Q:\topic_modeling\data\postnauka\bigARTM_files\pn_model1\aaaaab.batch) [including 1393ms in LoadMessage; 2250ms in InitializeSparseNdw; 22771ms in InferThetaAndUpdateNwtSparse; 3723ms in CalculateScore(perplexity_score); 15ms in CalculateScore(ss_theta_score); ]
I0125 13:17:24.366089 13368 processor.cc:662] No data in processing queue, waiting...
I0125 13:17:24.584852 12468 processor.cc:842] Processor: complete processing batch 26ebd86a-496b-4960-ab22-a50f3c1e007e into model nwt
I0125 13:17:24.895954 12468 cuckoo_watch.h:44] 31167ms in ProcessBatch(Q:\topic_modeling\data\postnauka\bigARTM_files\pn_model1\aaaaaa.batch) [including 1393ms in LoadMessage; 2250ms in InitializeSparseNdw; 23600ms in InferThetaAndUpdateNwtSparse; 3597ms in CalculateScore(perplexity_score); 15ms in CalculateScore(ss_theta_score); ]
I0125 13:17:24.908962  5552 processor.cc:842] Processor: complete processing batch ae3644b4-95f2-463e-b7a4-9eeedade5e9d into model nwt
I0125 13:17:25.036090 12468 processor.cc:662] No data in processing queue, waiting...
I0125 13:17:25.176723  5552 cuckoo_watch.h:44] 31448ms in ProcessBatch(Q:\topic_modeling\data\postnauka\bigARTM_files\pn_model1\aaaaac.batch) [including 1393ms in LoadMessage; 2265ms in InitializeSparseNdw; 23783ms in InferThetaAndUpdateNwtSparse; 3492ms in CalculateScore(perplexity_score); 245ms in CalculateScore(ss_theta_score); ]
I0125 13:17:25.192353  9388 master_component.cc:991] NormalizeModelArgs: pwt_target_name=pwt, nwt_source_name=nwt, rwt_source_name=
I0125 13:17:25.192353  9388 master_component.cc:617] MasterComponent: start normalizing model nwt
I0125 13:17:25.223603  9388 master_component.cc:639] MasterComponent: complete normalizing model nwt
I0125 13:17:25.401696  5552 processor.cc:662] No data in processing queue, waiting...
I0125 13:17:25.474324  9388 master_component.cc:1015] DisposeModel rwt
I0125 13:17:25.474324  9388 c_interface.cc:332] Pass FitOfflineMasterModelArgs, batch_filename_size=4, batch_weight_size=4, num_collection_passes=1 to void (__cdecl artm::core::MasterComponent::*)(class artm::FitOfflineMasterModelArgs const & __ptr64) __ptr64
I0125 13:17:25.474324  9388 master_component.cc:942] ProcessBatchesArgs: nwt_target_name=nwt, batch_filename_size=4, batch_size=0, batch_weight_size=4, pwt_source_name=pwt, num_document_passes=5, class=(@default_class:1), reuse_theta=no, opt_for_avx=yes, predict_class_id=
I0125 13:17:25.521209  5552 processor.cc:669] Processing queue has data, processing started
I0125 13:17:25.521209 12468 processor.cc:669] Processing queue has data, processing started
I0125 13:17:25.521209 13368 processor.cc:669] Processing queue has data, processing started
I0125 13:17:25.521209 11644 processor.cc:669] Processing queue has data, processing started
I0125 13:17:26.318114 13368 processor.cc:746] Processor: start processing batch c7409bab-46bb-42a3-9fb3-feaeb2330f73 into model nwt
I0125 13:17:27.016244 12468 processor.cc:746] Processor: start processing batch e0286f04-8790-4317-a1ab-8d6162d31f1b into model nwt
I0125 13:17:27.156877 11644 processor.cc:746] Processor: start processing batch ae3644b4-95f2-463e-b7a4-9eeedade5e9d into model nwt
I0125 13:17:27.203754  5552 processor.cc:746] Processor: start processing batch 26ebd86a-496b-4960-ab22-a50f3c1e007e into model nwt
I0125 13:17:37.376330 13368 processor.cc:842] Processor: complete processing batch c7409bab-46bb-42a3-9fb3-feaeb2330f73 into model nwt
I0125 13:17:37.570864 13368 cuckoo_watch.h:44] 12049ms in ProcessBatch(Q:\topic_modeling\data\postnauka\bigARTM_files\pn_model1\aaaaad.batch) [including 796ms in LoadMessage; 838ms in InitializeSparseNdw; 9110ms in InferThetaAndUpdateNwtSparse; 1078ms in CalculateScore(perplexity_score); 31ms in CalculateScore(ss_theta_score); ]
I0125 13:17:37.874781 13368 processor.cc:662] No data in processing queue, waiting...
I0125 13:17:57.283334 11644 processor.cc:842] Processor: complete processing batch ae3644b4-95f2-463e-b7a4-9eeedade5e9d into model nwt
I0125 13:17:57.486462 11644 cuckoo_watch.h:44] 31965ms in ProcessBatch(Q:\topic_modeling\data\postnauka\bigARTM_files\pn_model1\aaaaac.batch) [including 1635ms in LoadMessage; 2171ms in InitializeSparseNdw; 24354ms in InferThetaAndUpdateNwtSparse; 3584ms in CalculateScore(perplexity_score); 15ms in CalculateScore(ss_theta_score); ]
I0125 13:17:57.595963 12468 processor.cc:842] Processor: complete processing batch e0286f04-8790-4317-a1ab-8d6162d31f1b into model nwt
I0125 13:17:57.861604 11644 processor.cc:662] No data in processing queue, waiting...
I0125 13:17:57.986605 12468 cuckoo_watch.h:44] 32465ms in ProcessBatch(Q:\topic_modeling\data\postnauka\bigARTM_files\pn_model1\aaaaab.batch) [including 1495ms in LoadMessage; 2187ms in InitializeSparseNdw; 24541ms in InferThetaAndUpdateNwtSparse; 3834ms in CalculateScore(perplexity_score); 15ms in CalculateScore(ss_theta_score); ]
I0125 13:17:58.002236  5552 processor.cc:842] Processor: complete processing batch 26ebd86a-496b-4960-ab22-a50f3c1e007e into model nwt
I0125 13:17:58.283495 12468 processor.cc:662] No data in processing queue, waiting...
I0125 13:17:58.283495  5552 cuckoo_watch.h:44] 32762ms in ProcessBatch(Q:\topic_modeling\data\postnauka\bigARTM_files\pn_model1\aaaaaa.batch) [including 1682ms in LoadMessage; 2171ms in InitializeSparseNdw; 25033ms in InferThetaAndUpdateNwtSparse; 3248ms in CalculateScore(perplexity_score); 343ms in CalculateScore(ss_theta_score); ]
I0125 13:17:58.299134  9388 master_component.cc:991] NormalizeModelArgs: pwt_target_name=pwt, nwt_source_name=nwt, rwt_source_name=
I0125 13:17:58.299134  9388 master_component.cc:617] MasterComponent: start normalizing model nwt
I0125 13:17:58.330374  9388 master_component.cc:639] MasterComponent: complete normalizing model nwt
I0125 13:17:58.580389  5552 processor.cc:662] No data in processing queue, waiting...
I0125 13:17:58.580389  9388 master_component.cc:1015] DisposeModel rwt
I0125 13:17:58.580389  9388 c_interface.cc:332] Pass FitOfflineMasterModelArgs, batch_filename_size=4, batch_weight_size=4, num_collection_passes=1 to void (__cdecl artm::core::MasterComponent::*)(class artm::FitOfflineMasterModelArgs const & __ptr64) __ptr64
I0125 13:17:58.580389  9388 master_component.cc:942] ProcessBatchesArgs: nwt_target_name=nwt, batch_filename_size=4, batch_size=0, batch_weight_size=4, pwt_source_name=pwt, num_document_passes=5, class=(@default_class:1), reuse_theta=no, opt_for_avx=yes, predict_class_id=
I0125 13:17:58.627288 11644 processor.cc:669] Processing queue has data, processing started
I0125 13:17:58.627288 12468 processor.cc:669] Processing queue has data, processing started
I0125 13:17:58.627288  5552 processor.cc:669] Processing queue has data, processing started
I0125 13:17:58.627288 13368 processor.cc:669] Processing queue has data, processing started
I0125 13:18:02.487221 13368 processor.cc:746] Processor: start processing batch ae3644b4-95f2-463e-b7a4-9eeedade5e9d into model nwt
I0125 13:18:03.799780  5552 processor.cc:746] Processor: start processing batch c7409bab-46bb-42a3-9fb3-feaeb2330f73 into model nwt
I0125 13:18:04.002917 11644 processor.cc:746] Processor: start processing batch 26ebd86a-496b-4960-ab22-a50f3c1e007e into model nwt
I0125 13:18:04.377935 12468 processor.cc:746] Processor: start processing batch e0286f04-8790-4317-a1ab-8d6162d31f1b into model nwt
I0125 13:18:15.394067  5552 processor.cc:842] Processor: complete processing batch c7409bab-46bb-42a3-9fb3-feaeb2330f73 into model nwt
I0125 13:18:15.529145  5552 cuckoo_watch.h:44] 16901ms in ProcessBatch(Q:\topic_modeling\data\postnauka\bigARTM_files\pn_model1\aaaaad.batch) [including 5172ms in LoadMessage; 968ms in InitializeSparseNdw; 9473ms in InferThetaAndUpdateNwtSparse; 1109ms in CalculateScore(perplexity_score); 42ms in CalculateScore(ss_theta_score); ]
I0125 13:18:15.561167  5552 processor.cc:662] No data in processing queue, waiting...
I0125 13:18:28.648566 13368 processor.cc:842] Processor: complete processing batch ae3644b4-95f2-463e-b7a4-9eeedade5e9d into model nwt
I0125 13:18:28.851699 13368 cuckoo_watch.h:44] 30224ms in ProcessBatch(Q:\topic_modeling\data\postnauka\bigARTM_files\pn_model1\aaaaac.batch) [including 3859ms in LoadMessage; 1343ms in InitializeSparseNdw; 22228ms in InferThetaAndUpdateNwtSparse; 2558ms in CalculateScore(perplexity_score); 31ms in CalculateScore(ss_theta_score); ]
I0125 13:18:29.148589 13368 processor.cc:662] No data in processing queue, waiting...
I0125 13:18:32.722079 11644 processor.cc:842] Processor: complete processing batch 26ebd86a-496b-4960-ab22-a50f3c1e007e into model nwt
I0125 13:18:32.925217 11644 cuckoo_watch.h:44] 34297ms in ProcessBatch(Q:\topic_modeling\data\postnauka\bigARTM_files\pn_model1\aaaaaa.batch) [including 5375ms in LoadMessage; 2218ms in InitializeSparseNdw; 23176ms in InferThetaAndUpdateNwtSparse; 3307ms in CalculateScore(perplexity_score); 15ms in CalculateScore(ss_theta_score); ]
I0125 13:18:33.112725 12468 processor.cc:842] Processor: complete processing batch e0286f04-8790-4317-a1ab-8d6162d31f1b into model nwt
I0125 13:18:33.222101 11644 processor.cc:662] No data in processing queue, waiting...
I0125 13:18:33.268983 12468 cuckoo_watch.h:44] 34641ms in ProcessBatch(Q:\topic_modeling\data\postnauka\bigARTM_files\pn_model1\aaaaab.batch) [including 5750ms in LoadMessage; 2281ms in InitializeSparseNdw; 23129ms in InferThetaAndUpdateNwtSparse; 3307ms in CalculateScore(perplexity_score); 15ms in CalculateScore(ss_theta_score); ]
I0125 13:18:33.284628  9388 master_component.cc:991] NormalizeModelArgs: pwt_target_name=pwt, nwt_source_name=nwt, rwt_source_name=
I0125 13:18:33.284628  9388 master_component.cc:617] MasterComponent: start normalizing model nwt
I0125 13:18:33.315857  9388 master_component.cc:639] MasterComponent: complete normalizing model nwt
I0125 13:18:33.565872 12468 processor.cc:662] No data in processing queue, waiting...
I0125 13:18:33.565872  9388 master_component.cc:1015] DisposeModel rwt
I0125 13:18:33.565872  9388 c_interface.cc:332] Pass FitOfflineMasterModelArgs, batch_filename_size=4, batch_weight_size=4, num_collection_passes=1 to void (__cdecl artm::core::MasterComponent::*)(class artm::FitOfflineMasterModelArgs const & __ptr64) __ptr64
I0125 13:18:33.565872  9388 master_component.cc:942] ProcessBatchesArgs: nwt_target_name=nwt, batch_filename_size=4, batch_size=0, batch_weight_size=4, pwt_source_name=pwt, num_document_passes=5, class=(@default_class:1), reuse_theta=no, opt_for_avx=yes, predict_class_id=
I0125 13:18:33.612772 13368 processor.cc:669] Processing queue has data, processing started
I0125 13:18:33.612772 11644 processor.cc:669] Processing queue has data, processing started
I0125 13:18:33.612772 12468 processor.cc:669] Processing queue has data, processing started
I0125 13:18:33.612772  5552 processor.cc:669] Processing queue has data, processing started
I0125 13:18:34.175274  5552 processor.cc:746] Processor: start processing batch c7409bab-46bb-42a3-9fb3-feaeb2330f73 into model nwt
I0125 13:18:34.988019 12468 processor.cc:746] Processor: start processing batch ae3644b4-95f2-463e-b7a4-9eeedade5e9d into model nwt
I0125 13:18:35.003644 11644 processor.cc:746] Processor: start processing batch e0286f04-8790-4317-a1ab-8d6162d31f1b into model nwt
I0125 13:18:35.003644 13368 processor.cc:746] Processor: start processing batch 26ebd86a-496b-4960-ab22-a50f3c1e007e into model nwt
I0125 13:18:45.290371  5552 processor.cc:842] Processor: complete processing batch c7409bab-46bb-42a3-9fb3-feaeb2330f73 into model nwt
I0125 13:18:45.428489  5552 cuckoo_watch.h:44] 11815ms in ProcessBatch(Q:\topic_modeling\data\postnauka\bigARTM_files\pn_model1\aaaaad.batch) [including 562ms in LoadMessage; 797ms in InitializeSparseNdw; 9174ms in InferThetaAndUpdateNwtSparse; 1109ms in CalculateScore(perplexity_score); 33ms in CalculateScore(ss_theta_score); ]
I0125 13:18:45.450502  5552 processor.cc:662] No data in processing queue, waiting...
I0125 13:19:05.202661 11644 processor.cc:842] Processor: complete processing batch e0286f04-8790-4317-a1ab-8d6162d31f1b into model nwt
I0125 13:19:05.265166 13368 processor.cc:842] Processor: complete processing batch 26ebd86a-496b-4960-ab22-a50f3c1e007e into model nwt
I0125 13:19:05.296416 12468 processor.cc:842] Processor: complete processing batch ae3644b4-95f2-463e-b7a4-9eeedade5e9d into model nwt
I0125 13:19:05.608930 13368 cuckoo_watch.h:44] 31996ms in ProcessBatch(Q:\topic_modeling\data\postnauka\bigARTM_files\pn_model1\aaaaaa.batch) [including 1390ms in LoadMessage; 2234ms in InitializeSparseNdw; 23428ms in InferThetaAndUpdateNwtSparse; 4551ms in CalculateScore(perplexity_score); 46ms in CalculateScore(ss_theta_score); ]
I0125 13:19:05.718312 12468 cuckoo_watch.h:44] 32027ms in ProcessBatch(Q:\topic_modeling\data\postnauka\bigARTM_files\pn_model1\aaaaac.batch) [including 1375ms in LoadMessage; 2250ms in InitializeSparseNdw; 23444ms in InferThetaAndUpdateNwtSparse; 4551ms in CalculateScore(perplexity_score); 62ms in CalculateScore(ss_theta_score); ]
I0125 13:19:05.765190 11644 cuckoo_watch.h:44] 32152ms in ProcessBatch(Q:\topic_modeling\data\postnauka\bigARTM_files\pn_model1\aaaaab.batch) [including 1375ms in LoadMessage; 2234ms in InitializeSparseNdw; 23397ms in InferThetaAndUpdateNwtSparse; 4535ms in CalculateScore(perplexity_score); 15ms in CalculateScore(ss_theta_score); ]
I0125 13:19:05.780849  9388 master_component.cc:991] NormalizeModelArgs: pwt_target_name=pwt, nwt_source_name=nwt, rwt_source_name=
I0125 13:19:05.780849  9388 master_component.cc:617] MasterComponent: start normalizing model nwt
I0125 13:19:05.812067  9388 master_component.cc:639] MasterComponent: complete normalizing model nwt
I0125 13:19:05.937072 13368 processor.cc:662] No data in processing queue, waiting...
I0125 13:19:06.031996 12468 processor.cc:662] No data in processing queue, waiting...
I0125 13:19:06.032995 11644 processor.cc:662] No data in processing queue, waiting...
I0125 13:19:06.088711  9388 master_component.cc:1015] DisposeModel rwt
I0125 13:19:09.927429  9388 c_interface.cc:180] ArtmCopyRequestedMessage is copying 1060 bytes...
I0125 13:19:10.845118  9388 c_interface.cc:180] ArtmCopyRequestedMessage is copying 740 bytes...
I0125 13:19:10.847092  9388 c_interface.cc:180] ArtmCopyRequestedMessage is copying 780 bytes...
I0125 13:19:14.459748  9388 c_interface.cc:180] ArtmCopyRequestedMessage is copying 2443651 bytes...
I0125 13:19:15.211220  9388 c_interface.cc:180] ArtmCopyRequestedMessage is copying 2443651 bytes...
I0125 13:19:15.820642  9388 c_interface.cc:180] ArtmCopyRequestedMessage is copying 2443651 bytes...
I0125 13:19:16.383155  9388 c_interface.cc:180] ArtmCopyRequestedMessage is copying 2443651 bytes...
I0125 13:19:17.393682  9388 c_interface.cc:180] ArtmCopyRequestedMessage is copying 1060 bytes...
I0125 13:19:17.393682  9388 c_interface.cc:180] ArtmCopyRequestedMessage is copying 740 bytes...
I0125 13:19:17.393682  9388 c_interface.cc:180] ArtmCopyRequestedMessage is copying 780 bytes...
I0125 13:19:17.393682  9388 c_interface.cc:180] ArtmCopyRequestedMessage is copying 2443651 bytes...
I0125 13:19:19.082033  9388 c_interface.cc:180] ArtmCopyRequestedMessage is copying 2443651 bytes...
I0125 13:19:19.703491  9388 c_interface.cc:180] ArtmCopyRequestedMessage is copying 2443651 bytes...
I0125 13:19:20.238679  9388 c_interface.cc:180] ArtmCopyRequestedMessage is copying 1060 bytes...
I0125 13:19:20.238679  9388 c_interface.cc:180] ArtmCopyRequestedMessage is copying 740 bytes...
I0125 13:19:20.238679  9388 c_interface.cc:180] ArtmCopyRequestedMessage is copying 780 bytes...
I0125 13:19:20.254307  9388 c_interface.cc:180] ArtmCopyRequestedMessage is copying 2443651 bytes...
I0125 13:19:20.801229  9388 c_interface.cc:180] ArtmCopyRequestedMessage is copying 2443651 bytes...
I0125 13:19:21.332600  9388 c_interface.cc:180] ArtmCopyRequestedMessage is copying 2443651 bytes...
I0125 13:19:21.895160  9388 c_interface.cc:180] ArtmCopyRequestedMessage is copying 496280 bytes...
I0125 13:19:22.984937  9388 instance.cc:358] MasterModelConfig.processors_count is automatically set to 4
I0125 13:19:22.984937  9388 c_interface.cc:221] Creating MasterModel (id=6)...
I0125 13:19:22.984937  9388 c_interface.cc:318] Pass pwt to void (__cdecl artm::core::MasterComponent::*)(class std::basic_string<char,struct std::char_traits<char>,class std::allocator<char> > const & __ptr64) __ptr64
I0125 13:19:22.984937  9388 c_interface.cc:318] Pass nwt to void (__cdecl artm::core::MasterComponent::*)(class std::basic_string<char,struct std::char_traits<char>,class std::allocator<char> > const & __ptr64) __ptr64
I0125 13:19:23.031785  9388 c_interface.cc:332] Pass InitializeModelArgs: model_name=pwt, dictionary_name=3106f858-bebf-4d31-9a0e-62c28e11609a, topic_name_size=100 to void (__cdecl artm::core::MasterComponent::*)(class artm::InitializeModelArgs const & __ptr64) __ptr64
I0125 13:19:23.031785  9388 master_component.cc:338] InitializeModel() with 100 topics and 17492 tokens
I0125 13:19:23.185865  9388 c_interface.cc:332] Pass InitializeModelArgs: model_name=nwt, dictionary_name=3106f858-bebf-4d31-9a0e-62c28e11609a, topic_name_size=100 to void (__cdecl artm::core::MasterComponent::*)(class artm::InitializeModelArgs const & __ptr64) __ptr64
I0125 13:19:23.185865  9388 master_component.cc:338] InitializeModel() with 100 topics and 17492 tokens
I0125 13:19:23.347970  9388 phi_matrix_operations.cc:82] RetrieveExternalTopicModel() with 100 topics, 17492 tokens
I0125 13:19:23.356976 12796 processor.cc:646] Processor thread started
I0125 13:19:23.356976  9404 processor.cc:646] Processor thread started
I0125 13:19:23.356976 13496 processor.cc:646] Processor thread started
I0125 13:19:23.372349   836 processor.cc:646] Processor thread started
I0125 13:19:23.434859  9388 c_interface.cc:180] ArtmCopyRequestedMessage is copying 816577 bytes...
I0125 13:19:23.456846  9404 processor.cc:662] No data in processing queue, waiting...
I0125 13:19:23.456846 12796 processor.cc:662] No data in processing queue, waiting...
I0125 13:19:23.456846 13496 processor.cc:662] No data in processing queue, waiting...
I0125 13:19:23.470854   836 processor.cc:662] No data in processing queue, waiting...
I0125 13:19:24.138375  9388 c_interface.cc:332] Pass MasterModelConfig: topic_name_size=100, class=(@default_class:1), score_config_size=0, num_processors=0, pwt_name=pwt, nwt_name=nwt, num_document_passes=5, reuse_theta=no, cache_theta=yes, opt_for_avx=yes, disk_cache_path to void (__cdecl artm::core::MasterComponent::*)(class artm::MasterModelConfig const & __ptr64) __ptr64
I0125 13:19:24.138375  9388 instance.cc:358] MasterModelConfig.processors_count is automatically set to 4
I0125 13:19:24.154012  9388 c_interface.cc:332] Pass MasterModelConfig: topic_name_size=100, class=(@default_class:1), score_config_size=1, num_processors=0, pwt_name=pwt, nwt_name=nwt, num_document_passes=5, reuse_theta=no, cache_theta=yes, opt_for_avx=yes, disk_cache_path to void (__cdecl artm::core::MasterComponent::*)(class artm::MasterModelConfig const & __ptr64) __ptr64
I0125 13:19:24.154012  9388 instance.cc:358] MasterModelConfig.processors_count is automatically set to 4
I0125 13:19:24.154012  9388 perplexity.cc:24] Perplexity score calculator created: model_type=0, dictionary_name=3106f858-bebf-4d31-9a0e-62c28e11609a
I0125 13:19:24.154012  9388 c_interface.cc:332] Pass MasterModelConfig: topic_name_size=100, class=(@default_class:1), score_config_size=2, num_processors=0, pwt_name=pwt, nwt_name=nwt, num_document_passes=5, reuse_theta=no, cache_theta=yes, opt_for_avx=yes, disk_cache_path to void (__cdecl artm::core::MasterComponent::*)(class artm::MasterModelConfig const & __ptr64) __ptr64
I0125 13:19:24.154012  9388 instance.cc:358] MasterModelConfig.processors_count is automatically set to 4
I0125 13:19:24.154012  9388 perplexity.cc:24] Perplexity score calculator created: model_type=0, dictionary_name=3106f858-bebf-4d31-9a0e-62c28e11609a
I0125 13:19:24.154012  9388 c_interface.cc:332] Pass MasterModelConfig: topic_name_size=100, class=(@default_class:1), score_config_size=3, num_processors=0, pwt_name=pwt, nwt_name=nwt, num_document_passes=5, reuse_theta=no, cache_theta=yes, opt_for_avx=yes, disk_cache_path to void (__cdecl artm::core::MasterComponent::*)(class artm::MasterModelConfig const & __ptr64) __ptr64
I0125 13:19:24.154012  9388 instance.cc:358] MasterModelConfig.processors_count is automatically set to 4
I0125 13:19:24.154012  9388 perplexity.cc:24] Perplexity score calculator created: model_type=0, dictionary_name=3106f858-bebf-4d31-9a0e-62c28e11609a
I0125 13:19:24.154012  9388 c_interface.cc:332] Pass MasterModelConfig: topic_name_size=100, class=(@default_class:1), score_config_size=4, num_processors=0, pwt_name=pwt, nwt_name=nwt, num_document_passes=5, reuse_theta=no, cache_theta=yes, opt_for_avx=yes, disk_cache_path to void (__cdecl artm::core::MasterComponent::*)(class artm::MasterModelConfig const & __ptr64) __ptr64
I0125 13:19:24.154012  9388 instance.cc:358] MasterModelConfig.processors_count is automatically set to 4
I0125 13:19:24.154012  9388 perplexity.cc:24] Perplexity score calculator created: model_type=0, dictionary_name=3106f858-bebf-4d31-9a0e-62c28e11609a
I0125 13:19:24.154012  9388 c_interface.cc:332] Pass MasterModelConfig: topic_name_size=100, class=(@default_class:1), score_config_size=5, num_processors=0, pwt_name=pwt, nwt_name=nwt, num_document_passes=5, reuse_theta=no, cache_theta=yes, opt_for_avx=yes, disk_cache_path to void (__cdecl artm::core::MasterComponent::*)(class artm::MasterModelConfig const & __ptr64) __ptr64
I0125 13:19:24.154012  9388 instance.cc:358] MasterModelConfig.processors_count is automatically set to 4
I0125 13:19:24.154012  9388 perplexity.cc:24] Perplexity score calculator created: model_type=0, dictionary_name=3106f858-bebf-4d31-9a0e-62c28e11609a
I0125 13:19:24.169637 11644 processor.cc:654] Processor thread stopped
I0125 13:19:24.169637 11644 processor.cc:655] Total number of processed batches: 20
I0125 13:19:24.185261 12468 processor.cc:654] Processor thread stopped
I0125 13:19:24.185261 12468 processor.cc:655] Total number of processed batches: 20
I0125 13:19:24.200886  5552 processor.cc:654] Processor thread stopped
I0125 13:19:24.200886  5552 processor.cc:655] Total number of processed batches: 20
I0125 13:19:24.216512 13368 processor.cc:654] Processor thread stopped
I0125 13:19:24.216512 13368 processor.cc:655] Total number of processed batches: 20
I0125 13:19:24.232132  9388 c_interface.cc:283] Disposing MasterComponent (id=5)...
I0125 13:19:24.294628  9388 c_interface.cc:332] Pass FitOfflineMasterModelArgs, batch_filename_size=4, batch_weight_size=4, num_collection_passes=1 to void (__cdecl artm::core::MasterComponent::*)(class artm::FitOfflineMasterModelArgs const & __ptr64) __ptr64
I0125 13:19:24.294628  9388 master_component.cc:942] ProcessBatchesArgs: nwt_target_name=nwt, batch_filename_size=4, batch_size=0, batch_weight_size=4, pwt_source_name=pwt, num_document_passes=5, class=(@default_class:1), reuse_theta=no, opt_for_avx=yes, predict_class_id=
I0125 13:19:24.325916   836 processor.cc:669] Processing queue has data, processing started
I0125 13:19:24.325916 12796 processor.cc:669] Processing queue has data, processing started
I0125 13:19:24.325916  9404 processor.cc:669] Processing queue has data, processing started
I0125 13:19:24.325916 13496 processor.cc:669] Processing queue has data, processing started
I0125 13:19:26.695621 12796 processor.cc:746] Processor: start processing batch e0286f04-8790-4317-a1ab-8d6162d31f1b into model nwt
I0125 13:19:26.986310  9404 processor.cc:746] Processor: start processing batch c7409bab-46bb-42a3-9fb3-feaeb2330f73 into model nwt
I0125 13:19:27.377985 13496 processor.cc:746] Processor: start processing batch ae3644b4-95f2-463e-b7a4-9eeedade5e9d into model nwt
I0125 13:19:27.768628   836 processor.cc:746] Processor: start processing batch 26ebd86a-496b-4960-ab22-a50f3c1e007e into model nwt
I0125 13:19:49.998714  9404 processor.cc:842] Processor: complete processing batch c7409bab-46bb-42a3-9fb3-feaeb2330f73 into model nwt
I0125 13:19:50.146868  9404 cuckoo_watch.h:44] 25820ms in ProcessBatch(Q:\topic_modeling\data\postnauka\bigARTM_files\pn_model1\aaaaad.batch) [including 2660ms in LoadMessage; 954ms in InitializeSparseNdw; 19458ms in InferThetaAndUpdateNwtSparse; 2568ms in CalculateScore(perplexity_score); 31ms in CalculateScore(ss_theta_score); ]
I0125 13:19:50.444675  9404 processor.cc:662] No data in processing queue, waiting...
I0125 13:20:16.042379 12796 processor.cc:842] Processor: complete processing batch e0286f04-8790-4317-a1ab-8d6162d31f1b into model nwt
I0125 13:20:16.343197 12796 cuckoo_watch.h:44] 52017ms in ProcessBatch(Q:\topic_modeling\data\postnauka\bigARTM_files\pn_model1\aaaaab.batch) [including 2369ms in LoadMessage; 2167ms in InitializeSparseNdw; 45038ms in InferThetaAndUpdateNwtSparse; 2125ms in CalculateScore(perplexity_score); 15ms in CalculateScore(ss_theta_score); ]
I0125 13:20:16.640091 12796 processor.cc:662] No data in processing queue, waiting...
I0125 13:20:18.721248 13496 processor.cc:842] Processor: complete processing batch ae3644b4-95f2-463e-b7a4-9eeedade5e9d into model nwt
I0125 13:20:18.971256 13496 cuckoo_watch.h:44] 54645ms in ProcessBatch(Q:\topic_modeling\data\postnauka\bigARTM_files\pn_model1\aaaaac.batch) [including 3052ms in LoadMessage; 2219ms in InitializeSparseNdw; 45538ms in InferThetaAndUpdateNwtSparse; 3553ms in CalculateScore(perplexity_score); 31ms in CalculateScore(ss_theta_score); ]
I0125 13:20:19.174396   836 processor.cc:842] Processor: complete processing batch 26ebd86a-496b-4960-ab22-a50f3c1e007e into model nwt
I0125 13:20:19.268146 13496 processor.cc:662] No data in processing queue, waiting...
I0125 13:20:19.361899   836 cuckoo_watch.h:44] 55035ms in ProcessBatch(Q:\topic_modeling\data\postnauka\bigARTM_files\pn_model1\aaaaaa.batch) [including 3442ms in LoadMessage; 2281ms in InitializeSparseNdw; 45788ms in InferThetaAndUpdateNwtSparse; 3319ms in CalculateScore(perplexity_score); 15ms in CalculateScore(ss_theta_score); ]
I0125 13:20:19.377534  9388 master_component.cc:991] NormalizeModelArgs: pwt_target_name=pwt, nwt_source_name=nwt, rwt_source_name=
I0125 13:20:19.377534  9388 master_component.cc:617] MasterComponent: start normalizing model nwt
I0125 13:20:19.424404  9388 master_component.cc:639] MasterComponent: complete normalizing model nwt
I0125 13:20:19.658792   836 processor.cc:662] No data in processing queue, waiting...
I0125 13:20:19.955684  9388 master_component.cc:1015] DisposeModel rwt
I0125 13:20:19.955684  9388 c_interface.cc:332] Pass FitOfflineMasterModelArgs, batch_filename_size=4, batch_weight_size=4, num_collection_passes=1 to void (__cdecl artm::core::MasterComponent::*)(class artm::FitOfflineMasterModelArgs const & __ptr64) __ptr64
I0125 13:20:19.955684  9388 master_component.cc:942] ProcessBatchesArgs: nwt_target_name=nwt, batch_filename_size=4, batch_size=0, batch_weight_size=4, pwt_source_name=pwt, num_document_passes=5, class=(@default_class:1), reuse_theta=no, opt_for_avx=yes, predict_class_id=
I0125 13:20:20.002583 12796 processor.cc:669] Processing queue has data, processing started
I0125 13:20:20.002583   836 processor.cc:669] Processing queue has data, processing started
I0125 13:20:20.002583  9404 processor.cc:669] Processing queue has data, processing started
I0125 13:20:20.002583 13496 processor.cc:669] Processing queue has data, processing started
I0125 13:20:31.851385 12796 processor.cc:746] Processor: start processing batch 26ebd86a-496b-4960-ab22-a50f3c1e007e into model nwt
I0125 13:20:33.270920   836 processor.cc:746] Processor: start processing batch c7409bab-46bb-42a3-9fb3-feaeb2330f73 into model nwt
I0125 13:20:34.734043  9404 processor.cc:746] Processor: start processing batch ae3644b4-95f2-463e-b7a4-9eeedade5e9d into model nwt
I0125 13:20:38.938900 13496 processor.cc:746] Processor: start processing batch e0286f04-8790-4317-a1ab-8d6162d31f1b into model nwt
I0125 13:20:51.239382   836 processor.cc:842] Processor: complete processing batch c7409bab-46bb-42a3-9fb3-feaeb2330f73 into model nwt
I0125 13:20:51.395637   836 cuckoo_watch.h:44] 31393ms in ProcessBatch(Q:\topic_modeling\data\postnauka\bigARTM_files\pn_model1\aaaaad.batch) [including 13268ms in LoadMessage; 728ms in InitializeSparseNdw; 16090ms in InferThetaAndUpdateNwtSparse; 1102ms in CalculateScore(perplexity_score); 46ms in CalculateScore(ss_theta_score); ]
I0125 13:20:51.692525   836 processor.cc:662] No data in processing queue, waiting...
I0125 13:21:11.037912 12796 processor.cc:842] Processor: complete processing batch 26ebd86a-496b-4960-ab22-a50f3c1e007e into model nwt
I0125 13:21:11.209791 12796 cuckoo_watch.h:44] 51207ms in ProcessBatch(Q:\topic_modeling\data\postnauka\bigARTM_files\pn_model1\aaaaaa.batch) [including 11848ms in LoadMessage; 1153ms in InitializeSparseNdw; 35812ms in InferThetaAndUpdateNwtSparse; 2189ms in CalculateScore(perplexity_score); 31ms in CalculateScore(ss_theta_score); ]
I0125 13:21:11.506688 12796 processor.cc:662] No data in processing queue, waiting...
I0125 13:21:15.942208  9404 processor.cc:842] Processor: complete processing batch ae3644b4-95f2-463e-b7a4-9eeedade5e9d into model nwt
I0125 13:21:16.067212  9404 cuckoo_watch.h:44] 56064ms in ProcessBatch(Q:\topic_modeling\data\postnauka\bigARTM_files\pn_model1\aaaaac.batch) [including 14731ms in LoadMessage; 2017ms in InitializeSparseNdw; 37377ms in InferThetaAndUpdateNwtSparse; 1798ms in CalculateScore(perplexity_score); 15ms in CalculateScore(ss_theta_score); ]
I0125 13:21:16.364105  9404 processor.cc:662] No data in processing queue, waiting...
I0125 13:21:18.989358 13496 processor.cc:842] Processor: complete processing batch e0286f04-8790-4317-a1ab-8d6162d31f1b into model nwt
I0125 13:21:19.114363 13496 cuckoo_watch.h:44] 59111ms in ProcessBatch(Q:\topic_modeling\data\postnauka\bigARTM_files\pn_model1\aaaaab.batch) [including 18936ms in LoadMessage; 2582ms in InitializeSparseNdw; 36077ms in InferThetaAndUpdateNwtSparse; 1375ms in CalculateScore(perplexity_score); 15ms in CalculateScore(ss_theta_score); ]
I0125 13:21:19.129994  9388 master_component.cc:991] NormalizeModelArgs: pwt_target_name=pwt, nwt_source_name=nwt, rwt_source_name=
I0125 13:21:19.129994  9388 master_component.cc:617] MasterComponent: start normalizing model nwt
I0125 13:21:19.176864  9388 master_component.cc:639] MasterComponent: complete normalizing model nwt
I0125 13:21:19.411253 13496 processor.cc:662] No data in processing queue, waiting...
I0125 13:21:19.723768  9388 master_component.cc:1015] DisposeModel rwt
I0125 13:21:19.723768  9388 c_interface.cc:332] Pass FitOfflineMasterModelArgs, batch_filename_size=4, batch_weight_size=4, num_collection_passes=1 to void (__cdecl artm::core::MasterComponent::*)(class artm::FitOfflineMasterModelArgs const & __ptr64) __ptr64
I0125 13:21:19.723768  9388 master_component.cc:942] ProcessBatchesArgs: nwt_target_name=nwt, batch_filename_size=4, batch_size=0, batch_weight_size=4, pwt_source_name=pwt, num_document_passes=5, class=(@default_class:1), reuse_theta=no, opt_for_avx=yes, predict_class_id=
I0125 13:21:19.770651 12796 processor.cc:669] Processing queue has data, processing started
I0125 13:21:19.770651   836 processor.cc:669] Processing queue has data, processing started
I0125 13:21:19.770651  9404 processor.cc:669] Processing queue has data, processing started
I0125 13:21:19.770651 13496 processor.cc:669] Processing queue has data, processing started
I0125 13:21:20.364421 13496 processor.cc:746] Processor: start processing batch c7409bab-46bb-42a3-9fb3-feaeb2330f73 into model nwt
I0125 13:21:21.223839 12796 processor.cc:746] Processor: start processing batch 26ebd86a-496b-4960-ab22-a50f3c1e007e into model nwt
I0125 13:21:21.223839  9404 processor.cc:746] Processor: start processing batch ae3644b4-95f2-463e-b7a4-9eeedade5e9d into model nwt
I0125 13:21:21.239464   836 processor.cc:746] Processor: start processing batch e0286f04-8790-4317-a1ab-8d6162d31f1b into model nwt
I0125 13:21:39.517400 13496 processor.cc:842] Processor: complete processing batch c7409bab-46bb-42a3-9fb3-feaeb2330f73 into model nwt
I0125 13:21:39.785014 13496 cuckoo_watch.h:44] 20014ms in ProcessBatch(Q:\topic_modeling\data\postnauka\bigARTM_files\pn_model1\aaaaad.batch) [including 593ms in LoadMessage; 781ms in InitializeSparseNdw; 16465ms in InferThetaAndUpdateNwtSparse; 1828ms in CalculateScore(perplexity_score); 78ms in CalculateScore(ss_theta_score); ]
I0125 13:21:40.081903 13496 processor.cc:662] No data in processing queue, waiting...
I0125 13:22:06.766866 12796 processor.cc:842] Processor: complete processing batch 26ebd86a-496b-4960-ab22-a50f3c1e007e into model nwt
I0125 13:22:06.891873   836 processor.cc:842] Processor: complete processing batch e0286f04-8790-4317-a1ab-8d6162d31f1b into model nwt
I0125 13:22:07.126792 12796 cuckoo_watch.h:44] 47356ms in ProcessBatch(Q:\topic_modeling\data\postnauka\bigARTM_files\pn_model1\aaaaaa.batch) [including 1453ms in LoadMessage; 2265ms in InitializeSparseNdw; 40694ms in InferThetaAndUpdateNwtSparse; 2567ms in CalculateScore(perplexity_score); 15ms in CalculateScore(ss_theta_score); ]
I0125 13:22:07.204921  9404 processor.cc:842] Processor: complete processing batch ae3644b4-95f2-463e-b7a4-9eeedade5e9d into model nwt
I0125 13:22:07.267426   836 cuckoo_watch.h:44] 47496ms in ProcessBatch(Q:\topic_modeling\data\postnauka\bigARTM_files\pn_model1\aaaaab.batch) [including 1453ms in LoadMessage; 2250ms in InitializeSparseNdw; 41213ms in InferThetaAndUpdateNwtSparse; 2095ms in CalculateScore(perplexity_score); 93ms in CalculateScore(ss_theta_score); ]
I0125 13:22:07.439307 12796 processor.cc:662] No data in processing queue, waiting...
I0125 13:22:07.564313   836 processor.cc:662] No data in processing queue, waiting...
I0125 13:22:07.626816  9404 cuckoo_watch.h:44] 47856ms in ProcessBatch(Q:\topic_modeling\data\postnauka\bigARTM_files\pn_model1\aaaaac.batch) [including 1453ms in LoadMessage; 2218ms in InitializeSparseNdw; 41422ms in InferThetaAndUpdateNwtSparse; 2276ms in CalculateScore(perplexity_score); 46ms in CalculateScore(ss_theta_score); ]
I0125 13:22:07.642442  9388 master_component.cc:991] NormalizeModelArgs: pwt_target_name=pwt, nwt_source_name=nwt, rwt_source_name=
I0125 13:22:07.642442  9388 master_component.cc:617] MasterComponent: start normalizing model nwt
I0125 13:22:07.704947  9388 master_component.cc:639] MasterComponent: complete normalizing model nwt
I0125 13:22:07.923707  9404 processor.cc:662] No data in processing queue, waiting...
I0125 13:22:08.921895  9388 master_component.cc:1015] DisposeModel rwt
I0125 13:22:08.921895  9388 c_interface.cc:332] Pass FitOfflineMasterModelArgs, batch_filename_size=4, batch_weight_size=4, num_collection_passes=1 to void (__cdecl artm::core::MasterComponent::*)(class artm::FitOfflineMasterModelArgs const & __ptr64) __ptr64
I0125 13:22:08.921895  9388 master_component.cc:942] ProcessBatchesArgs: nwt_target_name=nwt, batch_filename_size=4, batch_size=0, batch_weight_size=4, pwt_source_name=pwt, num_document_passes=5, class=(@default_class:1), reuse_theta=no, opt_for_avx=yes, predict_class_id=
I0125 13:22:09.031265 13496 processor.cc:669] Processing queue has data, processing started
I0125 13:22:09.031265  9404 processor.cc:669] Processing queue has data, processing started
I0125 13:22:09.031265   836 processor.cc:669] Processing queue has data, processing started
I0125 13:22:09.031265 12796 processor.cc:669] Processing queue has data, processing started
I0125 13:22:12.737972   836 processor.cc:746] Processor: start processing batch e0286f04-8790-4317-a1ab-8d6162d31f1b into model nwt
I0125 13:22:13.050487 12796 processor.cc:746] Processor: start processing batch ae3644b4-95f2-463e-b7a4-9eeedade5e9d into model nwt
I0125 13:22:13.566136  9404 processor.cc:746] Processor: start processing batch c7409bab-46bb-42a3-9fb3-feaeb2330f73 into model nwt
I0125 13:22:14.175542 13496 processor.cc:746] Processor: start processing batch 26ebd86a-496b-4960-ab22-a50f3c1e007e into model nwt
I0125 13:22:33.447993  9404 processor.cc:842] Processor: complete processing batch c7409bab-46bb-42a3-9fb3-feaeb2330f73 into model nwt
I0125 13:22:33.698002  9404 cuckoo_watch.h:44] 24666ms in ProcessBatch(Q:\topic_modeling\data\postnauka\bigARTM_files\pn_model1\aaaaad.batch) [including 4534ms in LoadMessage; 984ms in InitializeSparseNdw; 16851ms in InferThetaAndUpdateNwtSparse; 1967ms in CalculateScore(perplexity_score); 78ms in CalculateScore(ss_theta_score); ]
I0125 13:22:33.994891  9404 processor.cc:662] No data in processing queue, waiting...
I0125 13:22:55.622087   836 processor.cc:842] Processor: complete processing batch e0286f04-8790-4317-a1ab-8d6162d31f1b into model nwt
I0125 13:22:55.887725   836 cuckoo_watch.h:44] 46856ms in ProcessBatch(Q:\topic_modeling\data\postnauka\bigARTM_files\pn_model1\aaaaab.batch) [including 3706ms in LoadMessage; 1937ms in InitializeSparseNdw; 38477ms in InferThetaAndUpdateNwtSparse; 2453ms in CalculateScore(perplexity_score); 15ms in CalculateScore(ss_theta_score); ]
I0125 13:22:56.184617   836 processor.cc:662] No data in processing queue, waiting...
I0125 13:22:56.606511 12796 processor.cc:842] Processor: complete processing batch ae3644b4-95f2-463e-b7a4-9eeedade5e9d into model nwt
I0125 13:22:56.903398 12796 cuckoo_watch.h:44] 47872ms in ProcessBatch(Q:\topic_modeling\data\postnauka\bigARTM_files\pn_model1\aaaaac.batch) [including 4019ms in LoadMessage; 2109ms in InitializeSparseNdw; 39415ms in InferThetaAndUpdateNwtSparse; 2000ms in CalculateScore(perplexity_score); 31ms in CalculateScore(ss_theta_score); ]
I0125 13:22:57.200286 12796 processor.cc:662] No data in processing queue, waiting...
I0125 13:22:57.684690 13496 processor.cc:842] Processor: complete processing batch 26ebd86a-496b-4960-ab22-a50f3c1e007e into model nwt
I0125 13:22:57.825317 13496 cuckoo_watch.h:44] 48794ms in ProcessBatch(Q:\topic_modeling\data\postnauka\bigARTM_files\pn_model1\aaaaaa.batch) [including 5144ms in LoadMessage; 2328ms in InitializeSparseNdw; 39571ms in InferThetaAndUpdateNwtSparse; 1593ms in CalculateScore(perplexity_score); 15ms in CalculateScore(ss_theta_score); ]
