I0125 15:08:52.548640 13324 processor.cc:842] Processor: complete processing batch 8265d2ed-443a-4f1b-b812-7d63f85851d5 into model nwt
I0125 15:08:52.550642 13324 cuckoo_watch.h:44] 877ms in ProcessBatch(Q:\topic_modeling\data\postnauka\bigARTM_files\pn_model3\aaaaac.batch) [including 45ms in LoadMessage; 120ms in InitializeSparseNdw; 563ms in InferThetaAndUpdateNwtSparse; 142ms in CalculateScore(perplexity_score); 3ms in CalculateScore(ss_theta_score); ]
I0125 15:08:52.554143  5032 processor.cc:842] Processor: complete processing batch 8e5acb98-4847-40ea-8379-6084fa640591 into model nwt
I0125 15:08:52.556145  5032 cuckoo_watch.h:44] 883ms in ProcessBatch(Q:\topic_modeling\data\postnauka\bigARTM_files\pn_model3\aaaaab.batch) [including 43ms in LoadMessage; 115ms in InitializeSparseNdw; 575ms in InferThetaAndUpdateNwtSparse; 143ms in CalculateScore(perplexity_score); 2ms in CalculateScore(ss_theta_score); ]
I0125 15:08:52.563150   620 master_component.cc:980] RegularizeModelArgs: rwt_target_name=rwt, pwt_source_name=pwt, nwt_source_name=nwt
I0125 15:08:52.563150   620 master_component.cc:590] MasterComponent: start regularizing model pwt
I0125 15:08:52.566653   620 master_component.cc:613] MasterComponent: complete regularizing model pwt
I0125 15:08:52.566653   620 master_component.cc:991] NormalizeModelArgs: pwt_target_name=pwt, nwt_source_name=nwt, rwt_source_name=rwt
I0125 15:08:52.566653   620 master_component.cc:617] MasterComponent: start normalizing model nwt
I0125 15:08:52.566653   620 master_component.cc:639] MasterComponent: complete normalizing model nwt
I0125 15:08:52.582281   620 master_component.cc:1015] DisposeModel rwt
I0125 15:08:52.582281   620 c_interface.cc:332] Pass FitOfflineMasterModelArgs, batch_filename_size=4, batch_weight_size=4, num_collection_passes=1 to void (__cdecl artm::core::MasterComponent::*)(class artm::FitOfflineMasterModelArgs const & __ptr64) __ptr64
I0125 15:08:52.582281   620 master_component.cc:942] ProcessBatchesArgs: nwt_target_name=nwt, batch_filename_size=4, batch_size=0, batch_weight_size=4, pwt_source_name=pwt, num_document_passes=5, regularizer=(name:decorrelator_phi_regularizer, tau:300), regularizer=(name:ss_theta_regularizer, tau:-5), regularizer=(name:ss_phi_regularizer, tau:-20), class=(@default_class:1), reuse_theta=no, opt_for_avx=yes, predict_class_id=
I0125 15:08:52.597906 12296 processor.cc:669] Processing queue has data, processing started
I0125 15:08:52.597906  6428 processor.cc:669] Processing queue has data, processing started
I0125 15:08:52.613533  5032 processor.cc:746] Processor: start processing batch acd8a394-4d05-46ac-afc0-bcfc3933f576 into model nwt
I0125 15:08:52.629158  6428 processor.cc:746] Processor: start processing batch 8e5acb98-4847-40ea-8379-6084fa640591 into model nwt
I0125 15:08:52.629158 12296 processor.cc:746] Processor: start processing batch 8265d2ed-443a-4f1b-b812-7d63f85851d5 into model nwt
I0125 15:08:52.629158 13324 processor.cc:746] Processor: start processing batch 425e5ba6-af4a-411d-9cad-cf37f451bcc4 into model nwt
I0125 15:08:52.951964  5032 processor.cc:842] Processor: complete processing batch acd8a394-4d05-46ac-afc0-bcfc3933f576 into model nwt
I0125 15:08:52.952965  5032 cuckoo_watch.h:44] 355ms in ProcessBatch(Q:\topic_modeling\data\postnauka\bigARTM_files\pn_model3\aaaaad.batch) [including 15ms in LoadMessage; 51ms in InitializeSparseNdw; 217ms in InferThetaAndUpdateNwtSparse; 66ms in CalculateScore(perplexity_score); 3ms in CalculateScore(ss_theta_score); ]
I0125 15:08:53.052541  5032 processor.cc:662] No data in processing queue, waiting...
I0125 15:08:53.443290  6428 processor.cc:842] Processor: complete processing batch 8e5acb98-4847-40ea-8379-6084fa640591 into model nwt
I0125 15:08:53.445792  6428 cuckoo_watch.h:44] 847ms in ProcessBatch(Q:\topic_modeling\data\postnauka\bigARTM_files\pn_model3\aaaaab.batch) [including 31ms in LoadMessage; 111ms in InitializeSparseNdw; 585ms in InferThetaAndUpdateNwtSparse; 114ms in CalculateScore(perplexity_score); 2ms in CalculateScore(ss_theta_score); ]
I0125 15:08:53.458300 12296 processor.cc:842] Processor: complete processing batch 8265d2ed-443a-4f1b-b812-7d63f85851d5 into model nwt
I0125 15:08:53.460803 12296 cuckoo_watch.h:44] 862ms in ProcessBatch(Q:\topic_modeling\data\postnauka\bigARTM_files\pn_model3\aaaaac.batch) [including 31ms in LoadMessage; 111ms in InitializeSparseNdw; 574ms in InferThetaAndUpdateNwtSparse; 140ms in CalculateScore(perplexity_score); 2ms in CalculateScore(ss_theta_score); ]
I0125 15:08:53.461302 13324 processor.cc:842] Processor: complete processing batch 425e5ba6-af4a-411d-9cad-cf37f451bcc4 into model nwt
I0125 15:08:53.463304 13324 cuckoo_watch.h:44] 865ms in ProcessBatch(Q:\topic_modeling\data\postnauka\bigARTM_files\pn_model3\aaaaaa.batch) [including 31ms in LoadMessage; 111ms in InitializeSparseNdw; 572ms in InferThetaAndUpdateNwtSparse; 145ms in CalculateScore(perplexity_score); 2ms in CalculateScore(ss_theta_score); ]
I0125 15:08:53.463804   620 master_component.cc:980] RegularizeModelArgs: rwt_target_name=rwt, pwt_source_name=pwt, nwt_source_name=nwt
I0125 15:08:53.463804   620 master_component.cc:590] MasterComponent: start regularizing model pwt
I0125 15:08:53.470309   620 master_component.cc:613] MasterComponent: complete regularizing model pwt
I0125 15:08:53.470309   620 master_component.cc:991] NormalizeModelArgs: pwt_target_name=pwt, nwt_source_name=nwt, rwt_source_name=rwt
I0125 15:08:53.470309   620 master_component.cc:617] MasterComponent: start normalizing model nwt
I0125 15:08:53.473811   620 master_component.cc:639] MasterComponent: complete normalizing model nwt
I0125 15:08:53.483316   620 master_component.cc:1015] DisposeModel rwt
I0125 15:08:53.483817   620 c_interface.cc:332] Pass FitOfflineMasterModelArgs, batch_filename_size=4, batch_weight_size=4, num_collection_passes=1 to void (__cdecl artm::core::MasterComponent::*)(class artm::FitOfflineMasterModelArgs const & __ptr64) __ptr64
I0125 15:08:53.484318   620 master_component.cc:942] ProcessBatchesArgs: nwt_target_name=nwt, batch_filename_size=4, batch_size=0, batch_weight_size=4, pwt_source_name=pwt, num_document_passes=5, regularizer=(name:decorrelator_phi_regularizer, tau:300), regularizer=(name:ss_theta_regularizer, tau:-5), regularizer=(name:ss_phi_regularizer, tau:-20), class=(@default_class:1), reuse_theta=no, opt_for_avx=yes, predict_class_id=
I0125 15:08:53.494825  5032 processor.cc:669] Processing queue has data, processing started
I0125 15:08:53.513839 13324 processor.cc:746] Processor: start processing batch acd8a394-4d05-46ac-afc0-bcfc3933f576 into model nwt
I0125 15:08:53.539355  5032 processor.cc:746] Processor: start processing batch 8e5acb98-4847-40ea-8379-6084fa640591 into model nwt
I0125 15:08:53.539355  6428 processor.cc:746] Processor: start processing batch 425e5ba6-af4a-411d-9cad-cf37f451bcc4 into model nwt
I0125 15:08:53.540855 12296 processor.cc:746] Processor: start processing batch 8265d2ed-443a-4f1b-b812-7d63f85851d5 into model nwt
I0125 15:08:53.852561 13324 processor.cc:842] Processor: complete processing batch acd8a394-4d05-46ac-afc0-bcfc3933f576 into model nwt
I0125 15:08:53.853562 13324 cuckoo_watch.h:44] 358ms in ProcessBatch(Q:\topic_modeling\data\postnauka\bigARTM_files\pn_model3\aaaaad.batch) [including 18ms in LoadMessage; 43ms in InitializeSparseNdw; 225ms in InferThetaAndUpdateNwtSparse; 67ms in CalculateScore(perplexity_score); 3ms in CalculateScore(ss_theta_score); ]
I0125 15:08:53.950129 13324 processor.cc:662] No data in processing queue, waiting...
I0125 15:08:54.335882  6428 processor.cc:842] Processor: complete processing batch 425e5ba6-af4a-411d-9cad-cf37f451bcc4 into model nwt
I0125 15:08:54.338384  6428 cuckoo_watch.h:44] 843ms in ProcessBatch(Q:\topic_modeling\data\postnauka\bigARTM_files\pn_model3\aaaaaa.batch) [including 44ms in LoadMessage; 116ms in InitializeSparseNdw; 542ms in InferThetaAndUpdateNwtSparse; 135ms in CalculateScore(perplexity_score); 2ms in CalculateScore(ss_theta_score); ]
I0125 15:08:54.354394  5032 processor.cc:842] Processor: complete processing batch 8e5acb98-4847-40ea-8379-6084fa640591 into model nwt
I0125 15:08:54.356896  5032 cuckoo_watch.h:44] 862ms in ProcessBatch(Q:\topic_modeling\data\postnauka\bigARTM_files\pn_model3\aaaaab.batch) [including 44ms in LoadMessage; 121ms in InitializeSparseNdw; 558ms in InferThetaAndUpdateNwtSparse; 131ms in CalculateScore(perplexity_score); 2ms in CalculateScore(ss_theta_score); ]
I0125 15:08:54.360899 12296 processor.cc:842] Processor: complete processing batch 8265d2ed-443a-4f1b-b812-7d63f85851d5 into model nwt
I0125 15:08:54.367403 12296 cuckoo_watch.h:44] 872ms in ProcessBatch(Q:\topic_modeling\data\postnauka\bigARTM_files\pn_model3\aaaaac.batch) [including 46ms in LoadMessage; 109ms in InitializeSparseNdw; 566ms in InferThetaAndUpdateNwtSparse; 141ms in CalculateScore(perplexity_score); 2ms in CalculateScore(ss_theta_score); ]
I0125 15:08:54.374910   620 master_component.cc:980] RegularizeModelArgs: rwt_target_name=rwt, pwt_source_name=pwt, nwt_source_name=nwt
I0125 15:08:54.374910   620 master_component.cc:590] MasterComponent: start regularizing model pwt
I0125 15:08:54.381916   620 master_component.cc:613] MasterComponent: complete regularizing model pwt
I0125 15:08:54.381916   620 master_component.cc:991] NormalizeModelArgs: pwt_target_name=pwt, nwt_source_name=nwt, rwt_source_name=rwt
I0125 15:08:54.381916   620 master_component.cc:617] MasterComponent: start normalizing model nwt
I0125 15:08:54.387920   620 master_component.cc:639] MasterComponent: complete normalizing model nwt
I0125 15:08:54.392922  6428 processor.cc:662] No data in processing queue, waiting...
I0125 15:08:54.393923  5032 processor.cc:662] No data in processing queue, waiting...
I0125 15:08:54.394923 12296 processor.cc:662] No data in processing queue, waiting...
I0125 15:08:54.396925   620 master_component.cc:1015] DisposeModel rwt
I0125 15:08:54.397927   620 c_interface.cc:332] Pass FitOfflineMasterModelArgs, batch_filename_size=4, batch_weight_size=4, num_collection_passes=1 to void (__cdecl artm::core::MasterComponent::*)(class artm::FitOfflineMasterModelArgs const & __ptr64) __ptr64
I0125 15:08:54.397927   620 master_component.cc:942] ProcessBatchesArgs: nwt_target_name=nwt, batch_filename_size=4, batch_size=0, batch_weight_size=4, pwt_source_name=pwt, num_document_passes=5, regularizer=(name:decorrelator_phi_regularizer, tau:300), regularizer=(name:ss_theta_regularizer, tau:-5), regularizer=(name:ss_phi_regularizer, tau:-20), class=(@default_class:1), reuse_theta=no, opt_for_avx=yes, predict_class_id=
I0125 15:08:54.401928  6428 processor.cc:669] Processing queue has data, processing started
I0125 15:08:54.401928 13324 processor.cc:669] Processing queue has data, processing started
I0125 15:08:54.402930  5032 processor.cc:669] Processing queue has data, processing started
I0125 15:08:54.402930 12296 processor.cc:669] Processing queue has data, processing started
I0125 15:08:54.423944  5032 processor.cc:746] Processor: start processing batch acd8a394-4d05-46ac-afc0-bcfc3933f576 into model nwt
I0125 15:08:54.446633 13324 processor.cc:746] Processor: start processing batch 425e5ba6-af4a-411d-9cad-cf37f451bcc4 into model nwt
I0125 15:08:54.446633  6428 processor.cc:746] Processor: start processing batch 8e5acb98-4847-40ea-8379-6084fa640591 into model nwt
I0125 15:08:54.446633 12296 processor.cc:746] Processor: start processing batch 8265d2ed-443a-4f1b-b812-7d63f85851d5 into model nwt
I0125 15:08:54.771996  5032 processor.cc:842] Processor: complete processing batch acd8a394-4d05-46ac-afc0-bcfc3933f576 into model nwt
I0125 15:08:54.773497  5032 cuckoo_watch.h:44] 370ms in ProcessBatch(Q:\topic_modeling\data\postnauka\bigARTM_files\pn_model3\aaaaad.batch) [including 21ms in LoadMessage; 38ms in InitializeSparseNdw; 238ms in InferThetaAndUpdateNwtSparse; 68ms in CalculateScore(perplexity_score); 2ms in CalculateScore(ss_theta_score); ]
I0125 15:08:54.826532  5032 processor.cc:662] No data in processing queue, waiting...
I0125 15:08:55.255817 12296 processor.cc:842] Processor: complete processing batch 8265d2ed-443a-4f1b-b812-7d63f85851d5 into model nwt
I0125 15:08:55.257818 12296 cuckoo_watch.h:44] 854ms in ProcessBatch(Q:\topic_modeling\data\postnauka\bigARTM_files\pn_model3\aaaaac.batch) [including 43ms in LoadMessage; 115ms in InitializeSparseNdw; 577ms in InferThetaAndUpdateNwtSparse; 111ms in CalculateScore(perplexity_score); 4ms in CalculateScore(ss_theta_score); ]
I0125 15:08:55.268326 13324 processor.cc:842] Processor: complete processing batch 425e5ba6-af4a-411d-9cad-cf37f451bcc4 into model nwt
I0125 15:08:55.270828  6428 processor.cc:842] Processor: complete processing batch 8e5acb98-4847-40ea-8379-6084fa640591 into model nwt
I0125 15:08:55.270828 13324 cuckoo_watch.h:44] 868ms in ProcessBatch(Q:\topic_modeling\data\postnauka\bigARTM_files\pn_model3\aaaaaa.batch) [including 44ms in LoadMessage; 99ms in InitializeSparseNdw; 564ms in InferThetaAndUpdateNwtSparse; 151ms in CalculateScore(perplexity_score); 5ms in CalculateScore(ss_theta_score); ]
I0125 15:08:55.272828  6428 cuckoo_watch.h:44] 870ms in ProcessBatch(Q:\topic_modeling\data\postnauka\bigARTM_files\pn_model3\aaaaab.batch) [including 44ms in LoadMessage; 99ms in InitializeSparseNdw; 566ms in InferThetaAndUpdateNwtSparse; 152ms in CalculateScore(perplexity_score); 4ms in CalculateScore(ss_theta_score); ]
I0125 15:08:55.274330   620 master_component.cc:980] RegularizeModelArgs: rwt_target_name=rwt, pwt_source_name=pwt, nwt_source_name=nwt
I0125 15:08:55.274330   620 master_component.cc:590] MasterComponent: start regularizing model pwt
I0125 15:08:55.281335   620 master_component.cc:613] MasterComponent: complete regularizing model pwt
I0125 15:08:55.281335   620 master_component.cc:991] NormalizeModelArgs: pwt_target_name=pwt, nwt_source_name=nwt, rwt_source_name=rwt
I0125 15:08:55.281335   620 master_component.cc:617] MasterComponent: start normalizing model nwt
I0125 15:08:55.283836 12296 processor.cc:662] No data in processing queue, waiting...
I0125 15:08:55.285337   620 master_component.cc:639] MasterComponent: complete normalizing model nwt
I0125 15:08:55.292342 13324 processor.cc:662] No data in processing queue, waiting...
I0125 15:08:55.293344  6428 processor.cc:662] No data in processing queue, waiting...
I0125 15:08:55.294344   620 master_component.cc:1015] DisposeModel rwt
I0125 15:08:55.295346   620 c_interface.cc:332] Pass FitOfflineMasterModelArgs, batch_filename_size=4, batch_weight_size=4, num_collection_passes=1 to void (__cdecl artm::core::MasterComponent::*)(class artm::FitOfflineMasterModelArgs const & __ptr64) __ptr64
I0125 15:08:55.295346   620 master_component.cc:942] ProcessBatchesArgs: nwt_target_name=nwt, batch_filename_size=4, batch_size=0, batch_weight_size=4, pwt_source_name=pwt, num_document_passes=5, regularizer=(name:decorrelator_phi_regularizer, tau:300), regularizer=(name:ss_theta_regularizer, tau:-5), regularizer=(name:ss_phi_regularizer, tau:-20), class=(@default_class:1), reuse_theta=no, opt_for_avx=yes, predict_class_id=
I0125 15:08:55.300351  5032 processor.cc:669] Processing queue has data, processing started
I0125 15:08:55.300351  6428 processor.cc:669] Processing queue has data, processing started
I0125 15:08:55.300351 13324 processor.cc:669] Processing queue has data, processing started
I0125 15:08:55.300351 12296 processor.cc:669] Processing queue has data, processing started
I0125 15:08:55.314416  6428 processor.cc:746] Processor: start processing batch acd8a394-4d05-46ac-afc0-bcfc3933f576 into model nwt
I0125 15:08:55.330041 13324 processor.cc:746] Processor: start processing batch 8e5acb98-4847-40ea-8379-6084fa640591 into model nwt
I0125 15:08:55.330041  5032 processor.cc:746] Processor: start processing batch 425e5ba6-af4a-411d-9cad-cf37f451bcc4 into model nwt
I0125 15:08:55.345670 12296 processor.cc:746] Processor: start processing batch 8265d2ed-443a-4f1b-b812-7d63f85851d5 into model nwt
I0125 15:08:55.647806  6428 processor.cc:842] Processor: complete processing batch acd8a394-4d05-46ac-afc0-bcfc3933f576 into model nwt
I0125 15:08:55.649308  6428 cuckoo_watch.h:44] 348ms in ProcessBatch(Q:\topic_modeling\data\postnauka\bigARTM_files\pn_model3\aaaaad.batch) [including 14ms in LoadMessage; 46ms in InitializeSparseNdw; 215ms in InferThetaAndUpdateNwtSparse; 67ms in CalculateScore(perplexity_score); 3ms in CalculateScore(ss_theta_score); ]
I0125 15:08:55.817924  6428 processor.cc:662] No data in processing queue, waiting...
I0125 15:08:56.105612  5032 processor.cc:842] Processor: complete processing batch 425e5ba6-af4a-411d-9cad-cf37f451bcc4 into model nwt
I0125 15:08:56.107612  5032 cuckoo_watch.h:44] 807ms in ProcessBatch(Q:\topic_modeling\data\postnauka\bigARTM_files\pn_model3\aaaaaa.batch) [including 29ms in LoadMessage; 107ms in InitializeSparseNdw; 545ms in InferThetaAndUpdateNwtSparse; 118ms in CalculateScore(perplexity_score); 4ms in CalculateScore(ss_theta_score); ]
I0125 15:08:56.119119 13324 processor.cc:842] Processor: complete processing batch 8e5acb98-4847-40ea-8379-6084fa640591 into model nwt
I0125 15:08:56.121121 13324 cuckoo_watch.h:44] 820ms in ProcessBatch(Q:\topic_modeling\data\postnauka\bigARTM_files\pn_model3\aaaaab.batch) [including 29ms in LoadMessage; 107ms in InitializeSparseNdw; 562ms in InferThetaAndUpdateNwtSparse; 116ms in CalculateScore(perplexity_score); 3ms in CalculateScore(ss_theta_score); ]
I0125 15:08:56.146638 12296 processor.cc:842] Processor: complete processing batch 8265d2ed-443a-4f1b-b812-7d63f85851d5 into model nwt
I0125 15:08:56.148640 12296 cuckoo_watch.h:44] 848ms in ProcessBatch(Q:\topic_modeling\data\postnauka\bigARTM_files\pn_model3\aaaaac.batch) [including 29ms in LoadMessage; 107ms in InitializeSparseNdw; 553ms in InferThetaAndUpdateNwtSparse; 137ms in CalculateScore(perplexity_score); 2ms in CalculateScore(ss_theta_score); ]
I0125 15:08:56.158149   620 master_component.cc:980] RegularizeModelArgs: rwt_target_name=rwt, pwt_source_name=pwt, nwt_source_name=nwt
I0125 15:08:56.158149   620 master_component.cc:590] MasterComponent: start regularizing model pwt
I0125 15:08:56.161650   620 master_component.cc:613] MasterComponent: complete regularizing model pwt
I0125 15:08:56.161650   620 master_component.cc:991] NormalizeModelArgs: pwt_target_name=pwt, nwt_source_name=nwt, rwt_source_name=rwt
I0125 15:08:56.161650   620 master_component.cc:617] MasterComponent: start normalizing model nwt
I0125 15:08:56.161650   620 master_component.cc:639] MasterComponent: complete normalizing model nwt
I0125 15:08:56.178488   620 master_component.cc:1015] DisposeModel rwt
I0125 15:08:56.178488   620 c_interface.cc:332] Pass FitOfflineMasterModelArgs, batch_filename_size=4, batch_weight_size=4, num_collection_passes=1 to void (__cdecl artm::core::MasterComponent::*)(class artm::FitOfflineMasterModelArgs const & __ptr64) __ptr64
I0125 15:08:56.179488   620 master_component.cc:942] ProcessBatchesArgs: nwt_target_name=nwt, batch_filename_size=4, batch_size=0, batch_weight_size=4, pwt_source_name=pwt, num_document_passes=5, regularizer=(name:decorrelator_phi_regularizer, tau:300), regularizer=(name:ss_theta_regularizer, tau:-5), regularizer=(name:ss_phi_regularizer, tau:-20), class=(@default_class:1), reuse_theta=no, opt_for_avx=yes, predict_class_id=
I0125 15:08:56.186489  6428 processor.cc:669] Processing queue has data, processing started
I0125 15:08:56.217509  6428 processor.cc:746] Processor: start processing batch acd8a394-4d05-46ac-afc0-bcfc3933f576 into model nwt
I0125 15:08:56.232522 12296 processor.cc:746] Processor: start processing batch 8e5acb98-4847-40ea-8379-6084fa640591 into model nwt
I0125 15:08:56.235520  5032 processor.cc:746] Processor: start processing batch 8265d2ed-443a-4f1b-b812-7d63f85851d5 into model nwt
I0125 15:08:56.237524 13324 processor.cc:746] Processor: start processing batch 425e5ba6-af4a-411d-9cad-cf37f451bcc4 into model nwt
I0125 15:08:56.551939  6428 processor.cc:842] Processor: complete processing batch acd8a394-4d05-46ac-afc0-bcfc3933f576 into model nwt
I0125 15:08:56.552939  6428 cuckoo_watch.h:44] 366ms in ProcessBatch(Q:\topic_modeling\data\postnauka\bigARTM_files\pn_model3\aaaaad.batch) [including 31ms in LoadMessage; 44ms in InitializeSparseNdw; 221ms in InferThetaAndUpdateNwtSparse; 65ms in CalculateScore(perplexity_score); 3ms in CalculateScore(ss_theta_score); ]
I0125 15:08:56.607475  6428 processor.cc:662] No data in processing queue, waiting...
I0125 15:08:57.046267 13324 processor.cc:842] Processor: complete processing batch 425e5ba6-af4a-411d-9cad-cf37f451bcc4 into model nwt
I0125 15:08:57.050269 13324 cuckoo_watch.h:44] 866ms in ProcessBatch(Q:\topic_modeling\data\postnauka\bigARTM_files\pn_model3\aaaaaa.batch) [including 53ms in LoadMessage; 102ms in InitializeSparseNdw; 567ms in InferThetaAndUpdateNwtSparse; 135ms in CalculateScore(perplexity_score); 2ms in CalculateScore(ss_theta_score); ]
I0125 15:08:57.064278 12296 processor.cc:842] Processor: complete processing batch 8e5acb98-4847-40ea-8379-6084fa640591 into model nwt
I0125 15:08:57.068281 12296 cuckoo_watch.h:44] 884ms in ProcessBatch(Q:\topic_modeling\data\postnauka\bigARTM_files\pn_model3\aaaaab.batch) [including 49ms in LoadMessage; 91ms in InitializeSparseNdw; 589ms in InferThetaAndUpdateNwtSparse; 146ms in CalculateScore(perplexity_score); 4ms in CalculateScore(ss_theta_score); ]
I0125 15:08:57.070283  5032 processor.cc:842] Processor: complete processing batch 8265d2ed-443a-4f1b-b812-7d63f85851d5 into model nwt
I0125 15:08:57.073786  5032 cuckoo_watch.h:44] 890ms in ProcessBatch(Q:\topic_modeling\data\postnauka\bigARTM_files\pn_model3\aaaaac.batch) [including 52ms in LoadMessage; 104ms in InitializeSparseNdw; 586ms in InferThetaAndUpdateNwtSparse; 140ms in CalculateScore(perplexity_score); 3ms in CalculateScore(ss_theta_score); ]
I0125 15:08:57.079790   620 master_component.cc:980] RegularizeModelArgs: rwt_target_name=rwt, pwt_source_name=pwt, nwt_source_name=nwt
I0125 15:08:57.079790   620 master_component.cc:590] MasterComponent: start regularizing model pwt
I0125 15:08:57.082793   620 master_component.cc:613] MasterComponent: complete regularizing model pwt
I0125 15:08:57.082793   620 master_component.cc:991] NormalizeModelArgs: pwt_target_name=pwt, nwt_source_name=nwt, rwt_source_name=rwt
I0125 15:08:57.082793   620 master_component.cc:617] MasterComponent: start normalizing model nwt
I0125 15:08:57.082793   620 master_component.cc:639] MasterComponent: complete normalizing model nwt
I0125 15:08:57.098419   620 master_component.cc:1015] DisposeModel rwt
I0125 15:08:57.098419   620 c_interface.cc:332] Pass FitOfflineMasterModelArgs, batch_filename_size=4, batch_weight_size=4, num_collection_passes=1 to void (__cdecl artm::core::MasterComponent::*)(class artm::FitOfflineMasterModelArgs const & __ptr64) __ptr64
I0125 15:08:57.098419   620 master_component.cc:942] ProcessBatchesArgs: nwt_target_name=nwt, batch_filename_size=4, batch_size=0, batch_weight_size=4, pwt_source_name=pwt, num_document_passes=5, regularizer=(name:decorrelator_phi_regularizer, tau:300), regularizer=(name:ss_theta_regularizer, tau:-5), regularizer=(name:ss_phi_regularizer, tau:-20), class=(@default_class:1), reuse_theta=no, opt_for_avx=yes, predict_class_id=
I0125 15:08:57.114047  6428 processor.cc:669] Processing queue has data, processing started
I0125 15:08:57.129673  6428 processor.cc:746] Processor: start processing batch acd8a394-4d05-46ac-afc0-bcfc3933f576 into model nwt
I0125 15:08:57.145298  5032 processor.cc:746] Processor: start processing batch 425e5ba6-af4a-411d-9cad-cf37f451bcc4 into model nwt
I0125 15:08:57.160923 12296 processor.cc:746] Processor: start processing batch 8e5acb98-4847-40ea-8379-6084fa640591 into model nwt
I0125 15:08:57.160923 13324 processor.cc:746] Processor: start processing batch 8265d2ed-443a-4f1b-b812-7d63f85851d5 into model nwt
I0125 15:08:57.465453  6428 processor.cc:842] Processor: complete processing batch acd8a394-4d05-46ac-afc0-bcfc3933f576 into model nwt
I0125 15:08:57.466454  6428 cuckoo_watch.h:44] 352ms in ProcessBatch(Q:\topic_modeling\data\postnauka\bigARTM_files\pn_model3\aaaaad.batch) [including 15ms in LoadMessage; 52ms in InitializeSparseNdw; 213ms in InferThetaAndUpdateNwtSparse; 66ms in CalculateScore(perplexity_score); 3ms in CalculateScore(ss_theta_score); ]
I0125 15:08:57.505480  6428 processor.cc:662] No data in processing queue, waiting...
I0125 15:08:57.964284  5032 processor.cc:842] Processor: complete processing batch 425e5ba6-af4a-411d-9cad-cf37f451bcc4 into model nwt
I0125 15:08:57.966285  5032 cuckoo_watch.h:44] 852ms in ProcessBatch(Q:\topic_modeling\data\postnauka\bigARTM_files\pn_model3\aaaaaa.batch) [including 31ms in LoadMessage; 115ms in InitializeSparseNdw; 572ms in InferThetaAndUpdateNwtSparse; 126ms in CalculateScore(perplexity_score); 4ms in CalculateScore(ss_theta_score); ]
I0125 15:08:57.975791 12296 processor.cc:842] Processor: complete processing batch 8e5acb98-4847-40ea-8379-6084fa640591 into model nwt
I0125 15:08:57.977793 12296 cuckoo_watch.h:44] 863ms in ProcessBatch(Q:\topic_modeling\data\postnauka\bigARTM_files\pn_model3\aaaaab.batch) [including 46ms in LoadMessage; 100ms in InitializeSparseNdw; 571ms in InferThetaAndUpdateNwtSparse; 140ms in CalculateScore(perplexity_score); 2ms in CalculateScore(ss_theta_score); ]
I0125 15:08:57.983798 13324 processor.cc:842] Processor: complete processing batch 8265d2ed-443a-4f1b-b812-7d63f85851d5 into model nwt
I0125 15:08:57.983798 13324 cuckoo_watch.h:44] 869ms in ProcessBatch(Q:\topic_modeling\data\postnauka\bigARTM_files\pn_model3\aaaaac.batch) [including 46ms in LoadMessage; 100ms in InitializeSparseNdw; 587ms in InferThetaAndUpdateNwtSparse; 135ms in CalculateScore(perplexity_score); 0ms in CalculateScore(ss_theta_score); ]
I0125 15:08:57.999425   620 master_component.cc:980] RegularizeModelArgs: rwt_target_name=rwt, pwt_source_name=pwt, nwt_source_name=nwt
I0125 15:08:57.999425   620 master_component.cc:590] MasterComponent: start regularizing model pwt
I0125 15:08:57.999425   620 master_component.cc:613] MasterComponent: complete regularizing model pwt
I0125 15:08:57.999425   620 master_component.cc:991] NormalizeModelArgs: pwt_target_name=pwt, nwt_source_name=nwt, rwt_source_name=rwt
I0125 15:08:57.999425   620 master_component.cc:617] MasterComponent: start normalizing model nwt
I0125 15:08:57.999425   620 master_component.cc:639] MasterComponent: complete normalizing model nwt
I0125 15:08:58.015051   620 master_component.cc:1015] DisposeModel rwt
I0125 15:08:58.015051   620 c_interface.cc:332] Pass FitOfflineMasterModelArgs, batch_filename_size=4, batch_weight_size=4, num_collection_passes=1 to void (__cdecl artm::core::MasterComponent::*)(class artm::FitOfflineMasterModelArgs const & __ptr64) __ptr64
I0125 15:08:58.015051   620 master_component.cc:942] ProcessBatchesArgs: nwt_target_name=nwt, batch_filename_size=4, batch_size=0, batch_weight_size=4, pwt_source_name=pwt, num_document_passes=5, regularizer=(name:decorrelator_phi_regularizer, tau:300), regularizer=(name:ss_theta_regularizer, tau:-5), regularizer=(name:ss_phi_regularizer, tau:-20), class=(@default_class:1), reuse_theta=no, opt_for_avx=yes, predict_class_id=
I0125 15:08:58.030681  6428 processor.cc:669] Processing queue has data, processing started
I0125 15:08:58.046304 13324 processor.cc:746] Processor: start processing batch acd8a394-4d05-46ac-afc0-bcfc3933f576 into model nwt
I0125 15:08:58.061929 12296 processor.cc:746] Processor: start processing batch 425e5ba6-af4a-411d-9cad-cf37f451bcc4 into model nwt
I0125 15:08:58.061929  6428 processor.cc:746] Processor: start processing batch 8e5acb98-4847-40ea-8379-6084fa640591 into model nwt
I0125 15:08:58.061929  5032 processor.cc:746] Processor: start processing batch 8265d2ed-443a-4f1b-b812-7d63f85851d5 into model nwt
I0125 15:08:58.379966 13324 processor.cc:842] Processor: complete processing batch acd8a394-4d05-46ac-afc0-bcfc3933f576 into model nwt
I0125 15:08:58.380967 13324 cuckoo_watch.h:44] 350ms in ProcessBatch(Q:\topic_modeling\data\postnauka\bigARTM_files\pn_model3\aaaaad.batch) [including 15ms in LoadMessage; 37ms in InitializeSparseNdw; 226ms in InferThetaAndUpdateNwtSparse; 66ms in CalculateScore(perplexity_score); 3ms in CalculateScore(ss_theta_score); ]
I0125 15:08:58.511560 13324 processor.cc:662] No data in processing queue, waiting...
I0125 15:08:58.869791 12296 processor.cc:842] Processor: complete processing batch 425e5ba6-af4a-411d-9cad-cf37f451bcc4 into model nwt
I0125 15:08:58.871793 12296 cuckoo_watch.h:44] 841ms in ProcessBatch(Q:\topic_modeling\data\postnauka\bigARTM_files\pn_model3\aaaaaa.batch) [including 31ms in LoadMessage; 118ms in InitializeSparseNdw; 538ms in InferThetaAndUpdateNwtSparse; 144ms in CalculateScore(perplexity_score); 5ms in CalculateScore(ss_theta_score); ]
I0125 15:08:58.880800  5032 processor.cc:842] Processor: complete processing batch 8265d2ed-443a-4f1b-b812-7d63f85851d5 into model nwt
I0125 15:08:58.883301  5032 cuckoo_watch.h:44] 852ms in ProcessBatch(Q:\topic_modeling\data\postnauka\bigARTM_files\pn_model3\aaaaac.batch) [including 31ms in LoadMessage; 122ms in InitializeSparseNdw; 557ms in InferThetaAndUpdateNwtSparse; 134ms in CalculateScore(perplexity_score); 4ms in CalculateScore(ss_theta_score); ]
I0125 15:08:58.883800  6428 processor.cc:842] Processor: complete processing batch 8e5acb98-4847-40ea-8379-6084fa640591 into model nwt
I0125 15:08:58.885802  6428 cuckoo_watch.h:44] 855ms in ProcessBatch(Q:\topic_modeling\data\postnauka\bigARTM_files\pn_model3\aaaaab.batch) [including 31ms in LoadMessage; 122ms in InitializeSparseNdw; 563ms in InferThetaAndUpdateNwtSparse; 131ms in CalculateScore(perplexity_score); 4ms in CalculateScore(ss_theta_score); ]
I0125 15:08:58.886306   620 master_component.cc:980] RegularizeModelArgs: rwt_target_name=rwt, pwt_source_name=pwt, nwt_source_name=nwt
I0125 15:08:58.886306   620 master_component.cc:590] MasterComponent: start regularizing model pwt
I0125 15:08:58.892807 12296 processor.cc:662] No data in processing queue, waiting...
I0125 15:08:58.892807   620 master_component.cc:613] MasterComponent: complete regularizing model pwt
I0125 15:08:58.892807   620 master_component.cc:991] NormalizeModelArgs: pwt_target_name=pwt, nwt_source_name=nwt, rwt_source_name=rwt
I0125 15:08:58.892807   620 master_component.cc:617] MasterComponent: start normalizing model nwt
I0125 15:08:58.896311   620 master_component.cc:639] MasterComponent: complete normalizing model nwt
I0125 15:08:58.903316  5032 processor.cc:662] No data in processing queue, waiting...
I0125 15:08:58.906317  6428 processor.cc:662] No data in processing queue, waiting...
I0125 15:08:58.906317   620 master_component.cc:1015] DisposeModel rwt
I0125 15:08:58.906317   620 c_interface.cc:332] Pass FitOfflineMasterModelArgs, batch_filename_size=4, batch_weight_size=4, num_collection_passes=1 to void (__cdecl artm::core::MasterComponent::*)(class artm::FitOfflineMasterModelArgs const & __ptr64) __ptr64
I0125 15:08:58.906317   620 master_component.cc:942] ProcessBatchesArgs: nwt_target_name=nwt, batch_filename_size=4, batch_size=0, batch_weight_size=4, pwt_source_name=pwt, num_document_passes=5, regularizer=(name:decorrelator_phi_regularizer, tau:300), regularizer=(name:ss_theta_regularizer, tau:-5), regularizer=(name:ss_phi_regularizer, tau:-20), class=(@default_class:1), reuse_theta=no, opt_for_avx=yes, predict_class_id=
I0125 15:08:58.910320  5032 processor.cc:669] Processing queue has data, processing started
I0125 15:08:58.910320 13324 processor.cc:669] Processing queue has data, processing started
I0125 15:08:58.911322 12296 processor.cc:669] Processing queue has data, processing started
I0125 15:08:58.911322  6428 processor.cc:669] Processing queue has data, processing started
I0125 15:08:58.930045 12296 processor.cc:746] Processor: start processing batch acd8a394-4d05-46ac-afc0-bcfc3933f576 into model nwt
I0125 15:08:58.945672 13324 processor.cc:746] Processor: start processing batch 425e5ba6-af4a-411d-9cad-cf37f451bcc4 into model nwt
I0125 15:08:58.945672  5032 processor.cc:746] Processor: start processing batch 8e5acb98-4847-40ea-8379-6084fa640591 into model nwt
I0125 15:08:58.945672  6428 processor.cc:746] Processor: start processing batch 8265d2ed-443a-4f1b-b812-7d63f85851d5 into model nwt
I0125 15:08:59.266439 12296 processor.cc:842] Processor: complete processing batch acd8a394-4d05-46ac-afc0-bcfc3933f576 into model nwt
I0125 15:08:59.267940 12296 cuckoo_watch.h:44] 356ms in ProcessBatch(Q:\topic_modeling\data\postnauka\bigARTM_files\pn_model3\aaaaad.batch) [including 18ms in LoadMessage; 31ms in InitializeSparseNdw; 232ms in InferThetaAndUpdateNwtSparse; 69ms in CalculateScore(perplexity_score); 3ms in CalculateScore(ss_theta_score); ]
I0125 15:08:59.374514 12296 processor.cc:662] No data in processing queue, waiting...
I0125 15:08:59.735750  6428 processor.cc:842] Processor: complete processing batch 8265d2ed-443a-4f1b-b812-7d63f85851d5 into model nwt
I0125 15:08:59.738252  6428 cuckoo_watch.h:44] 826ms in ProcessBatch(Q:\topic_modeling\data\postnauka\bigARTM_files\pn_model3\aaaaac.batch) [including 34ms in LoadMessage; 112ms in InitializeSparseNdw; 576ms in InferThetaAndUpdateNwtSparse; 98ms in CalculateScore(perplexity_score); 2ms in CalculateScore(ss_theta_score); ]
I0125 15:08:59.783282 13324 processor.cc:842] Processor: complete processing batch 425e5ba6-af4a-411d-9cad-cf37f451bcc4 into model nwt
I0125 15:08:59.785284 13324 cuckoo_watch.h:44] 874ms in ProcessBatch(Q:\topic_modeling\data\postnauka\bigARTM_files\pn_model3\aaaaaa.batch) [including 35ms in LoadMessage; 112ms in InitializeSparseNdw; 583ms in InferThetaAndUpdateNwtSparse; 138ms in CalculateScore(perplexity_score); 3ms in CalculateScore(ss_theta_score); ]
I0125 15:08:59.787784  5032 processor.cc:842] Processor: complete processing batch 8e5acb98-4847-40ea-8379-6084fa640591 into model nwt
I0125 15:08:59.789786  5032 cuckoo_watch.h:44] 879ms in ProcessBatch(Q:\topic_modeling\data\postnauka\bigARTM_files\pn_model3\aaaaab.batch) [including 35ms in LoadMessage; 112ms in InitializeSparseNdw; 586ms in InferThetaAndUpdateNwtSparse; 141ms in CalculateScore(perplexity_score); 2ms in CalculateScore(ss_theta_score); ]
I0125 15:08:59.811471   620 master_component.cc:980] RegularizeModelArgs: rwt_target_name=rwt, pwt_source_name=pwt, nwt_source_name=nwt
I0125 15:08:59.811471   620 master_component.cc:590] MasterComponent: start regularizing model pwt
I0125 15:08:59.811471   620 master_component.cc:613] MasterComponent: complete regularizing model pwt
I0125 15:08:59.811471   620 master_component.cc:991] NormalizeModelArgs: pwt_target_name=pwt, nwt_source_name=nwt, rwt_source_name=rwt
I0125 15:08:59.811471   620 master_component.cc:617] MasterComponent: start normalizing model nwt
I0125 15:08:59.811471   620 master_component.cc:639] MasterComponent: complete normalizing model nwt
I0125 15:08:59.827100   620 master_component.cc:1015] DisposeModel rwt
I0125 15:08:59.827100   620 c_interface.cc:332] Pass FitOfflineMasterModelArgs, batch_filename_size=4, batch_weight_size=4, num_collection_passes=1 to void (__cdecl artm::core::MasterComponent::*)(class artm::FitOfflineMasterModelArgs const & __ptr64) __ptr64
I0125 15:08:59.827100   620 master_component.cc:942] ProcessBatchesArgs: nwt_target_name=nwt, batch_filename_size=4, batch_size=0, batch_weight_size=4, pwt_source_name=pwt, num_document_passes=5, regularizer=(name:decorrelator_phi_regularizer, tau:300), regularizer=(name:ss_theta_regularizer, tau:-5), regularizer=(name:ss_phi_regularizer, tau:-20), class=(@default_class:1), reuse_theta=no, opt_for_avx=yes, predict_class_id=
I0125 15:08:59.842726 12296 processor.cc:669] Processing queue has data, processing started
I0125 15:08:59.880713  6428 processor.cc:746] Processor: start processing batch acd8a394-4d05-46ac-afc0-bcfc3933f576 into model nwt
I0125 15:08:59.885716 13324 processor.cc:746] Processor: start processing batch 8e5acb98-4847-40ea-8379-6084fa640591 into model nwt
I0125 15:08:59.888217  5032 processor.cc:746] Processor: start processing batch 425e5ba6-af4a-411d-9cad-cf37f451bcc4 into model nwt
I0125 15:08:59.891719 12296 processor.cc:746] Processor: start processing batch 8265d2ed-443a-4f1b-b812-7d63f85851d5 into model nwt
I0125 15:09:00.231206  6428 processor.cc:842] Processor: complete processing batch acd8a394-4d05-46ac-afc0-bcfc3933f576 into model nwt
I0125 15:09:00.232208  6428 cuckoo_watch.h:44] 389ms in ProcessBatch(Q:\topic_modeling\data\postnauka\bigARTM_files\pn_model3\aaaaad.batch) [including 37ms in LoadMessage; 33ms in InitializeSparseNdw; 246ms in InferThetaAndUpdateNwtSparse; 68ms in CalculateScore(perplexity_score); 3ms in CalculateScore(ss_theta_score); ]
I0125 15:09:00.274235  6428 processor.cc:662] No data in processing queue, waiting...
I0125 15:09:00.706022 12296 processor.cc:842] Processor: complete processing batch 8265d2ed-443a-4f1b-b812-7d63f85851d5 into model nwt
I0125 15:09:00.708523 12296 cuckoo_watch.h:44] 865ms in ProcessBatch(Q:\topic_modeling\data\postnauka\bigARTM_files\pn_model3\aaaaac.batch) [including 48ms in LoadMessage; 106ms in InitializeSparseNdw; 574ms in InferThetaAndUpdateNwtSparse; 131ms in CalculateScore(perplexity_score); 2ms in CalculateScore(ss_theta_score); ]
I0125 15:09:00.712527 13324 processor.cc:842] Processor: complete processing batch 8e5acb98-4847-40ea-8379-6084fa640591 into model nwt
I0125 15:09:00.715029 13324 cuckoo_watch.h:44] 872ms in ProcessBatch(Q:\topic_modeling\data\postnauka\bigARTM_files\pn_model3\aaaaab.batch) [including 42ms in LoadMessage; 106ms in InitializeSparseNdw; 567ms in InferThetaAndUpdateNwtSparse; 146ms in CalculateScore(perplexity_score); 5ms in CalculateScore(ss_theta_score); ]
I0125 15:09:00.719030  5032 processor.cc:842] Processor: complete processing batch 425e5ba6-af4a-411d-9cad-cf37f451bcc4 into model nwt
I0125 15:09:00.721031  5032 cuckoo_watch.h:44] 878ms in ProcessBatch(Q:\topic_modeling\data\postnauka\bigARTM_files\pn_model3\aaaaaa.batch) [including 44ms in LoadMessage; 105ms in InitializeSparseNdw; 569ms in InferThetaAndUpdateNwtSparse; 151ms in CalculateScore(perplexity_score); 3ms in CalculateScore(ss_theta_score); ]
I0125 15:09:00.725535   620 master_component.cc:980] RegularizeModelArgs: rwt_target_name=rwt, pwt_source_name=pwt, nwt_source_name=nwt
I0125 15:09:00.725535   620 master_component.cc:590] MasterComponent: start regularizing model pwt
I0125 15:09:00.732038   620 master_component.cc:613] MasterComponent: complete regularizing model pwt
I0125 15:09:00.732038   620 master_component.cc:991] NormalizeModelArgs: pwt_target_name=pwt, nwt_source_name=nwt, rwt_source_name=rwt
I0125 15:09:00.732038   620 master_component.cc:617] MasterComponent: start normalizing model nwt
I0125 15:09:00.735540   620 master_component.cc:639] MasterComponent: complete normalizing model nwt
I0125 15:09:00.745048   620 master_component.cc:1015] DisposeModel rwt
I0125 15:09:00.745548   620 c_interface.cc:332] Pass FitOfflineMasterModelArgs, batch_filename_size=4, batch_weight_size=4, num_collection_passes=1 to void (__cdecl artm::core::MasterComponent::*)(class artm::FitOfflineMasterModelArgs const & __ptr64) __ptr64
I0125 15:09:00.745548   620 master_component.cc:942] ProcessBatchesArgs: nwt_target_name=nwt, batch_filename_size=4, batch_size=0, batch_weight_size=4, pwt_source_name=pwt, num_document_passes=5, regularizer=(name:decorrelator_phi_regularizer, tau:300), regularizer=(name:ss_theta_regularizer, tau:-5), regularizer=(name:ss_phi_regularizer, tau:-20), class=(@default_class:1), reuse_theta=no, opt_for_avx=yes, predict_class_id=
I0125 15:09:00.756556  6428 processor.cc:669] Processing queue has data, processing started
I0125 15:09:00.779570 12296 processor.cc:746] Processor: start processing batch acd8a394-4d05-46ac-afc0-bcfc3933f576 into model nwt
I0125 15:09:00.800086  5032 processor.cc:746] Processor: start processing batch 425e5ba6-af4a-411d-9cad-cf37f451bcc4 into model nwt
I0125 15:09:00.801085 13324 processor.cc:746] Processor: start processing batch 8e5acb98-4847-40ea-8379-6084fa640591 into model nwt
I0125 15:09:00.802086  6428 processor.cc:746] Processor: start processing batch 8265d2ed-443a-4f1b-b812-7d63f85851d5 into model nwt
I0125 15:09:01.107287 12296 processor.cc:842] Processor: complete processing batch acd8a394-4d05-46ac-afc0-bcfc3933f576 into model nwt
I0125 15:09:01.108289 12296 cuckoo_watch.h:44] 351ms in ProcessBatch(Q:\topic_modeling\data\postnauka\bigARTM_files\pn_model3\aaaaad.batch) [including 22ms in LoadMessage; 45ms in InitializeSparseNdw; 214ms in InferThetaAndUpdateNwtSparse; 65ms in CalculateScore(perplexity_score); 3ms in CalculateScore(ss_theta_score); ]
I0125 15:09:01.150316 12296 processor.cc:662] No data in processing queue, waiting...
I0125 15:09:01.605118 13324 processor.cc:842] Processor: complete processing batch 8e5acb98-4847-40ea-8379-6084fa640591 into model nwt
I0125 15:09:01.607120 13324 cuckoo_watch.h:44] 850ms in ProcessBatch(Q:\topic_modeling\data\postnauka\bigARTM_files\pn_model3\aaaaab.batch) [including 44ms in LoadMessage; 111ms in InitializeSparseNdw; 556ms in InferThetaAndUpdateNwtSparse; 133ms in CalculateScore(perplexity_score); 2ms in CalculateScore(ss_theta_score); ]
I0125 15:09:01.616626  5032 processor.cc:842] Processor: complete processing batch 425e5ba6-af4a-411d-9cad-cf37f451bcc4 into model nwt
I0125 15:09:01.622629  5032 cuckoo_watch.h:44] 866ms in ProcessBatch(Q:\topic_modeling\data\postnauka\bigARTM_files\pn_model3\aaaaaa.batch) [including 43ms in LoadMessage; 112ms in InitializeSparseNdw; 566ms in InferThetaAndUpdateNwtSparse; 135ms in CalculateScore(perplexity_score); 2ms in CalculateScore(ss_theta_score); ]
I0125 15:09:01.627634  6428 processor.cc:842] Processor: complete processing batch 8265d2ed-443a-4f1b-b812-7d63f85851d5 into model nwt
I0125 15:09:01.631635  6428 cuckoo_watch.h:44] 875ms in ProcessBatch(Q:\topic_modeling\data\postnauka\bigARTM_files\pn_model3\aaaaac.batch) [including 45ms in LoadMessage; 110ms in InitializeSparseNdw; 581ms in InferThetaAndUpdateNwtSparse; 130ms in CalculateScore(perplexity_score); 3ms in CalculateScore(ss_theta_score); ]
I0125 15:09:01.642643   620 master_component.cc:980] RegularizeModelArgs: rwt_target_name=rwt, pwt_source_name=pwt, nwt_source_name=nwt
I0125 15:09:01.642643   620 master_component.cc:590] MasterComponent: start regularizing model pwt
I0125 15:09:01.649647   620 master_component.cc:613] MasterComponent: complete regularizing model pwt
I0125 15:09:01.649647   620 master_component.cc:991] NormalizeModelArgs: pwt_target_name=pwt, nwt_source_name=nwt, rwt_source_name=rwt
I0125 15:09:01.649647   620 master_component.cc:617] MasterComponent: start normalizing model nwt
I0125 15:09:01.653151   620 master_component.cc:639] MasterComponent: complete normalizing model nwt
I0125 15:09:01.662155   620 master_component.cc:1015] DisposeModel rwt
I0125 15:09:01.662657   620 c_interface.cc:332] Pass FitOfflineMasterModelArgs, batch_filename_size=4, batch_weight_size=4, num_collection_passes=1 to void (__cdecl artm::core::MasterComponent::*)(class artm::FitOfflineMasterModelArgs const & __ptr64) __ptr64
I0125 15:09:01.662657   620 master_component.cc:942] ProcessBatchesArgs: nwt_target_name=nwt, batch_filename_size=4, batch_size=0, batch_weight_size=4, pwt_source_name=pwt, num_document_passes=5, regularizer=(name:decorrelator_phi_regularizer, tau:300), regularizer=(name:ss_theta_regularizer, tau:-5), regularizer=(name:ss_phi_regularizer, tau:-20), class=(@default_class:1), reuse_theta=no, opt_for_avx=yes, predict_class_id=
I0125 15:09:01.673665 12296 processor.cc:669] Processing queue has data, processing started
I0125 15:09:01.695178  5032 processor.cc:746] Processor: start processing batch acd8a394-4d05-46ac-afc0-bcfc3933f576 into model nwt
I0125 15:09:01.721195 13324 processor.cc:746] Processor: start processing batch 425e5ba6-af4a-411d-9cad-cf37f451bcc4 into model nwt
I0125 15:09:01.721695  6428 processor.cc:746] Processor: start processing batch 8e5acb98-4847-40ea-8379-6084fa640591 into model nwt
I0125 15:09:01.723697 12296 processor.cc:746] Processor: start processing batch 8265d2ed-443a-4f1b-b812-7d63f85851d5 into model nwt
I0125 15:09:02.049912  5032 processor.cc:842] Processor: complete processing batch acd8a394-4d05-46ac-afc0-bcfc3933f576 into model nwt
I0125 15:09:02.050914  5032 cuckoo_watch.h:44] 377ms in ProcessBatch(Q:\topic_modeling\data\postnauka\bigARTM_files\pn_model3\aaaaad.batch) [including 21ms in LoadMessage; 47ms in InitializeSparseNdw; 235ms in InferThetaAndUpdateNwtSparse; 68ms in CalculateScore(perplexity_score); 3ms in CalculateScore(ss_theta_score); ]
I0125 15:09:02.071426  5032 processor.cc:662] No data in processing queue, waiting...
I0125 15:09:02.532233 12296 processor.cc:842] Processor: complete processing batch 8265d2ed-443a-4f1b-b812-7d63f85851d5 into model nwt
I0125 15:09:02.534235 12296 cuckoo_watch.h:44] 860ms in ProcessBatch(Q:\topic_modeling\data\postnauka\bigARTM_files\pn_model3\aaaaac.batch) [including 49ms in LoadMessage; 118ms in InitializeSparseNdw; 576ms in InferThetaAndUpdateNwtSparse; 108ms in CalculateScore(perplexity_score); 5ms in CalculateScore(ss_theta_score); ]
I0125 15:09:02.550745  6428 processor.cc:842] Processor: complete processing batch 8e5acb98-4847-40ea-8379-6084fa640591 into model nwt
I0125 15:09:02.552747  6428 cuckoo_watch.h:44] 879ms in ProcessBatch(Q:\topic_modeling\data\postnauka\bigARTM_files\pn_model3\aaaaab.batch) [including 48ms in LoadMessage; 126ms in InitializeSparseNdw; 549ms in InferThetaAndUpdateNwtSparse; 149ms in CalculateScore(perplexity_score); 3ms in CalculateScore(ss_theta_score); ]
I0125 15:09:02.558249 12296 processor.cc:662] No data in processing queue, waiting...
I0125 15:09:02.568256 13324 processor.cc:842] Processor: complete processing batch 425e5ba6-af4a-411d-9cad-cf37f451bcc4 into model nwt
I0125 15:09:02.570758 13324 cuckoo_watch.h:44] 897ms in ProcessBatch(Q:\topic_modeling\data\postnauka\bigARTM_files\pn_model3\aaaaaa.batch) [including 47ms in LoadMessage; 132ms in InitializeSparseNdw; 567ms in InferThetaAndUpdateNwtSparse; 144ms in CalculateScore(perplexity_score); 2ms in CalculateScore(ss_theta_score); ]
I0125 15:09:02.571759   620 master_component.cc:980] RegularizeModelArgs: rwt_target_name=rwt, pwt_source_name=pwt, nwt_source_name=nwt
I0125 15:09:02.571759   620 master_component.cc:590] MasterComponent: start regularizing model pwt
I0125 15:09:02.573259  6428 processor.cc:662] No data in processing queue, waiting...
I0125 15:09:02.578263   620 master_component.cc:613] MasterComponent: complete regularizing model pwt
I0125 15:09:02.578263   620 master_component.cc:991] NormalizeModelArgs: pwt_target_name=pwt, nwt_source_name=nwt, rwt_source_name=rwt
I0125 15:09:02.578263   620 master_component.cc:617] MasterComponent: start normalizing model nwt
I0125 15:09:02.582268   620 master_component.cc:639] MasterComponent: complete normalizing model nwt
I0125 15:09:02.590272 13324 processor.cc:662] No data in processing queue, waiting...
I0125 15:09:02.591274   620 master_component.cc:1015] DisposeModel rwt
I0125 15:09:02.591274   620 c_interface.cc:332] Pass FitOfflineMasterModelArgs, batch_filename_size=4, batch_weight_size=4, num_collection_passes=1 to void (__cdecl artm::core::MasterComponent::*)(class artm::FitOfflineMasterModelArgs const & __ptr64) __ptr64
I0125 15:09:02.592275   620 master_component.cc:942] ProcessBatchesArgs: nwt_target_name=nwt, batch_filename_size=4, batch_size=0, batch_weight_size=4, pwt_source_name=pwt, num_document_passes=5, regularizer=(name:decorrelator_phi_regularizer, tau:300), regularizer=(name:ss_theta_regularizer, tau:-5), regularizer=(name:ss_phi_regularizer, tau:-20), class=(@default_class:1), reuse_theta=no, opt_for_avx=yes, predict_class_id=
I0125 15:09:02.595278  6428 processor.cc:669] Processing queue has data, processing started
I0125 15:09:02.597276  5032 processor.cc:669] Processing queue has data, processing started
I0125 15:09:02.597276 12296 processor.cc:669] Processing queue has data, processing started
I0125 15:09:02.597276 13324 processor.cc:669] Processing queue has data, processing started
I0125 15:09:02.617292 13324 processor.cc:746] Processor: start processing batch acd8a394-4d05-46ac-afc0-bcfc3933f576 into model nwt
I0125 15:09:02.635452  6428 processor.cc:746] Processor: start processing batch 425e5ba6-af4a-411d-9cad-cf37f451bcc4 into model nwt
I0125 15:09:02.635452  5032 processor.cc:746] Processor: start processing batch 8e5acb98-4847-40ea-8379-6084fa640591 into model nwt
I0125 15:09:02.635452 12296 processor.cc:746] Processor: start processing batch 8265d2ed-443a-4f1b-b812-7d63f85851d5 into model nwt
I0125 15:09:02.942178 13324 processor.cc:842] Processor: complete processing batch acd8a394-4d05-46ac-afc0-bcfc3933f576 into model nwt
I0125 15:09:02.943178 13324 cuckoo_watch.h:44] 345ms in ProcessBatch(Q:\topic_modeling\data\postnauka\bigARTM_files\pn_model3\aaaaad.batch) [including 19ms in LoadMessage; 33ms in InitializeSparseNdw; 222ms in InferThetaAndUpdateNwtSparse; 65ms in CalculateScore(perplexity_score); 3ms in CalculateScore(ss_theta_score); ]
I0125 15:09:03.217905 13324 processor.cc:662] No data in processing queue, waiting...
I0125 15:09:03.393018  6428 processor.cc:842] Processor: complete processing batch 425e5ba6-af4a-411d-9cad-cf37f451bcc4 into model nwt
I0125 15:09:03.395519  6428 cuckoo_watch.h:44] 800ms in ProcessBatch(Q:\topic_modeling\data\postnauka\bigARTM_files\pn_model3\aaaaaa.batch) [including 40ms in LoadMessage; 107ms in InitializeSparseNdw; 501ms in InferThetaAndUpdateNwtSparse; 142ms in CalculateScore(perplexity_score); 4ms in CalculateScore(ss_theta_score); ]
