Log file created at: 2017/01/25 12:55:06
Running on machine: SHELDONPC
Log line format: [IWEF]mmdd hh:mm:ss.uuuuuu threadid file:line] msg
I0125 12:55:06.136761  9388 c_interface.cc:74] Logging enabled to .
I0125 12:55:06.183637  9388 instance.cc:358] MasterModelConfig.processors_count is automatically set to 4
I0125 12:55:06.183637  9388 c_interface.cc:221] Creating MasterModel (id=1)...
I0125 12:55:06.183637  1532 processor.cc:646] Processor thread started
I0125 12:55:06.183637  6364 processor.cc:646] Processor thread started
I0125 12:55:06.183637  6364 processor.cc:654] Processor thread stopped
I0125 12:55:06.183637  6364 processor.cc:655] Total number of processed batches: 0
I0125 12:55:06.183637 13052 processor.cc:646] Processor thread started
I0125 12:55:06.183637  7548 processor.cc:646] Processor thread started
I0125 12:55:06.214890  1532 processor.cc:654] Processor thread stopped
I0125 12:55:06.214890  1532 processor.cc:655] Total number of processed batches: 0
I0125 12:55:06.230533 13052 processor.cc:654] Processor thread stopped
I0125 12:55:06.230533 13052 processor.cc:655] Total number of processed batches: 0
I0125 12:55:06.246158  7548 processor.cc:654] Processor thread stopped
I0125 12:55:06.246158  7548 processor.cc:655] Total number of processed batches: 0
I0125 12:55:06.246158  9388 c_interface.cc:283] Disposing MasterComponent (id=1)...
I0125 12:56:31.520905  9388 c_interface.cc:221] Creating MasterModel (id=2)...
I0125 12:56:31.522904  9388 c_interface.cc:318] Pass 7d0660a6-9761-44a6-a91f-9f18001f6e4c to void (__cdecl artm::core::MasterComponent::*)(class std::basic_string<char,struct std::char_traits<char>,class std::allocator<char> > const & __ptr64) __ptr64
I0125 12:56:31.618959  9388 c_interface.cc:332] Pass GatherDictionaryArgs: dictionary_target_name=7d0660a6-9761-44a6-a91f-9f18001f6e4c, data_path=Q:\\topic_modeling\\csi_science_collections.git\..\data\postnauka\bigARTM_files\pn_model1, symmetric_cooc_values=0 to void (__cdecl artm::core::MasterComponent::*)(class artm::GatherDictionaryArgs const & __ptr64) __ptr64
I0125 12:56:31.712751  9388 dictionary.cc:185] Found 4 batches in 'Q:\\topic_modeling\\csi_science_collections.git\..\data\postnauka\bigARTM_files\pn_model1' folder
I0125 12:56:39.260910  9388 dictionary.cc:241] Find 17492 unique tokens in 3446 items
I0125 12:56:39.307792  9388 c_interface.cc:221] Creating MasterModel (id=3)...
I0125 12:56:39.307792  9388 c_interface.cc:318] Pass 3106f858-bebf-4d31-9a0e-62c28e11609a to void (__cdecl artm::core::MasterComponent::*)(class std::basic_string<char,struct std::char_traits<char>,class std::allocator<char> > const & __ptr64) __ptr64
I0125 12:56:39.323438  9388 dictionary.cc:52] Importing dictionary 3106f858-bebf-4d31-9a0e-62c28e11609a from Q:\\topic_modeling\\csi_science_collections.git\..\data\postnauka\bigARTM_files\pn_model1\pn_model1_dictionary.dict
I0125 12:56:39.370291  9388 master_component.cc:164] Import completed, token_size = 17492
I0125 12:57:06.795903  9388 instance.cc:358] MasterModelConfig.processors_count is automatically set to 4
I0125 12:57:06.795903  9388 c_interface.cc:221] Creating MasterModel (id=4)...
I0125 12:57:06.795903  9388 c_interface.cc:318] Pass pwt to void (__cdecl artm::core::MasterComponent::*)(class std::basic_string<char,struct std::char_traits<char>,class std::allocator<char> > const & __ptr64) __ptr64
I0125 12:57:06.796902  9388 c_interface.cc:318] Pass nwt to void (__cdecl artm::core::MasterComponent::*)(class std::basic_string<char,struct std::char_traits<char>,class std::allocator<char> > const & __ptr64) __ptr64
I0125 12:57:06.796902  9364 processor.cc:646] Processor thread started
I0125 12:57:06.796902  9128 processor.cc:646] Processor thread started
I0125 12:57:06.796902   992 processor.cc:646] Processor thread started
I0125 12:57:06.796902 12408 processor.cc:646] Processor thread started
I0125 12:57:06.796902  9388 c_interface.cc:332] Pass InitializeModelArgs: model_name=pwt, dictionary_name=3106f858-bebf-4d31-9a0e-62c28e11609a, topic_name_size=20 to void (__cdecl artm::core::MasterComponent::*)(class artm::InitializeModelArgs const & __ptr64) __ptr64
I0125 12:57:06.796902  9388 master_component.cc:338] InitializeModel() with 20 topics and 17492 tokens
I0125 12:57:06.831924  9128 processor.cc:662] No data in processing queue, waiting...
I0125 12:57:06.831924   992 processor.cc:662] No data in processing queue, waiting...
I0125 12:57:06.831924 12408 processor.cc:662] No data in processing queue, waiting...
I0125 12:57:06.839931  9364 processor.cc:662] No data in processing queue, waiting...
I0125 12:57:06.904042  9388 c_interface.cc:332] Pass InitializeModelArgs: model_name=nwt, dictionary_name=3106f858-bebf-4d31-9a0e-62c28e11609a, topic_name_size=20 to void (__cdecl artm::core::MasterComponent::*)(class artm::InitializeModelArgs const & __ptr64) __ptr64
I0125 12:57:06.904042  9388 master_component.cc:338] InitializeModel() with 20 topics and 17492 tokens
I0125 12:57:07.026706  9388 phi_matrix_operations.cc:82] RetrieveExternalTopicModel() with 20 topics, 17492 tokens
I0125 12:57:07.051723  9388 c_interface.cc:180] ArtmCopyRequestedMessage is copying 815777 bytes...
I0125 12:57:07.788571  9388 c_interface.cc:332] Pass MasterModelConfig: topic_name_size=20, class=(@default_class:1), score_config_size=0, num_processors=0, pwt_name=pwt, nwt_name=nwt, num_document_passes=5, reuse_theta=no, cache_theta=yes, opt_for_avx=yes, disk_cache_path to void (__cdecl artm::core::MasterComponent::*)(class artm::MasterModelConfig const & __ptr64) __ptr64
I0125 12:57:07.788571  9388 instance.cc:358] MasterModelConfig.processors_count is automatically set to 4
I0125 12:57:07.788571  9388 c_interface.cc:332] Pass MasterModelConfig: topic_name_size=20, class=(@default_class:1), score_config_size=1, num_processors=0, pwt_name=pwt, nwt_name=nwt, num_document_passes=5, reuse_theta=no, cache_theta=yes, opt_for_avx=yes, disk_cache_path to void (__cdecl artm::core::MasterComponent::*)(class artm::MasterModelConfig const & __ptr64) __ptr64
I0125 12:57:07.788571  9388 instance.cc:358] MasterModelConfig.processors_count is automatically set to 4
I0125 12:57:07.788571  9388 perplexity.cc:24] Perplexity score calculator created: model_type=0, dictionary_name=3106f858-bebf-4d31-9a0e-62c28e11609a
I0125 12:57:07.804196  9388 c_interface.cc:332] Pass MasterModelConfig: topic_name_size=20, class=(@default_class:1), score_config_size=2, num_processors=0, pwt_name=pwt, nwt_name=nwt, num_document_passes=5, reuse_theta=no, cache_theta=yes, opt_for_avx=yes, disk_cache_path to void (__cdecl artm::core::MasterComponent::*)(class artm::MasterModelConfig const & __ptr64) __ptr64
I0125 12:57:07.804196  9388 instance.cc:358] MasterModelConfig.processors_count is automatically set to 4
I0125 12:57:07.804196  9388 perplexity.cc:24] Perplexity score calculator created: model_type=0, dictionary_name=3106f858-bebf-4d31-9a0e-62c28e11609a
I0125 12:57:07.804196  9388 c_interface.cc:332] Pass MasterModelConfig: topic_name_size=20, class=(@default_class:1), score_config_size=3, num_processors=0, pwt_name=pwt, nwt_name=nwt, num_document_passes=5, reuse_theta=no, cache_theta=yes, opt_for_avx=yes, disk_cache_path to void (__cdecl artm::core::MasterComponent::*)(class artm::MasterModelConfig const & __ptr64) __ptr64
I0125 12:57:07.804196  9388 instance.cc:358] MasterModelConfig.processors_count is automatically set to 4
I0125 12:57:07.804196  9388 perplexity.cc:24] Perplexity score calculator created: model_type=0, dictionary_name=3106f858-bebf-4d31-9a0e-62c28e11609a
I0125 12:57:07.804196  9388 c_interface.cc:332] Pass MasterModelConfig: topic_name_size=20, class=(@default_class:1), score_config_size=4, num_processors=0, pwt_name=pwt, nwt_name=nwt, num_document_passes=5, reuse_theta=no, cache_theta=yes, opt_for_avx=yes, disk_cache_path to void (__cdecl artm::core::MasterComponent::*)(class artm::MasterModelConfig const & __ptr64) __ptr64
I0125 12:57:07.804196  9388 instance.cc:358] MasterModelConfig.processors_count is automatically set to 4
I0125 12:57:07.804196  9388 perplexity.cc:24] Perplexity score calculator created: model_type=0, dictionary_name=3106f858-bebf-4d31-9a0e-62c28e11609a
I0125 12:57:07.804196  9388 c_interface.cc:332] Pass MasterModelConfig: topic_name_size=20, class=(@default_class:1), score_config_size=5, num_processors=0, pwt_name=pwt, nwt_name=nwt, num_document_passes=5, reuse_theta=no, cache_theta=yes, opt_for_avx=yes, disk_cache_path to void (__cdecl artm::core::MasterComponent::*)(class artm::MasterModelConfig const & __ptr64) __ptr64
I0125 12:57:07.804196  9388 instance.cc:358] MasterModelConfig.processors_count is automatically set to 4
I0125 12:57:07.804196  9388 perplexity.cc:24] Perplexity score calculator created: model_type=0, dictionary_name=3106f858-bebf-4d31-9a0e-62c28e11609a
I0125 12:57:07.804196  9388 c_interface.cc:332] Pass FitOfflineMasterModelArgs, batch_filename_size=4, batch_weight_size=4, num_collection_passes=1 to void (__cdecl artm::core::MasterComponent::*)(class artm::FitOfflineMasterModelArgs const & __ptr64) __ptr64
I0125 12:57:07.804196  9388 master_component.cc:942] ProcessBatchesArgs: nwt_target_name=nwt, batch_filename_size=4, batch_size=0, batch_weight_size=4, pwt_source_name=pwt, num_document_passes=5, class=(@default_class:1), reuse_theta=no, opt_for_avx=yes, predict_class_id=
I0125 12:57:07.835455   992 processor.cc:669] Processing queue has data, processing started
I0125 12:57:07.835455 12408 processor.cc:669] Processing queue has data, processing started
I0125 12:57:07.835455  9128 processor.cc:669] Processing queue has data, processing started
I0125 12:57:07.835455  9364 processor.cc:669] Processing queue has data, processing started
I0125 12:57:08.241340  9364 processor.cc:746] Processor: start processing batch c7409bab-46bb-42a3-9fb3-feaeb2330f73 into model nwt
I0125 12:57:08.694484 12408 processor.cc:746] Processor: start processing batch e0286f04-8790-4317-a1ab-8d6162d31f1b into model nwt
I0125 12:57:08.694484  9128 processor.cc:746] Processor: start processing batch ae3644b4-95f2-463e-b7a4-9eeedade5e9d into model nwt
I0125 12:57:08.694484   992 processor.cc:746] Processor: start processing batch 26ebd86a-496b-4960-ab22-a50f3c1e007e into model nwt
I0125 12:57:16.891966  9364 processor.cc:842] Processor: complete processing batch c7409bab-46bb-42a3-9fb3-feaeb2330f73 into model nwt
I0125 12:57:16.926651  9364 cuckoo_watch.h:44] 9091ms in ProcessBatch(Q:\topic_modeling\data\postnauka\bigARTM_files\pn_model1\aaaaad.batch) [including 405ms in LoadMessage; 1132ms in InitializeSparseNdw; 6224ms in InferThetaAndUpdateNwtSparse; 1247ms in CalculateScore(perplexity_score); 31ms in CalculateScore(ss_theta_score); ]
I0125 12:57:16.953667  9364 processor.cc:662] No data in processing queue, waiting...
I0125 12:57:28.806871 12408 processor.cc:842] Processor: complete processing batch e0286f04-8790-4317-a1ab-8d6162d31f1b into model nwt
I0125 12:57:28.884997 12408 cuckoo_watch.h:44] 21049ms in ProcessBatch(Q:\topic_modeling\data\postnauka\bigARTM_files\pn_model1\aaaaab.batch) [including 859ms in LoadMessage; 2841ms in InitializeSparseNdw; 14824ms in InferThetaAndUpdateNwtSparse; 2431ms in CalculateScore(perplexity_score); 15ms in CalculateScore(ss_theta_score); ]
I0125 12:57:29.103759  9128 processor.cc:842] Processor: complete processing batch ae3644b4-95f2-463e-b7a4-9eeedade5e9d into model nwt
I0125 12:57:29.197511   992 processor.cc:842] Processor: complete processing batch 26ebd86a-496b-4960-ab22-a50f3c1e007e into model nwt
I0125 12:57:29.213138 12408 processor.cc:662] No data in processing queue, waiting...
I0125 12:57:29.306892  9128 cuckoo_watch.h:44] 21471ms in ProcessBatch(Q:\topic_modeling\data\postnauka\bigARTM_files\pn_model1\aaaaac.batch) [including 859ms in LoadMessage; 2908ms in InitializeSparseNdw; 15006ms in InferThetaAndUpdateNwtSparse; 2462ms in CalculateScore(perplexity_score); 31ms in CalculateScore(ss_theta_score); ]
I0125 12:57:29.306892   992 cuckoo_watch.h:44] 21471ms in ProcessBatch(Q:\topic_modeling\data\postnauka\bigARTM_files\pn_model1\aaaaaa.batch) [including 859ms in LoadMessage; 2955ms in InitializeSparseNdw; 15009ms in InferThetaAndUpdateNwtSparse; 2459ms in CalculateScore(perplexity_score); 78ms in CalculateScore(ss_theta_score); ]
I0125 12:57:29.322518  9388 master_component.cc:991] NormalizeModelArgs: pwt_target_name=pwt, nwt_source_name=nwt, rwt_source_name=
I0125 12:57:29.322518  9388 master_component.cc:617] MasterComponent: start normalizing model nwt
I0125 12:57:29.353768  9388 master_component.cc:639] MasterComponent: complete normalizing model nwt
I0125 12:57:29.525653  9388 master_component.cc:1015] DisposeModel rwt
I0125 12:57:29.525653  9388 c_interface.cc:332] Pass FitOfflineMasterModelArgs, batch_filename_size=4, batch_weight_size=4, num_collection_passes=1 to void (__cdecl artm::core::MasterComponent::*)(class artm::FitOfflineMasterModelArgs const & __ptr64) __ptr64
I0125 12:57:29.525653  9388 master_component.cc:942] ProcessBatchesArgs: nwt_target_name=nwt, batch_filename_size=4, batch_size=0, batch_weight_size=4, pwt_source_name=pwt, num_document_passes=5, class=(@default_class:1), reuse_theta=no, opt_for_avx=yes, predict_class_id=
I0125 12:57:29.572530  9364 processor.cc:669] Processing queue has data, processing started
I0125 12:57:29.572530 12408 processor.cc:669] Processing queue has data, processing started
I0125 12:57:40.912555 12408 processor.cc:746] Processor: start processing batch ae3644b4-95f2-463e-b7a4-9eeedade5e9d into model nwt
I0125 12:57:43.488278  9364 processor.cc:746] Processor: start processing batch c7409bab-46bb-42a3-9fb3-feaeb2330f73 into model nwt
I0125 12:57:47.992576  9128 processor.cc:746] Processor: start processing batch e0286f04-8790-4317-a1ab-8d6162d31f1b into model nwt
I0125 12:57:49.298038  9364 processor.cc:842] Processor: complete processing batch c7409bab-46bb-42a3-9fb3-feaeb2330f73 into model nwt
I0125 12:57:49.360543  9364 cuckoo_watch.h:44] 19788ms in ProcessBatch(Q:\topic_modeling\data\postnauka\bigARTM_files\pn_model1\aaaaad.batch) [including 13915ms in LoadMessage; 734ms in InitializeSparseNdw; 3934ms in InferThetaAndUpdateNwtSparse; 1109ms in CalculateScore(perplexity_score); 31ms in CalculateScore(ss_theta_score); ]
I0125 12:57:49.657426  9364 processor.cc:662] No data in processing queue, waiting...
I0125 12:57:52.362632 12408 processor.cc:842] Processor: complete processing batch ae3644b4-95f2-463e-b7a4-9eeedade5e9d into model nwt
I0125 12:57:52.425135 12408 cuckoo_watch.h:44] 22852ms in ProcessBatch(Q:\topic_modeling\data\postnauka\bigARTM_files\pn_model1\aaaaac.batch) [including 11340ms in LoadMessage; 1091ms in InitializeSparseNdw; 8560ms in InferThetaAndUpdateNwtSparse; 1783ms in CalculateScore(perplexity_score); 15ms in CalculateScore(ss_theta_score); ]
I0125 12:57:52.722023 12408 processor.cc:662] No data in processing queue, waiting...
I0125 12:57:53.034538   992 processor.cc:746] Processor: start processing batch 26ebd86a-496b-4960-ab22-a50f3c1e007e into model nwt
I0125 12:58:00.157510  9128 processor.cc:842] Processor: complete processing batch e0286f04-8790-4317-a1ab-8d6162d31f1b into model nwt
I0125 12:58:00.238237  9128 cuckoo_watch.h:44] 30665ms in ProcessBatch(Q:\topic_modeling\data\postnauka\bigARTM_files\pn_model1\aaaaab.batch) [including 18420ms in LoadMessage; 2305ms in InitializeSparseNdw; 8056ms in InferThetaAndUpdateNwtSparse; 1787ms in CalculateScore(perplexity_score); 15ms in CalculateScore(ss_theta_score); ]
I0125 12:58:00.535146  9128 processor.cc:662] No data in processing queue, waiting...
I0125 12:58:04.645606   992 processor.cc:842] Processor: complete processing batch 26ebd86a-496b-4960-ab22-a50f3c1e007e into model nwt
I0125 12:58:04.692478   992 cuckoo_watch.h:44] 35135ms in ProcessBatch(Q:\topic_modeling\data\postnauka\bigARTM_files\pn_model1\aaaaaa.batch) [including 23477ms in LoadMessage; 1542ms in InitializeSparseNdw; 8646ms in InferThetaAndUpdateNwtSparse; 1406ms in CalculateScore(perplexity_score); 15ms in CalculateScore(ss_theta_score); ]
I0125 12:58:04.708106  9388 master_component.cc:991] NormalizeModelArgs: pwt_target_name=pwt, nwt_source_name=nwt, rwt_source_name=
I0125 12:58:04.708106  9388 master_component.cc:617] MasterComponent: start normalizing model nwt
I0125 12:58:04.739358  9388 master_component.cc:639] MasterComponent: complete normalizing model nwt
I0125 12:58:04.848742  9388 master_component.cc:1015] DisposeModel rwt
I0125 12:58:04.864364  9388 c_interface.cc:332] Pass FitOfflineMasterModelArgs, batch_filename_size=4, batch_weight_size=4, num_collection_passes=1 to void (__cdecl artm::core::MasterComponent::*)(class artm::FitOfflineMasterModelArgs const & __ptr64) __ptr64
I0125 12:58:04.864364  9388 master_component.cc:942] ProcessBatchesArgs: nwt_target_name=nwt, batch_filename_size=4, batch_size=0, batch_weight_size=4, pwt_source_name=pwt, num_document_passes=5, class=(@default_class:1), reuse_theta=no, opt_for_avx=yes, predict_class_id=
I0125 12:58:04.895615  9364 processor.cc:669] Processing queue has data, processing started
I0125 12:58:04.895615 12408 processor.cc:669] Processing queue has data, processing started
I0125 12:58:04.911240  9128 processor.cc:669] Processing queue has data, processing started
I0125 12:58:05.497700  9128 processor.cc:746] Processor: start processing batch c7409bab-46bb-42a3-9fb3-feaeb2330f73 into model nwt
I0125 12:58:05.888341 12408 processor.cc:746] Processor: start processing batch e0286f04-8790-4317-a1ab-8d6162d31f1b into model nwt
I0125 12:58:05.919594  9364 processor.cc:746] Processor: start processing batch 26ebd86a-496b-4960-ab22-a50f3c1e007e into model nwt
I0125 12:58:05.950845   992 processor.cc:746] Processor: start processing batch ae3644b4-95f2-463e-b7a4-9eeedade5e9d into model nwt
I0125 12:58:12.757202  9128 processor.cc:842] Processor: complete processing batch c7409bab-46bb-42a3-9fb3-feaeb2330f73 into model nwt
I0125 12:58:12.804080  9128 cuckoo_watch.h:44] 7892ms in ProcessBatch(Q:\topic_modeling\data\postnauka\bigARTM_files\pn_model1\aaaaad.batch) [including 586ms in LoadMessage; 1000ms in InitializeSparseNdw; 5150ms in InferThetaAndUpdateNwtSparse; 1093ms in CalculateScore(perplexity_score); 15ms in CalculateScore(ss_theta_score); ]
I0125 12:58:13.147847  9128 processor.cc:662] No data in processing queue, waiting...
I0125 12:58:26.364483 12408 processor.cc:842] Processor: complete processing batch e0286f04-8790-4317-a1ab-8d6162d31f1b into model nwt
I0125 12:58:26.454306 12408 cuckoo_watch.h:44] 21558ms in ProcessBatch(Q:\topic_modeling\data\postnauka\bigARTM_files\pn_model1\aaaaab.batch) [including 992ms in LoadMessage; 2218ms in InitializeSparseNdw; 13792ms in InferThetaAndUpdateNwtSparse; 4437ms in CalculateScore(perplexity_score); 26ms in CalculateScore(ss_theta_score); ]
I0125 12:58:26.536023 12408 processor.cc:662] No data in processing queue, waiting...
I0125 12:58:26.661029  9364 processor.cc:842] Processor: complete processing batch 26ebd86a-496b-4960-ab22-a50f3c1e007e into model nwt
I0125 12:58:26.739157   992 processor.cc:842] Processor: complete processing batch ae3644b4-95f2-463e-b7a4-9eeedade5e9d into model nwt
I0125 12:58:26.879789  9364 cuckoo_watch.h:44] 21984ms in ProcessBatch(Q:\topic_modeling\data\postnauka\bigARTM_files\pn_model1\aaaaaa.batch) [including 1023ms in LoadMessage; 2304ms in InitializeSparseNdw; 13847ms in InferThetaAndUpdateNwtSparse; 4573ms in CalculateScore(perplexity_score); 15ms in CalculateScore(ss_theta_score); ]
I0125 12:58:26.879789   992 cuckoo_watch.h:44] 21984ms in ProcessBatch(Q:\topic_modeling\data\postnauka\bigARTM_files\pn_model1\aaaaac.batch) [including 1055ms in LoadMessage; 2319ms in InitializeSparseNdw; 13863ms in InferThetaAndUpdateNwtSparse; 4558ms in CalculateScore(perplexity_score); 46ms in CalculateScore(ss_theta_score); ]
I0125 12:58:26.895417  9388 master_component.cc:991] NormalizeModelArgs: pwt_target_name=pwt, nwt_source_name=nwt, rwt_source_name=
I0125 12:58:26.895417  9388 master_component.cc:617] MasterComponent: start normalizing model nwt
I0125 12:58:26.930610  9364 processor.cc:662] No data in processing queue, waiting...
I0125 12:58:26.930610   992 processor.cc:662] No data in processing queue, waiting...
I0125 12:58:26.931612  9388 master_component.cc:639] MasterComponent: complete normalizing model nwt
I0125 12:58:27.035192  9388 master_component.cc:1015] DisposeModel rwt
I0125 12:58:27.035192  9388 c_interface.cc:332] Pass FitOfflineMasterModelArgs, batch_filename_size=4, batch_weight_size=4, num_collection_passes=1 to void (__cdecl artm::core::MasterComponent::*)(class artm::FitOfflineMasterModelArgs const & __ptr64) __ptr64
I0125 12:58:27.035192  9388 master_component.cc:942] ProcessBatchesArgs: nwt_target_name=nwt, batch_filename_size=4, batch_size=0, batch_weight_size=4, pwt_source_name=pwt, num_document_passes=5, class=(@default_class:1), reuse_theta=no, opt_for_avx=yes, predict_class_id=
I0125 12:58:27.082103   992 processor.cc:669] Processing queue has data, processing started
I0125 12:58:27.082103  9364 processor.cc:669] Processing queue has data, processing started
I0125 12:58:27.082103 12408 processor.cc:669] Processing queue has data, processing started
I0125 12:58:27.082103  9128 processor.cc:669] Processing queue has data, processing started
I0125 12:58:35.278290 12408 processor.cc:746] Processor: start processing batch ae3644b4-95f2-463e-b7a4-9eeedade5e9d into model nwt
I0125 12:58:36.313748  9128 processor.cc:746] Processor: start processing batch c7409bab-46bb-42a3-9fb3-feaeb2330f73 into model nwt
I0125 12:58:36.751271   992 processor.cc:746] Processor: start processing batch e0286f04-8790-4317-a1ab-8d6162d31f1b into model nwt
I0125 12:58:36.891903  9364 processor.cc:746] Processor: start processing batch 26ebd86a-496b-4960-ab22-a50f3c1e007e into model nwt
I0125 12:58:43.259357  9128 processor.cc:842] Processor: complete processing batch c7409bab-46bb-42a3-9fb3-feaeb2330f73 into model nwt
I0125 12:58:43.290608  9128 cuckoo_watch.h:44] 16208ms in ProcessBatch(Q:\topic_modeling\data\postnauka\bigARTM_files\pn_model1\aaaaad.batch) [including 9231ms in LoadMessage; 1031ms in InitializeSparseNdw; 4820ms in InferThetaAndUpdateNwtSparse; 1062ms in CalculateScore(perplexity_score); 31ms in CalculateScore(ss_theta_score); ]
I0125 12:58:43.587498  9128 processor.cc:662] No data in processing queue, waiting...
I0125 12:58:51.256523 12408 processor.cc:842] Processor: complete processing batch ae3644b4-95f2-463e-b7a4-9eeedade5e9d into model nwt
I0125 12:58:51.365900 12408 cuckoo_watch.h:44] 24283ms in ProcessBatch(Q:\topic_modeling\data\postnauka\bigARTM_files\pn_model1\aaaaac.batch) [including 8193ms in LoadMessage; 1457ms in InitializeSparseNdw; 11683ms in InferThetaAndUpdateNwtSparse; 2810ms in CalculateScore(perplexity_score); 26ms in CalculateScore(ss_theta_score); ]
I0125 12:58:51.459396 12408 processor.cc:662] No data in processing queue, waiting...
I0125 12:58:55.481680   992 processor.cc:842] Processor: complete processing batch e0286f04-8790-4317-a1ab-8d6162d31f1b into model nwt
I0125 12:58:55.550725   992 cuckoo_watch.h:44] 28468ms in ProcessBatch(Q:\topic_modeling\data\postnauka\bigARTM_files\pn_model1\aaaaab.batch) [including 9669ms in LoadMessage; 2242ms in InitializeSparseNdw; 12875ms in InferThetaAndUpdateNwtSparse; 3594ms in CalculateScore(perplexity_score); 18ms in CalculateScore(ss_theta_score); ]
I0125 12:58:55.573741   992 processor.cc:662] No data in processing queue, waiting...
I0125 12:58:55.702339  9364 processor.cc:842] Processor: complete processing batch 26ebd86a-496b-4960-ab22-a50f3c1e007e into model nwt
I0125 12:58:55.790108  9364 cuckoo_watch.h:44] 28708ms in ProcessBatch(Q:\topic_modeling\data\postnauka\bigARTM_files\pn_model1\aaaaaa.batch) [including 9809ms in LoadMessage; 2226ms in InitializeSparseNdw; 13015ms in InferThetaAndUpdateNwtSparse; 3552ms in CalculateScore(perplexity_score); 15ms in CalculateScore(ss_theta_score); ]
I0125 12:58:55.805732  9388 master_component.cc:991] NormalizeModelArgs: pwt_target_name=pwt, nwt_source_name=nwt, rwt_source_name=
I0125 12:58:55.805732  9388 master_component.cc:617] MasterComponent: start normalizing model nwt
I0125 12:58:55.836985  9388 master_component.cc:639] MasterComponent: complete normalizing model nwt
I0125 12:58:55.961992  9388 master_component.cc:1015] DisposeModel rwt
I0125 12:58:55.961992  9388 c_interface.cc:332] Pass FitOfflineMasterModelArgs, batch_filename_size=4, batch_weight_size=4, num_collection_passes=1 to void (__cdecl artm::core::MasterComponent::*)(class artm::FitOfflineMasterModelArgs const & __ptr64) __ptr64
I0125 12:58:55.961992  9388 master_component.cc:942] ProcessBatchesArgs: nwt_target_name=nwt, batch_filename_size=4, batch_size=0, batch_weight_size=4, pwt_source_name=pwt, num_document_passes=5, class=(@default_class:1), reuse_theta=no, opt_for_avx=yes, predict_class_id=
I0125 12:58:56.024493  9128 processor.cc:669] Processing queue has data, processing started
I0125 12:58:56.024493 12408 processor.cc:669] Processing queue has data, processing started
I0125 12:58:56.024493   992 processor.cc:669] Processing queue has data, processing started
I0125 12:58:56.399510  9364 processor.cc:746] Processor: start processing batch c7409bab-46bb-42a3-9fb3-feaeb2330f73 into model nwt
I0125 12:58:56.883393  9128 processor.cc:746] Processor: start processing batch 26ebd86a-496b-4960-ab22-a50f3c1e007e into model nwt
I0125 12:58:56.883393   992 processor.cc:746] Processor: start processing batch e0286f04-8790-4317-a1ab-8d6162d31f1b into model nwt
I0125 12:58:56.899018 12408 processor.cc:746] Processor: start processing batch ae3644b4-95f2-463e-b7a4-9eeedade5e9d into model nwt
I0125 12:59:05.187587  9364 processor.cc:842] Processor: complete processing batch c7409bab-46bb-42a3-9fb3-feaeb2330f73 into model nwt
I0125 12:59:05.234462  9364 cuckoo_watch.h:44] 9209ms in ProcessBatch(Q:\topic_modeling\data\postnauka\bigARTM_files\pn_model1\aaaaad.batch) [including 375ms in LoadMessage; 1015ms in InitializeSparseNdw; 6314ms in InferThetaAndUpdateNwtSparse; 1427ms in CalculateScore(perplexity_score); 31ms in CalculateScore(ss_theta_score); ]
I0125 12:59:05.314929  9364 processor.cc:662] No data in processing queue, waiting...
I0125 12:59:18.549041  9128 processor.cc:842] Processor: complete processing batch 26ebd86a-496b-4960-ab22-a50f3c1e007e into model nwt
I0125 12:59:18.658424  9128 cuckoo_watch.h:44] 22633ms in ProcessBatch(Q:\topic_modeling\data\postnauka\bigARTM_files\pn_model1\aaaaaa.batch) [including 858ms in LoadMessage; 2156ms in InitializeSparseNdw; 15555ms in InferThetaAndUpdateNwtSparse; 3922ms in CalculateScore(perplexity_score); 31ms in CalculateScore(ss_theta_score); ]
I0125 12:59:18.689676 12408 processor.cc:842] Processor: complete processing batch ae3644b4-95f2-463e-b7a4-9eeedade5e9d into model nwt
I0125 12:59:18.736549   992 processor.cc:842] Processor: complete processing batch e0286f04-8790-4317-a1ab-8d6162d31f1b into model nwt
I0125 12:59:18.843904  9128 processor.cc:662] No data in processing queue, waiting...
I0125 12:59:18.940062   992 cuckoo_watch.h:44] 22915ms in ProcessBatch(Q:\topic_modeling\data\postnauka\bigARTM_files\pn_model1\aaaaab.batch) [including 858ms in LoadMessage; 2187ms in InitializeSparseNdw; 15715ms in InferThetaAndUpdateNwtSparse; 3903ms in CalculateScore(perplexity_score); 31ms in CalculateScore(ss_theta_score); ]
I0125 12:59:18.940062 12408 cuckoo_watch.h:44] 22915ms in ProcessBatch(Q:\topic_modeling\data\postnauka\bigARTM_files\pn_model1\aaaaac.batch) [including 874ms in LoadMessage; 2187ms in InitializeSparseNdw; 15668ms in InferThetaAndUpdateNwtSparse; 3903ms in CalculateScore(perplexity_score); 15ms in CalculateScore(ss_theta_score); ]
I0125 12:59:18.955691  9388 master_component.cc:991] NormalizeModelArgs: pwt_target_name=pwt, nwt_source_name=nwt, rwt_source_name=
I0125 12:59:18.955691  9388 master_component.cc:617] MasterComponent: start normalizing model nwt
I0125 12:59:18.986941  9388 master_component.cc:639] MasterComponent: complete normalizing model nwt
I0125 12:59:19.080698  9388 master_component.cc:1015] DisposeModel rwt
I0125 12:59:19.080698  9388 c_interface.cc:332] Pass FitOfflineMasterModelArgs, batch_filename_size=4, batch_weight_size=4, num_collection_passes=1 to void (__cdecl artm::core::MasterComponent::*)(class artm::FitOfflineMasterModelArgs const & __ptr64) __ptr64
I0125 12:59:19.080698  9388 master_component.cc:942] ProcessBatchesArgs: nwt_target_name=nwt, batch_filename_size=4, batch_size=0, batch_weight_size=4, pwt_source_name=pwt, num_document_passes=5, class=(@default_class:1), reuse_theta=no, opt_for_avx=yes, predict_class_id=
I0125 12:59:19.127606  9128 processor.cc:669] Processing queue has data, processing started
I0125 12:59:19.127606  9364 processor.cc:669] Processing queue has data, processing started
I0125 12:59:24.715998  9364 processor.cc:746] Processor: start processing batch ae3644b4-95f2-463e-b7a4-9eeedade5e9d into model nwt
I0125 12:59:26.421064 12408 processor.cc:746] Processor: start processing batch e0286f04-8790-4317-a1ab-8d6162d31f1b into model nwt
I0125 12:59:27.538538   992 processor.cc:746] Processor: start processing batch c7409bab-46bb-42a3-9fb3-feaeb2330f73 into model nwt
I0125 12:59:27.972643  9128 processor.cc:746] Processor: start processing batch 26ebd86a-496b-4960-ab22-a50f3c1e007e into model nwt
I0125 12:59:35.325562   992 processor.cc:842] Processor: complete processing batch c7409bab-46bb-42a3-9fb3-feaeb2330f73 into model nwt
I0125 12:59:35.402801   992 cuckoo_watch.h:44] 16275ms in ProcessBatch(Q:\topic_modeling\data\postnauka\bigARTM_files\pn_model1\aaaaad.batch) [including 8408ms in LoadMessage; 998ms in InitializeSparseNdw; 5578ms in InferThetaAndUpdateNwtSparse; 1100ms in CalculateScore(perplexity_score); 109ms in CalculateScore(ss_theta_score); ]
I0125 12:59:35.437829   992 processor.cc:662] No data in processing queue, waiting...
I0125 12:59:41.154222  9364 processor.cc:842] Processor: complete processing batch ae3644b4-95f2-463e-b7a4-9eeedade5e9d into model nwt
I0125 12:59:41.487973  9364 cuckoo_watch.h:44] 22360ms in ProcessBatch(Q:\topic_modeling\data\postnauka\bigARTM_files\pn_model1\aaaaac.batch) [including 5585ms in LoadMessage; 1140ms in InitializeSparseNdw; 11247ms in InferThetaAndUpdateNwtSparse; 3985ms in CalculateScore(perplexity_score); 64ms in CalculateScore(ss_theta_score); ]
I0125 12:59:41.683971  9364 processor.cc:662] No data in processing queue, waiting...
I0125 12:59:44.185813 12408 processor.cc:842] Processor: complete processing batch e0286f04-8790-4317-a1ab-8d6162d31f1b into model nwt
I0125 12:59:44.279567 12408 cuckoo_watch.h:44] 25151ms in ProcessBatch(Q:\topic_modeling\data\postnauka\bigARTM_files\pn_model1\aaaaab.batch) [including 7293ms in LoadMessage; 1872ms in InitializeSparseNdw; 14040ms in InferThetaAndUpdateNwtSparse; 1836ms in CalculateScore(perplexity_score); 15ms in CalculateScore(ss_theta_score); ]
I0125 12:59:44.533010 12408 processor.cc:662] No data in processing queue, waiting...
I0125 12:59:45.554214  9128 processor.cc:842] Processor: complete processing batch 26ebd86a-496b-4960-ab22-a50f3c1e007e into model nwt
I0125 12:59:45.616715  9128 cuckoo_watch.h:44] 26489ms in ProcessBatch(Q:\topic_modeling\data\postnauka\bigARTM_files\pn_model1\aaaaaa.batch) [including 8829ms in LoadMessage; 2318ms in InitializeSparseNdw; 13655ms in InferThetaAndUpdateNwtSparse; 1576ms in CalculateScore(perplexity_score); 15ms in CalculateScore(ss_theta_score); ]
I0125 12:59:45.632341  9388 master_component.cc:991] NormalizeModelArgs: pwt_target_name=pwt, nwt_source_name=nwt, rwt_source_name=
I0125 12:59:45.632341  9388 master_component.cc:617] MasterComponent: start normalizing model nwt
I0125 12:59:45.679244  9388 master_component.cc:639] MasterComponent: complete normalizing model nwt
I0125 12:59:45.788599  9388 master_component.cc:1015] DisposeModel rwt
I0125 12:59:45.788599  9388 c_interface.cc:332] Pass FitOfflineMasterModelArgs, batch_filename_size=4, batch_weight_size=4, num_collection_passes=1 to void (__cdecl artm::core::MasterComponent::*)(class artm::FitOfflineMasterModelArgs const & __ptr64) __ptr64
I0125 12:59:45.788599  9388 master_component.cc:942] ProcessBatchesArgs: nwt_target_name=nwt, batch_filename_size=4, batch_size=0, batch_weight_size=4, pwt_source_name=pwt, num_document_passes=5, class=(@default_class:1), reuse_theta=no, opt_for_avx=yes, predict_class_id=
I0125 12:59:45.821689  9128 processor.cc:662] No data in processing queue, waiting...
I0125 12:59:45.838701 12408 processor.cc:669] Processing queue has data, processing started
I0125 12:59:45.838701   992 processor.cc:669] Processing queue has data, processing started
I0125 12:59:45.838701  9364 processor.cc:669] Processing queue has data, processing started
I0125 12:59:45.841706  9128 processor.cc:669] Processing queue has data, processing started
I0125 12:59:46.260002  9128 processor.cc:746] Processor: start processing batch c7409bab-46bb-42a3-9fb3-feaeb2330f73 into model nwt
I0125 12:59:46.723127   992 processor.cc:746] Processor: start processing batch e0286f04-8790-4317-a1ab-8d6162d31f1b into model nwt
I0125 12:59:46.754377 12408 processor.cc:746] Processor: start processing batch 26ebd86a-496b-4960-ab22-a50f3c1e007e into model nwt
I0125 12:59:46.785631  9364 processor.cc:746] Processor: start processing batch ae3644b4-95f2-463e-b7a4-9eeedade5e9d into model nwt
I0125 12:59:55.874840  9128 processor.cc:842] Processor: complete processing batch c7409bab-46bb-42a3-9fb3-feaeb2330f73 into model nwt
I0125 12:59:55.914866  9128 cuckoo_watch.h:44] 10073ms in ProcessBatch(Q:\topic_modeling\data\postnauka\bigARTM_files\pn_model1\aaaaad.batch) [including 418ms in LoadMessage; 1042ms in InitializeSparseNdw; 7430ms in InferThetaAndUpdateNwtSparse; 1113ms in CalculateScore(perplexity_score); 28ms in CalculateScore(ss_theta_score); ]
I0125 12:59:55.971904  9128 processor.cc:662] No data in processing queue, waiting...
I0125 13:00:11.631361 12408 processor.cc:842] Processor: complete processing batch 26ebd86a-496b-4960-ab22-a50f3c1e007e into model nwt
I0125 13:00:11.709489 12408 cuckoo_watch.h:44] 25870ms in ProcessBatch(Q:\topic_modeling\data\postnauka\bigARTM_files\pn_model1\aaaaaa.batch) [including 915ms in LoadMessage; 3142ms in InitializeSparseNdw; 17302ms in InferThetaAndUpdateNwtSparse; 4414ms in CalculateScore(perplexity_score); 15ms in CalculateScore(ss_theta_score); ]
I0125 13:00:11.803247   992 processor.cc:842] Processor: complete processing batch e0286f04-8790-4317-a1ab-8d6162d31f1b into model nwt
I0125 13:00:11.803247  9364 processor.cc:842] Processor: complete processing batch ae3644b4-95f2-463e-b7a4-9eeedade5e9d into model nwt
I0125 13:00:11.898454 12408 processor.cc:662] No data in processing queue, waiting...
I0125 13:00:12.116757  9364 cuckoo_watch.h:44] 26278ms in ProcessBatch(Q:\topic_modeling\data\postnauka\bigARTM_files\pn_model1\aaaaac.batch) [including 931ms in LoadMessage; 3126ms in InitializeSparseNdw; 17449ms in InferThetaAndUpdateNwtSparse; 4426ms in CalculateScore(perplexity_score); 15ms in CalculateScore(ss_theta_score); ]
I0125 13:00:12.116757   992 cuckoo_watch.h:44] 26278ms in ProcessBatch(Q:\topic_modeling\data\postnauka\bigARTM_files\pn_model1\aaaaab.batch) [including 884ms in LoadMessage; 2923ms in InitializeSparseNdw; 17689ms in InferThetaAndUpdateNwtSparse; 4450ms in CalculateScore(perplexity_score); 15ms in CalculateScore(ss_theta_score); ]
I0125 13:00:12.132385  9388 master_component.cc:991] NormalizeModelArgs: pwt_target_name=pwt, nwt_source_name=nwt, rwt_source_name=
I0125 13:00:12.132385  9388 master_component.cc:617] MasterComponent: start normalizing model nwt
I0125 13:00:12.163635  9388 master_component.cc:639] MasterComponent: complete normalizing model nwt
I0125 13:00:12.288643  9388 master_component.cc:1015] DisposeModel rwt
I0125 13:00:12.288643  9388 c_interface.cc:332] Pass FitOfflineMasterModelArgs, batch_filename_size=4, batch_weight_size=4, num_collection_passes=1 to void (__cdecl artm::core::MasterComponent::*)(class artm::FitOfflineMasterModelArgs const & __ptr64) __ptr64
I0125 13:00:12.288643  9388 master_component.cc:942] ProcessBatchesArgs: nwt_target_name=nwt, batch_filename_size=4, batch_size=0, batch_weight_size=4, pwt_source_name=pwt, num_document_passes=5, class=(@default_class:1), reuse_theta=no, opt_for_avx=yes, predict_class_id=
I0125 13:00:12.319916  9128 processor.cc:669] Processing queue has data, processing started
I0125 13:00:12.319916 12408 processor.cc:669] Processing queue has data, processing started
I0125 13:00:27.823948 12408 processor.cc:746] Processor: start processing batch ae3644b4-95f2-463e-b7a4-9eeedade5e9d into model nwt
I0125 13:00:28.005071  9364 processor.cc:746] Processor: start processing batch c7409bab-46bb-42a3-9fb3-feaeb2330f73 into model nwt
I0125 13:00:28.024935  9128 processor.cc:746] Processor: start processing batch e0286f04-8790-4317-a1ab-8d6162d31f1b into model nwt
I0125 13:00:28.602165   992 processor.cc:746] Processor: start processing batch 26ebd86a-496b-4960-ab22-a50f3c1e007e into model nwt
I0125 13:00:35.423588  9364 processor.cc:842] Processor: complete processing batch c7409bab-46bb-42a3-9fb3-feaeb2330f73 into model nwt
I0125 13:00:35.454843  9364 cuckoo_watch.h:44] 23134ms in ProcessBatch(Q:\topic_modeling\data\postnauka\bigARTM_files\pn_model1\aaaaad.batch) [including 15682ms in LoadMessage; 1003ms in InitializeSparseNdw; 5208ms in InferThetaAndUpdateNwtSparse; 1175ms in CalculateScore(perplexity_score); 31ms in CalculateScore(ss_theta_score); ]
I0125 13:00:35.586429  9364 processor.cc:662] No data in processing queue, waiting...
I0125 13:00:47.222972 12408 processor.cc:842] Processor: complete processing batch ae3644b4-95f2-463e-b7a4-9eeedade5e9d into model nwt
I0125 13:00:47.418027 12408 cuckoo_watch.h:44] 35098ms in ProcessBatch(Q:\topic_modeling\data\postnauka\bigARTM_files\pn_model1\aaaaac.batch) [including 15501ms in LoadMessage; 2174ms in InitializeSparseNdw; 13905ms in InferThetaAndUpdateNwtSparse; 3236ms in CalculateScore(perplexity_score); 81ms in CalculateScore(ss_theta_score); ]
I0125 13:00:47.714917 12408 processor.cc:662] No data in processing queue, waiting...
I0125 13:00:48.433701  9128 processor.cc:842] Processor: complete processing batch e0286f04-8790-4317-a1ab-8d6162d31f1b into model nwt
I0125 13:00:48.652461  9128 cuckoo_watch.h:44] 36332ms in ProcessBatch(Q:\topic_modeling\data\postnauka\bigARTM_files\pn_model1\aaaaab.batch) [including 15705ms in LoadMessage; 2314ms in InitializeSparseNdw; 14041ms in InferThetaAndUpdateNwtSparse; 3974ms in CalculateScore(perplexity_score); 78ms in CalculateScore(ss_theta_score); ]
I0125 13:00:48.949348  9128 processor.cc:662] No data in processing queue, waiting...
I0125 13:00:49.479033   992 processor.cc:842] Processor: complete processing batch 26ebd86a-496b-4960-ab22-a50f3c1e007e into model nwt
I0125 13:00:49.572788   992 cuckoo_watch.h:44] 37252ms in ProcessBatch(Q:\topic_modeling\data\postnauka\bigARTM_files\pn_model1\aaaaaa.batch) [including 16282ms in LoadMessage; 2337ms in InitializeSparseNdw; 14407ms in InferThetaAndUpdateNwtSparse; 4116ms in CalculateScore(perplexity_score); 15ms in CalculateScore(ss_theta_score); ]
I0125 13:00:49.588415  9388 master_component.cc:991] NormalizeModelArgs: pwt_target_name=pwt, nwt_source_name=nwt, rwt_source_name=
I0125 13:00:49.588415  9388 master_component.cc:617] MasterComponent: start normalizing model nwt
I0125 13:00:49.619668  9388 master_component.cc:639] MasterComponent: complete normalizing model nwt
I0125 13:00:49.744673  9388 master_component.cc:1015] DisposeModel rwt
I0125 13:00:49.760298  9388 c_interface.cc:332] Pass FitOfflineMasterModelArgs, batch_filename_size=4, batch_weight_size=4, num_collection_passes=1 to void (__cdecl artm::core::MasterComponent::*)(class artm::FitOfflineMasterModelArgs const & __ptr64) __ptr64
I0125 13:00:49.760298  9388 master_component.cc:942] ProcessBatchesArgs: nwt_target_name=nwt, batch_filename_size=4, batch_size=0, batch_weight_size=4, pwt_source_name=pwt, num_document_passes=5, class=(@default_class:1), reuse_theta=no, opt_for_avx=yes, predict_class_id=
I0125 13:00:49.807206  9128 processor.cc:669] Processing queue has data, processing started
I0125 13:00:49.807206 12408 processor.cc:669] Processing queue has data, processing started
I0125 13:00:49.807206  9364 processor.cc:669] Processing queue has data, processing started
I0125 13:01:04.872545   992 processor.cc:746] Processor: start processing batch c7409bab-46bb-42a3-9fb3-feaeb2330f73 into model nwt
I0125 13:01:08.876173   992 processor.cc:842] Processor: complete processing batch c7409bab-46bb-42a3-9fb3-feaeb2330f73 into model nwt
I0125 13:01:08.905189   992 cuckoo_watch.h:44] 19097ms in ProcessBatch(Q:\topic_modeling\data\postnauka\bigARTM_files\pn_model1\aaaaad.batch) [including 15065ms in LoadMessage; 500ms in InitializeSparseNdw; 2857ms in InferThetaAndUpdateNwtSparse; 626ms in CalculateScore(perplexity_score); 20ms in CalculateScore(ss_theta_score); ]
I0125 13:01:08.925201   992 processor.cc:662] No data in processing queue, waiting...
I0125 13:01:11.025429  9128 processor.cc:746] Processor: start processing batch 26ebd86a-496b-4960-ab22-a50f3c1e007e into model nwt
I0125 13:01:11.525645 12408 processor.cc:746] Processor: start processing batch e0286f04-8790-4317-a1ab-8d6162d31f1b into model nwt
I0125 13:01:12.907657  9364 processor.cc:746] Processor: start processing batch ae3644b4-95f2-463e-b7a4-9eeedade5e9d into model nwt
I0125 13:01:26.285981  9128 processor.cc:842] Processor: complete processing batch 26ebd86a-496b-4960-ab22-a50f3c1e007e into model nwt
I0125 13:01:26.489115  9128 cuckoo_watch.h:44] 36681ms in ProcessBatch(Q:\topic_modeling\data\postnauka\bigARTM_files\pn_model1\aaaaaa.batch) [including 21218ms in LoadMessage; 1475ms in InitializeSparseNdw; 10680ms in InferThetaAndUpdateNwtSparse; 3010ms in CalculateScore(perplexity_score); 93ms in CalculateScore(ss_theta_score); ]
I0125 13:01:26.786005  9128 processor.cc:662] No data in processing queue, waiting...
I0125 13:01:28.116394 12408 processor.cc:842] Processor: complete processing batch e0286f04-8790-4317-a1ab-8d6162d31f1b into model nwt
I0125 13:01:28.178897 12408 cuckoo_watch.h:44] 38371ms in ProcessBatch(Q:\topic_modeling\data\postnauka\bigARTM_files\pn_model1\aaaaab.batch) [including 21718ms in LoadMessage; 1741ms in InitializeSparseNdw; 11227ms in InferThetaAndUpdateNwtSparse; 3590ms in CalculateScore(perplexity_score); 31ms in CalculateScore(ss_theta_score); ]
I0125 13:01:28.446660 12408 processor.cc:662] No data in processing queue, waiting...
I0125 13:01:29.427700  9364 processor.cc:842] Processor: complete processing batch ae3644b4-95f2-463e-b7a4-9eeedade5e9d into model nwt
I0125 13:01:29.521456  9364 cuckoo_watch.h:44] 39714ms in ProcessBatch(Q:\topic_modeling\data\postnauka\bigARTM_files\pn_model1\aaaaac.batch) [including 23100ms in LoadMessage; 2045ms in InitializeSparseNdw; 12976ms in InferThetaAndUpdateNwtSparse; 1483ms in CalculateScore(perplexity_score); 15ms in CalculateScore(ss_theta_score); ]
I0125 13:01:29.537082  9388 master_component.cc:991] NormalizeModelArgs: pwt_target_name=pwt, nwt_source_name=nwt, rwt_source_name=
I0125 13:01:29.537082  9388 master_component.cc:617] MasterComponent: start normalizing model nwt
I0125 13:01:29.568332  9388 master_component.cc:639] MasterComponent: complete normalizing model nwt
I0125 13:01:29.708966  9388 master_component.cc:1015] DisposeModel rwt
I0125 13:01:29.708966  9388 c_interface.cc:332] Pass FitOfflineMasterModelArgs, batch_filename_size=4, batch_weight_size=4, num_collection_passes=1 to void (__cdecl artm::core::MasterComponent::*)(class artm::FitOfflineMasterModelArgs const & __ptr64) __ptr64
I0125 13:01:29.708966  9388 master_component.cc:942] ProcessBatchesArgs: nwt_target_name=nwt, batch_filename_size=4, batch_size=0, batch_weight_size=4, pwt_source_name=pwt, num_document_passes=5, class=(@default_class:1), reuse_theta=no, opt_for_avx=yes, predict_class_id=
I0125 13:01:29.771466  9128 processor.cc:669] Processing queue has data, processing started
I0125 13:01:29.771466 12408 processor.cc:669] Processing queue has data, processing started
I0125 13:01:29.771466   992 processor.cc:669] Processing queue has data, processing started
I0125 13:01:31.037152 12408 processor.cc:746] Processor: start processing batch ae3644b4-95f2-463e-b7a4-9eeedade5e9d into model nwt
I0125 13:01:31.224660   992 processor.cc:746] Processor: start processing batch c7409bab-46bb-42a3-9fb3-feaeb2330f73 into model nwt
I0125 13:01:31.740312  9364 processor.cc:746] Processor: start processing batch e0286f04-8790-4317-a1ab-8d6162d31f1b into model nwt
I0125 13:01:31.849691  9128 processor.cc:746] Processor: start processing batch 26ebd86a-496b-4960-ab22-a50f3c1e007e into model nwt
I0125 13:01:40.211817   992 processor.cc:842] Processor: complete processing batch c7409bab-46bb-42a3-9fb3-feaeb2330f73 into model nwt
I0125 13:01:40.243072   992 cuckoo_watch.h:44] 10471ms in ProcessBatch(Q:\topic_modeling\data\postnauka\bigARTM_files\pn_model1\aaaaad.batch) [including 1453ms in LoadMessage; 1078ms in InitializeSparseNdw; 6786ms in InferThetaAndUpdateNwtSparse; 1091ms in CalculateScore(perplexity_score); 31ms in CalculateScore(ss_theta_score); ]
I0125 13:01:40.539958   992 processor.cc:662] No data in processing queue, waiting...
I0125 13:01:52.687491 12408 processor.cc:842] Processor: complete processing batch ae3644b4-95f2-463e-b7a4-9eeedade5e9d into model nwt
I0125 13:01:53.078143 12408 cuckoo_watch.h:44] 23306ms in ProcessBatch(Q:\topic_modeling\data\postnauka\bigARTM_files\pn_model1\aaaaac.batch) [including 1265ms in LoadMessage; 2218ms in InitializeSparseNdw; 16747ms in InferThetaAndUpdateNwtSparse; 2599ms in CalculateScore(perplexity_score); 84ms in CalculateScore(ss_theta_score); ]
I0125 13:01:53.375031 12408 processor.cc:662] No data in processing queue, waiting...
I0125 13:01:55.311085  9364 processor.cc:842] Processor: complete processing batch e0286f04-8790-4317-a1ab-8d6162d31f1b into model nwt
I0125 13:01:55.420464  9364 cuckoo_watch.h:44] 25648ms in ProcessBatch(Q:\topic_modeling\data\postnauka\bigARTM_files\pn_model1\aaaaab.batch) [including 1968ms in LoadMessage; 2265ms in InitializeSparseNdw; 17276ms in InferThetaAndUpdateNwtSparse; 4012ms in CalculateScore(perplexity_score); 15ms in CalculateScore(ss_theta_score); ]
I0125 13:01:55.420464  9128 processor.cc:842] Processor: complete processing batch 26ebd86a-496b-4960-ab22-a50f3c1e007e into model nwt
I0125 13:01:55.529844  9128 cuckoo_watch.h:44] 25758ms in ProcessBatch(Q:\topic_modeling\data\postnauka\bigARTM_files\pn_model1\aaaaaa.batch) [including 2078ms in LoadMessage; 2312ms in InitializeSparseNdw; 17229ms in InferThetaAndUpdateNwtSparse; 4012ms in CalculateScore(perplexity_score); 15ms in CalculateScore(ss_theta_score); ]
I0125 13:01:55.545475  9388 master_component.cc:991] NormalizeModelArgs: pwt_target_name=pwt, nwt_source_name=nwt, rwt_source_name=
I0125 13:01:55.545475  9388 master_component.cc:617] MasterComponent: start normalizing model nwt
I0125 13:01:55.576726  9388 master_component.cc:639] MasterComponent: complete normalizing model nwt
I0125 13:01:55.670480  9388 master_component.cc:1015] DisposeModel rwt
I0125 13:01:55.670480  9388 c_interface.cc:332] Pass FitOfflineMasterModelArgs, batch_filename_size=4, batch_weight_size=4, num_collection_passes=1 to void (__cdecl artm::core::MasterComponent::*)(class artm::FitOfflineMasterModelArgs const & __ptr64) __ptr64
I0125 13:01:55.670480  9388 master_component.cc:942] ProcessBatchesArgs: nwt_target_name=nwt, batch_filename_size=4, batch_size=0, batch_weight_size=4, pwt_source_name=pwt, num_document_passes=5, class=(@default_class:1), reuse_theta=no, opt_for_avx=yes, predict_class_id=
I0125 13:01:55.717352 12408 processor.cc:669] Processing queue has data, processing started
I0125 13:01:55.717352   992 processor.cc:669] Processing queue has data, processing started
I0125 13:02:08.873255   992 processor.cc:746] Processor: start processing batch e0286f04-8790-4317-a1ab-8d6162d31f1b into model nwt
I0125 13:02:09.357655 12408 processor.cc:746] Processor: start processing batch c7409bab-46bb-42a3-9fb3-feaeb2330f73 into model nwt
I0125 13:02:10.637217  9128 processor.cc:746] Processor: start processing batch 26ebd86a-496b-4960-ab22-a50f3c1e007e into model nwt
I0125 13:02:11.062487  9364 processor.cc:746] Processor: start processing batch ae3644b4-95f2-463e-b7a4-9eeedade5e9d into model nwt
I0125 13:02:16.570538 12408 processor.cc:842] Processor: complete processing batch c7409bab-46bb-42a3-9fb3-feaeb2330f73 into model nwt
I0125 13:02:16.601786 12408 cuckoo_watch.h:44] 20884ms in ProcessBatch(Q:\topic_modeling\data\postnauka\bigARTM_files\pn_model1\aaaaad.batch) [including 13640ms in LoadMessage; 725ms in InitializeSparseNdw; 5376ms in InferThetaAndUpdateNwtSparse; 1079ms in CalculateScore(perplexity_score); 31ms in CalculateScore(ss_theta_score); ]
I0125 13:02:16.914300 12408 processor.cc:662] No data in processing queue, waiting...
I0125 13:02:27.629918   992 processor.cc:842] Processor: complete processing batch e0286f04-8790-4317-a1ab-8d6162d31f1b into model nwt
I0125 13:02:27.769007   992 cuckoo_watch.h:44] 32051ms in ProcessBatch(Q:\topic_modeling\data\postnauka\bigARTM_files\pn_model1\aaaaab.batch) [including 13155ms in LoadMessage; 1529ms in InitializeSparseNdw; 14328ms in InferThetaAndUpdateNwtSparse; 2863ms in CalculateScore(perplexity_score); 35ms in CalculateScore(ss_theta_score); ]
I0125 13:02:27.796033   992 processor.cc:662] No data in processing queue, waiting...
I0125 13:02:30.900895  9128 processor.cc:842] Processor: complete processing batch 26ebd86a-496b-4960-ab22-a50f3c1e007e into model nwt
