I0125 13:57:16.219313  7616 processor.cc:662] No data in processing queue, waiting...
I0125 13:57:21.592838  8340 processor.cc:842] Processor: complete processing batch e0286f04-8790-4317-a1ab-8d6162d31f1b into model nwt
I0125 13:57:22.010380  8340 cuckoo_watch.h:44] 26636ms in ProcessBatch(Q:\topic_modeling\data\postnauka\bigARTM_files\pn_model1\aaaaab.batch) [including 7132ms in LoadMessage; 2600ms in InitializeSparseNdw; 14453ms in InferThetaAndUpdateNwtSparse; 2008ms in CalculateScore(perplexity_score); 21ms in CalculateScore(ss_theta_score); ]
I0125 13:57:22.032395  8340 processor.cc:662] No data in processing queue, waiting...
I0125 13:57:22.630589 13588 processor.cc:842] Processor: complete processing batch 26ebd86a-496b-4960-ab22-a50f3c1e007e into model nwt
I0125 13:57:23.293387 13588 cuckoo_watch.h:44] 27919ms in ProcessBatch(Q:\topic_modeling\data\postnauka\bigARTM_files\pn_model1\aaaaaa.batch) [including 7470ms in LoadMessage; 3023ms in InitializeSparseNdw; 13981ms in InferThetaAndUpdateNwtSparse; 2727ms in CalculateScore(perplexity_score); 51ms in CalculateScore(ss_theta_score); ]
I0125 13:57:23.293891  9388 master_component.cc:980] RegularizeModelArgs: rwt_target_name=rwt, pwt_source_name=pwt, nwt_source_name=nwt
I0125 13:57:23.293891  9388 master_component.cc:590] MasterComponent: start regularizing model pwt
I0125 13:57:23.315902 13588 processor.cc:662] No data in processing queue, waiting...
I0125 13:57:23.627156  9388 master_component.cc:613] MasterComponent: complete regularizing model pwt
I0125 13:57:23.627156  9388 master_component.cc:991] NormalizeModelArgs: pwt_target_name=pwt, nwt_source_name=nwt, rwt_source_name=rwt
I0125 13:57:23.627156  9388 master_component.cc:617] MasterComponent: start normalizing model nwt
I0125 13:57:23.835809  9388 master_component.cc:639] MasterComponent: complete normalizing model nwt
I0125 13:57:24.128047  9388 master_component.cc:1015] DisposeModel rwt
I0125 13:57:24.140058  9388 c_interface.cc:332] Pass FitOfflineMasterModelArgs, batch_filename_size=4, batch_weight_size=4, num_collection_passes=1 to void (__cdecl artm::core::MasterComponent::*)(class artm::FitOfflineMasterModelArgs const & __ptr64) __ptr64
I0125 13:57:24.140058  9388 master_component.cc:942] ProcessBatchesArgs: nwt_target_name=nwt, batch_filename_size=4, batch_size=0, batch_weight_size=4, pwt_source_name=pwt, num_document_passes=5, regularizer=(name:decorrelator_phi_regularizer, tau:100), regularizer=(name:ss_theta_regularizer, tau:-1.5), regularizer=(name:ss_phi_regularizer, tau:-2), class=(@default_class:1), reuse_theta=no, opt_for_avx=yes, predict_class_id=
I0125 13:57:24.187593  7616 processor.cc:669] Processing queue has data, processing started
I0125 13:57:24.187593  8340 processor.cc:669] Processing queue has data, processing started
I0125 13:57:24.187593 13664 processor.cc:669] Processing queue has data, processing started
I0125 13:57:24.187593 13588 processor.cc:669] Processing queue has data, processing started
I0125 13:57:24.991077 13588 processor.cc:746] Processor: start processing batch c7409bab-46bb-42a3-9fb3-feaeb2330f73 into model nwt
I0125 13:57:26.281703 13664 processor.cc:746] Processor: start processing batch ae3644b4-95f2-463e-b7a4-9eeedade5e9d into model nwt
I0125 13:57:26.285207  7616 processor.cc:746] Processor: start processing batch e0286f04-8790-4317-a1ab-8d6162d31f1b into model nwt
I0125 13:57:26.290830  8340 processor.cc:746] Processor: start processing batch 26ebd86a-496b-4960-ab22-a50f3c1e007e into model nwt
I0125 13:57:33.081921 13588 processor.cc:842] Processor: complete processing batch c7409bab-46bb-42a3-9fb3-feaeb2330f73 into model nwt
I0125 13:57:33.260534 13588 cuckoo_watch.h:44] 9072ms in ProcessBatch(Q:\topic_modeling\data\postnauka\bigARTM_files\pn_model1\aaaaad.batch) [including 801ms in LoadMessage; 981ms in InitializeSparseNdw; 5908ms in InferThetaAndUpdateNwtSparse; 1166ms in CalculateScore(perplexity_score); 34ms in CalculateScore(ss_theta_score); ]
I0125 13:57:33.465169 13588 processor.cc:662] No data in processing queue, waiting...
I0125 13:57:49.023605 13664 processor.cc:842] Processor: complete processing batch ae3644b4-95f2-463e-b7a4-9eeedade5e9d into model nwt
I0125 13:57:49.066134  8340 processor.cc:842] Processor: complete processing batch 26ebd86a-496b-4960-ab22-a50f3c1e007e into model nwt
I0125 13:57:49.093652  7616 processor.cc:842] Processor: complete processing batch e0286f04-8790-4317-a1ab-8d6162d31f1b into model nwt
I0125 13:57:49.344847  7616 cuckoo_watch.h:44] 25156ms in ProcessBatch(Q:\topic_modeling\data\postnauka\bigARTM_files\pn_model1\aaaaab.batch) [including 2095ms in LoadMessage; 2426ms in InitializeSparseNdw; 16027ms in InferThetaAndUpdateNwtSparse; 4299ms in CalculateScore(perplexity_score); 54ms in CalculateScore(ss_theta_score); ]
I0125 13:57:49.381743  7616 processor.cc:662] No data in processing queue, waiting...
I0125 13:57:49.711184  8340 cuckoo_watch.h:44] 25474ms in ProcessBatch(Q:\topic_modeling\data\postnauka\bigARTM_files\pn_model1\aaaaaa.batch) [including 2101ms in LoadMessage; 2468ms in InitializeSparseNdw; 16040ms in InferThetaAndUpdateNwtSparse; 4211ms in CalculateScore(perplexity_score); 49ms in CalculateScore(ss_theta_score); ]
I0125 13:57:49.744707  8340 processor.cc:662] No data in processing queue, waiting...
I0125 13:57:49.768226 13664 cuckoo_watch.h:44] 25580ms in ProcessBatch(Q:\topic_modeling\data\postnauka\bigARTM_files\pn_model1\aaaaac.batch) [including 2092ms in LoadMessage; 2430ms in InitializeSparseNdw; 15952ms in InferThetaAndUpdateNwtSparse; 4331ms in CalculateScore(perplexity_score); 26ms in CalculateScore(ss_theta_score); ]
I0125 13:57:49.770233  9388 master_component.cc:980] RegularizeModelArgs: rwt_target_name=rwt, pwt_source_name=pwt, nwt_source_name=nwt
I0125 13:57:49.770233  9388 master_component.cc:590] MasterComponent: start regularizing model pwt
I0125 13:57:49.791240 13664 processor.cc:662] No data in processing queue, waiting...
I0125 13:57:49.851783  9388 master_component.cc:613] MasterComponent: complete regularizing model pwt
I0125 13:57:49.851783  9388 master_component.cc:991] NormalizeModelArgs: pwt_target_name=pwt, nwt_source_name=nwt, rwt_source_name=rwt
I0125 13:57:49.851783  9388 master_component.cc:617] MasterComponent: start normalizing model nwt
I0125 13:57:49.888309  9388 master_component.cc:639] MasterComponent: complete normalizing model nwt
I0125 13:57:50.000392  9388 master_component.cc:1015] DisposeModel rwt
I0125 13:57:50.005396  9388 c_interface.cc:332] Pass FitOfflineMasterModelArgs, batch_filename_size=4, batch_weight_size=4, num_collection_passes=1 to void (__cdecl artm::core::MasterComponent::*)(class artm::FitOfflineMasterModelArgs const & __ptr64) __ptr64
I0125 13:57:50.005396  9388 master_component.cc:942] ProcessBatchesArgs: nwt_target_name=nwt, batch_filename_size=4, batch_size=0, batch_weight_size=4, pwt_source_name=pwt, num_document_passes=5, regularizer=(name:decorrelator_phi_regularizer, tau:100), regularizer=(name:ss_theta_regularizer, tau:-1.5), regularizer=(name:ss_phi_regularizer, tau:-2), class=(@default_class:1), reuse_theta=no, opt_for_avx=yes, predict_class_id=
I0125 13:57:50.036417 13588 processor.cc:669] Processing queue has data, processing started
I0125 13:57:50.036417  7616 processor.cc:669] Processing queue has data, processing started
I0125 13:57:50.036417 13664 processor.cc:669] Processing queue has data, processing started
I0125 13:57:50.037418  8340 processor.cc:669] Processing queue has data, processing started
I0125 13:58:05.492734 13664 processor.cc:746] Processor: start processing batch e0286f04-8790-4317-a1ab-8d6162d31f1b into model nwt
I0125 13:58:06.687852  7616 processor.cc:746] Processor: start processing batch ae3644b4-95f2-463e-b7a4-9eeedade5e9d into model nwt
I0125 13:58:16.405004 13588 processor.cc:746] Processor: start processing batch 26ebd86a-496b-4960-ab22-a50f3c1e007e into model nwt
I0125 13:58:17.908586 13664 processor.cc:842] Processor: complete processing batch e0286f04-8790-4317-a1ab-8d6162d31f1b into model nwt
I0125 13:58:18.131234 13664 cuckoo_watch.h:44] 28094ms in ProcessBatch(Q:\topic_modeling\data\postnauka\bigARTM_files\pn_model1\aaaaab.batch) [including 15455ms in LoadMessage; 1675ms in InitializeSparseNdw; 8093ms in InferThetaAndUpdateNwtSparse; 2497ms in CalculateScore(perplexity_score); 22ms in CalculateScore(ss_theta_score); ]
I0125 13:58:18.151748 13664 processor.cc:662] No data in processing queue, waiting...
I0125 13:58:19.341037  8340 processor.cc:746] Processor: start processing batch c7409bab-46bb-42a3-9fb3-feaeb2330f73 into model nwt
I0125 13:58:19.580194  7616 processor.cc:842] Processor: complete processing batch ae3644b4-95f2-463e-b7a4-9eeedade5e9d into model nwt
I0125 13:58:20.032995  7616 cuckoo_watch.h:44] 29996ms in ProcessBatch(Q:\topic_modeling\data\postnauka\bigARTM_files\pn_model1\aaaaac.batch) [including 16649ms in LoadMessage; 1624ms in InitializeSparseNdw; 8741ms in InferThetaAndUpdateNwtSparse; 2444ms in CalculateScore(perplexity_score); 81ms in CalculateScore(ss_theta_score); ]
I0125 13:58:20.055510  7616 processor.cc:662] No data in processing queue, waiting...
I0125 13:58:25.754438  8340 processor.cc:842] Processor: complete processing batch c7409bab-46bb-42a3-9fb3-feaeb2330f73 into model nwt
I0125 13:58:25.893049  8340 cuckoo_watch.h:44] 35855ms in ProcessBatch(Q:\topic_modeling\data\postnauka\bigARTM_files\pn_model1\aaaaad.batch) [including 29299ms in LoadMessage; 2004ms in InitializeSparseNdw; 3389ms in InferThetaAndUpdateNwtSparse; 984ms in CalculateScore(perplexity_score); 32ms in CalculateScore(ss_theta_score); ]
I0125 13:58:25.920065  8340 processor.cc:662] No data in processing queue, waiting...
I0125 13:58:29.059476 13588 processor.cc:842] Processor: complete processing batch 26ebd86a-496b-4960-ab22-a50f3c1e007e into model nwt
I0125 13:58:29.273651 13588 cuckoo_watch.h:44] 39237ms in ProcessBatch(Q:\topic_modeling\data\postnauka\bigARTM_files\pn_model1\aaaaaa.batch) [including 26367ms in LoadMessage; 1897ms in InitializeSparseNdw; 9277ms in InferThetaAndUpdateNwtSparse; 1457ms in CalculateScore(perplexity_score); 21ms in CalculateScore(ss_theta_score); ]
I0125 13:58:29.274652  9388 master_component.cc:980] RegularizeModelArgs: rwt_target_name=rwt, pwt_source_name=pwt, nwt_source_name=nwt
I0125 13:58:29.274652  9388 master_component.cc:590] MasterComponent: start regularizing model pwt
I0125 13:58:29.294667 13588 processor.cc:662] No data in processing queue, waiting...
I0125 13:58:29.356698  9388 master_component.cc:613] MasterComponent: complete regularizing model pwt
I0125 13:58:29.356698  9388 master_component.cc:991] NormalizeModelArgs: pwt_target_name=pwt, nwt_source_name=nwt, rwt_source_name=rwt
I0125 13:58:29.356698  9388 master_component.cc:617] MasterComponent: start normalizing model nwt
I0125 13:58:29.391487  9388 master_component.cc:639] MasterComponent: complete normalizing model nwt
I0125 13:58:29.486249  9388 master_component.cc:1015] DisposeModel rwt
I0125 13:58:29.486249  9388 c_interface.cc:332] Pass FitOfflineMasterModelArgs, batch_filename_size=4, batch_weight_size=4, num_collection_passes=1 to void (__cdecl artm::core::MasterComponent::*)(class artm::FitOfflineMasterModelArgs const & __ptr64) __ptr64
I0125 13:58:29.486249  9388 master_component.cc:942] ProcessBatchesArgs: nwt_target_name=nwt, batch_filename_size=4, batch_size=0, batch_weight_size=4, pwt_source_name=pwt, num_document_passes=5, regularizer=(name:decorrelator_phi_regularizer, tau:100), regularizer=(name:ss_theta_regularizer, tau:-1.5), regularizer=(name:ss_phi_regularizer, tau:-2), class=(@default_class:1), reuse_theta=no, opt_for_avx=yes, predict_class_id=
I0125 13:58:29.533151  7616 processor.cc:669] Processing queue has data, processing started
I0125 13:58:29.533151 13664 processor.cc:669] Processing queue has data, processing started
I0125 13:58:29.533151  8340 processor.cc:669] Processing queue has data, processing started
I0125 13:58:29.533151 13588 processor.cc:669] Processing queue has data, processing started
I0125 13:58:30.171252 13588 processor.cc:746] Processor: start processing batch c7409bab-46bb-42a3-9fb3-feaeb2330f73 into model nwt
I0125 13:58:31.334944  7616 processor.cc:746] Processor: start processing batch 26ebd86a-496b-4960-ab22-a50f3c1e007e into model nwt
I0125 13:58:31.334944  8340 processor.cc:746] Processor: start processing batch ae3644b4-95f2-463e-b7a4-9eeedade5e9d into model nwt
I0125 13:58:31.334944 13664 processor.cc:746] Processor: start processing batch e0286f04-8790-4317-a1ab-8d6162d31f1b into model nwt
I0125 13:58:38.763008 13588 processor.cc:842] Processor: complete processing batch c7409bab-46bb-42a3-9fb3-feaeb2330f73 into model nwt
I0125 13:58:38.950134 13588 cuckoo_watch.h:44] 9416ms in ProcessBatch(Q:\topic_modeling\data\postnauka\bigARTM_files\pn_model1\aaaaad.batch) [including 638ms in LoadMessage; 800ms in InitializeSparseNdw; 6555ms in InferThetaAndUpdateNwtSparse; 1206ms in CalculateScore(perplexity_score); 29ms in CalculateScore(ss_theta_score); ]
I0125 13:58:38.978652 13588 processor.cc:662] No data in processing queue, waiting...
I0125 13:58:54.877382  7616 processor.cc:842] Processor: complete processing batch 26ebd86a-496b-4960-ab22-a50f3c1e007e into model nwt
I0125 13:58:54.989457  8340 processor.cc:842] Processor: complete processing batch ae3644b4-95f2-463e-b7a4-9eeedade5e9d into model nwt
I0125 13:58:55.820492  8340 cuckoo_watch.h:44] 26287ms in ProcessBatch(Q:\topic_modeling\data\postnauka\bigARTM_files\pn_model1\aaaaac.batch) [including 1801ms in LoadMessage; 2583ms in InitializeSparseNdw; 16793ms in InferThetaAndUpdateNwtSparse; 4170ms in CalculateScore(perplexity_score); 94ms in CalculateScore(ss_theta_score); ]
I0125 13:58:55.822494  7616 cuckoo_watch.h:44] 26289ms in ProcessBatch(Q:\topic_modeling\data\postnauka\bigARTM_files\pn_model1\aaaaaa.batch) [including 1801ms in LoadMessage; 2626ms in InitializeSparseNdw; 16834ms in InferThetaAndUpdateNwtSparse; 3997ms in CalculateScore(perplexity_score); 83ms in CalculateScore(ss_theta_score); ]
I0125 13:58:55.834501 13664 processor.cc:842] Processor: complete processing batch e0286f04-8790-4317-a1ab-8d6162d31f1b into model nwt
I0125 13:58:55.842506  8340 processor.cc:662] No data in processing queue, waiting...
I0125 13:58:55.844507  7616 processor.cc:662] No data in processing queue, waiting...
I0125 13:58:56.251817 13664 cuckoo_watch.h:44] 26718ms in ProcessBatch(Q:\topic_modeling\data\postnauka\bigARTM_files\pn_model1\aaaaab.batch) [including 1801ms in LoadMessage; 2710ms in InitializeSparseNdw; 16793ms in InferThetaAndUpdateNwtSparse; 4644ms in CalculateScore(perplexity_score); 350ms in CalculateScore(ss_theta_score); ]
I0125 13:58:56.252820  9388 master_component.cc:980] RegularizeModelArgs: rwt_target_name=rwt, pwt_source_name=pwt, nwt_source_name=nwt
I0125 13:58:56.252820  9388 master_component.cc:590] MasterComponent: start regularizing model pwt
I0125 13:58:56.274336 13664 processor.cc:662] No data in processing queue, waiting...
I0125 13:58:56.358896  9388 master_component.cc:613] MasterComponent: complete regularizing model pwt
I0125 13:58:56.358896  9388 master_component.cc:991] NormalizeModelArgs: pwt_target_name=pwt, nwt_source_name=nwt, rwt_source_name=rwt
I0125 13:58:56.358896  9388 master_component.cc:617] MasterComponent: start normalizing model nwt
I0125 13:58:56.400930  9388 master_component.cc:639] MasterComponent: complete normalizing model nwt
I0125 13:58:56.498998  9388 master_component.cc:1015] DisposeModel rwt
I0125 13:58:56.505003  9388 c_interface.cc:332] Pass FitOfflineMasterModelArgs, batch_filename_size=4, batch_weight_size=4, num_collection_passes=1 to void (__cdecl artm::core::MasterComponent::*)(class artm::FitOfflineMasterModelArgs const & __ptr64) __ptr64
I0125 13:58:56.505003  9388 master_component.cc:942] ProcessBatchesArgs: nwt_target_name=nwt, batch_filename_size=4, batch_size=0, batch_weight_size=4, pwt_source_name=pwt, num_document_passes=5, regularizer=(name:decorrelator_phi_regularizer, tau:100), regularizer=(name:ss_theta_regularizer, tau:-1.5), regularizer=(name:ss_phi_regularizer, tau:-2), class=(@default_class:1), reuse_theta=no, opt_for_avx=yes, predict_class_id=
I0125 13:58:56.532021  7616 processor.cc:669] Processing queue has data, processing started
I0125 13:58:56.533025  8340 processor.cc:669] Processing queue has data, processing started
I0125 13:58:56.533025 13588 processor.cc:669] Processing queue has data, processing started
I0125 13:58:56.533025 13664 processor.cc:669] Processing queue has data, processing started
I0125 13:59:07.475260 13588 processor.cc:746] Processor: start processing batch c7409bab-46bb-42a3-9fb3-feaeb2330f73 into model nwt
I0125 13:59:11.556843  7616 processor.cc:746] Processor: start processing batch 26ebd86a-496b-4960-ab22-a50f3c1e007e into model nwt
I0125 13:59:11.580862 13588 processor.cc:842] Processor: complete processing batch c7409bab-46bb-42a3-9fb3-feaeb2330f73 into model nwt
I0125 13:59:11.661504 13588 cuckoo_watch.h:44] 15128ms in ProcessBatch(Q:\topic_modeling\data\postnauka\bigARTM_files\pn_model1\aaaaad.batch) [including 10940ms in LoadMessage; 583ms in InitializeSparseNdw; 2756ms in InferThetaAndUpdateNwtSparse; 743ms in CalculateScore(perplexity_score); 22ms in CalculateScore(ss_theta_score); ]
I0125 13:59:11.682521 13588 processor.cc:662] No data in processing queue, waiting...
I0125 13:59:12.083674  8340 processor.cc:746] Processor: start processing batch e0286f04-8790-4317-a1ab-8d6162d31f1b into model nwt
I0125 13:59:12.235985 13664 processor.cc:746] Processor: start processing batch ae3644b4-95f2-463e-b7a4-9eeedade5e9d into model nwt
I0125 13:59:30.341665  7616 processor.cc:842] Processor: complete processing batch 26ebd86a-496b-4960-ab22-a50f3c1e007e into model nwt
I0125 13:59:30.533793  7616 cuckoo_watch.h:44] 34001ms in ProcessBatch(Q:\topic_modeling\data\postnauka\bigARTM_files\pn_model1\aaaaaa.batch) [including 15022ms in LoadMessage; 1980ms in InitializeSparseNdw; 12746ms in InferThetaAndUpdateNwtSparse; 4028ms in CalculateScore(perplexity_score); 26ms in CalculateScore(ss_theta_score); ]
I0125 13:59:30.553805  7616 processor.cc:662] No data in processing queue, waiting...
I0125 13:59:31.320999  8340 processor.cc:842] Processor: complete processing batch e0286f04-8790-4317-a1ab-8d6162d31f1b into model nwt
I0125 13:59:31.477609  8340 cuckoo_watch.h:44] 34944ms in ProcessBatch(Q:\topic_modeling\data\postnauka\bigARTM_files\pn_model1\aaaaab.batch) [including 15547ms in LoadMessage; 2111ms in InitializeSparseNdw; 13204ms in InferThetaAndUpdateNwtSparse; 3900ms in CalculateScore(perplexity_score); 20ms in CalculateScore(ss_theta_score); ]
I0125 13:59:31.498124  8340 processor.cc:662] No data in processing queue, waiting...
I0125 13:59:31.847379 13664 processor.cc:842] Processor: complete processing batch ae3644b4-95f2-463e-b7a4-9eeedade5e9d into model nwt
I0125 13:59:31.986484 13664 cuckoo_watch.h:44] 35453ms in ProcessBatch(Q:\topic_modeling\data\postnauka\bigARTM_files\pn_model1\aaaaac.batch) [including 15700ms in LoadMessage; 2097ms in InitializeSparseNdw; 14705ms in InferThetaAndUpdateNwtSparse; 2791ms in CalculateScore(perplexity_score); 15ms in CalculateScore(ss_theta_score); ]
I0125 13:59:31.988034  9388 master_component.cc:980] RegularizeModelArgs: rwt_target_name=rwt, pwt_source_name=pwt, nwt_source_name=nwt
I0125 13:59:31.988034  9388 master_component.cc:590] MasterComponent: start regularizing model pwt
I0125 13:59:32.009044 13664 processor.cc:662] No data in processing queue, waiting...
I0125 13:59:32.063082  9388 master_component.cc:613] MasterComponent: complete regularizing model pwt
I0125 13:59:32.063082  9388 master_component.cc:991] NormalizeModelArgs: pwt_target_name=pwt, nwt_source_name=nwt, rwt_source_name=rwt
I0125 13:59:32.063082  9388 master_component.cc:617] MasterComponent: start normalizing model nwt
I0125 13:59:32.099611  9388 master_component.cc:639] MasterComponent: complete normalizing model nwt
I0125 13:59:32.217700  9388 master_component.cc:1015] DisposeModel rwt
I0125 13:59:32.222702  9388 c_interface.cc:332] Pass FitOfflineMasterModelArgs, batch_filename_size=4, batch_weight_size=4, num_collection_passes=1 to void (__cdecl artm::core::MasterComponent::*)(class artm::FitOfflineMasterModelArgs const & __ptr64) __ptr64
I0125 13:59:32.222702  9388 master_component.cc:942] ProcessBatchesArgs: nwt_target_name=nwt, batch_filename_size=4, batch_size=0, batch_weight_size=4, pwt_source_name=pwt, num_document_passes=5, regularizer=(name:decorrelator_phi_regularizer, tau:100), regularizer=(name:ss_theta_regularizer, tau:-1.5), regularizer=(name:ss_phi_regularizer, tau:-2), class=(@default_class:1), reuse_theta=no, opt_for_avx=yes, predict_class_id=
I0125 13:59:32.250720 13664 processor.cc:669] Processing queue has data, processing started
I0125 13:59:32.251729  7616 processor.cc:669] Processing queue has data, processing started
I0125 13:59:32.251729 13588 processor.cc:669] Processing queue has data, processing started
I0125 13:59:32.251729  8340 processor.cc:669] Processing queue has data, processing started
I0125 13:59:36.623925  8340 processor.cc:746] Processor: start processing batch ae3644b4-95f2-463e-b7a4-9eeedade5e9d into model nwt
I0125 13:59:39.126704 13588 processor.cc:746] Processor: start processing batch c7409bab-46bb-42a3-9fb3-feaeb2330f73 into model nwt
I0125 13:59:39.335952  7616 processor.cc:746] Processor: start processing batch e0286f04-8790-4317-a1ab-8d6162d31f1b into model nwt
I0125 13:59:40.106963 13664 processor.cc:746] Processor: start processing batch 26ebd86a-496b-4960-ab22-a50f3c1e007e into model nwt
I0125 13:59:48.235857 13588 processor.cc:842] Processor: complete processing batch c7409bab-46bb-42a3-9fb3-feaeb2330f73 into model nwt
I0125 13:59:48.665865 13588 cuckoo_watch.h:44] 16414ms in ProcessBatch(Q:\topic_modeling\data\postnauka\bigARTM_files\pn_model1\aaaaad.batch) [including 6874ms in LoadMessage; 1009ms in InitializeSparseNdw; 6824ms in InferThetaAndUpdateNwtSparse; 1224ms in CalculateScore(perplexity_score); 49ms in CalculateScore(ss_theta_score); ]
I0125 13:59:48.774437 13588 processor.cc:662] No data in processing queue, waiting...
I0125 13:59:54.404808  8340 processor.cc:842] Processor: complete processing batch ae3644b4-95f2-463e-b7a4-9eeedade5e9d into model nwt
I0125 13:59:55.694908  8340 cuckoo_watch.h:44] 23442ms in ProcessBatch(Q:\topic_modeling\data\postnauka\bigARTM_files\pn_model1\aaaaac.batch) [including 4372ms in LoadMessage; 1194ms in InitializeSparseNdw; 12088ms in InferThetaAndUpdateNwtSparse; 4436ms in CalculateScore(perplexity_score); 61ms in CalculateScore(ss_theta_score); ]
I0125 13:59:55.721925  8340 processor.cc:662] No data in processing queue, waiting...
I0125 13:59:59.454545  7616 processor.cc:842] Processor: complete processing batch e0286f04-8790-4317-a1ab-8d6162d31f1b into model nwt
I0125 13:59:59.622329  7616 cuckoo_watch.h:44] 27370ms in ProcessBatch(Q:\topic_modeling\data\postnauka\bigARTM_files\pn_model1\aaaaab.batch) [including 7082ms in LoadMessage; 2319ms in InitializeSparseNdw; 15813ms in InferThetaAndUpdateNwtSparse; 1964ms in CalculateScore(perplexity_score); 19ms in CalculateScore(ss_theta_score); ]
I0125 13:59:59.685987  7616 processor.cc:662] No data in processing queue, waiting...
I0125 14:00:00.052400 13664 processor.cc:842] Processor: complete processing batch 26ebd86a-496b-4960-ab22-a50f3c1e007e into model nwt
I0125 14:00:00.295181 13664 cuckoo_watch.h:44] 28044ms in ProcessBatch(Q:\topic_modeling\data\postnauka\bigARTM_files\pn_model1\aaaaaa.batch) [including 7854ms in LoadMessage; 2337ms in InitializeSparseNdw; 15888ms in InferThetaAndUpdateNwtSparse; 1718ms in CalculateScore(perplexity_score); 0ms in CalculateScore(ss_theta_score); ]
I0125 14:00:00.297184  9388 master_component.cc:980] RegularizeModelArgs: rwt_target_name=rwt, pwt_source_name=pwt, nwt_source_name=nwt
I0125 14:00:00.297184  9388 master_component.cc:590] MasterComponent: start regularizing model pwt
I0125 14:00:00.317198 13664 processor.cc:662] No data in processing queue, waiting...
I0125 14:00:00.379192  9388 master_component.cc:613] MasterComponent: complete regularizing model pwt
I0125 14:00:00.379192  9388 master_component.cc:991] NormalizeModelArgs: pwt_target_name=pwt, nwt_source_name=nwt, rwt_source_name=rwt
I0125 14:00:00.379192  9388 master_component.cc:617] MasterComponent: start normalizing model nwt
I0125 14:00:00.417220  9388 master_component.cc:639] MasterComponent: complete normalizing model nwt
I0125 14:00:00.519248  9388 master_component.cc:1015] DisposeModel rwt
I0125 14:00:07.740193  9388 c_interface.cc:180] ArtmCopyRequestedMessage is copying 1080 bytes...
I0125 14:00:08.786047  9388 c_interface.cc:180] ArtmCopyRequestedMessage is copying 740 bytes...
I0125 14:00:08.932262  9388 c_interface.cc:180] ArtmCopyRequestedMessage is copying 780 bytes...
I0125 14:00:12.110483  9388 c_interface.cc:180] ArtmCopyRequestedMessage is copying 728504 bytes...
I0125 14:00:12.363843  9388 c_interface.cc:180] ArtmCopyRequestedMessage is copying 728504 bytes...
I0125 14:00:12.564879  9388 c_interface.cc:180] ArtmCopyRequestedMessage is copying 728504 bytes...
I0125 14:00:12.749783  9388 c_interface.cc:180] ArtmCopyRequestedMessage is copying 728504 bytes...
I0125 14:00:13.290961  9388 c_interface.cc:180] ArtmCopyRequestedMessage is copying 1080 bytes...
I0125 14:00:13.291959  9388 c_interface.cc:180] ArtmCopyRequestedMessage is copying 740 bytes...
I0125 14:00:13.292959  9388 c_interface.cc:180] ArtmCopyRequestedMessage is copying 780 bytes...
I0125 14:00:13.294962  9388 c_interface.cc:180] ArtmCopyRequestedMessage is copying 728504 bytes...
I0125 14:00:13.497840  9388 c_interface.cc:180] ArtmCopyRequestedMessage is copying 728504 bytes...
I0125 14:00:13.682256  9388 c_interface.cc:180] ArtmCopyRequestedMessage is copying 728504 bytes...
I0125 14:00:13.883298  9388 c_interface.cc:180] ArtmCopyRequestedMessage is copying 1080 bytes...
I0125 14:00:13.883298  9388 c_interface.cc:180] ArtmCopyRequestedMessage is copying 740 bytes...
I0125 14:00:13.883298  9388 c_interface.cc:180] ArtmCopyRequestedMessage is copying 780 bytes...
I0125 14:00:13.883298  9388 c_interface.cc:180] ArtmCopyRequestedMessage is copying 728504 bytes...
I0125 14:00:14.068197  9388 c_interface.cc:180] ArtmCopyRequestedMessage is copying 728504 bytes...
I0125 14:00:14.268729  9388 c_interface.cc:180] ArtmCopyRequestedMessage is copying 728504 bytes...
I0125 14:00:14.552981  9388 c_interface.cc:180] ArtmCopyRequestedMessage is copying 193870 bytes...
I0125 14:03:35.988173  9388 instance.cc:358] MasterModelConfig.processors_count is automatically set to 4
I0125 14:03:35.988173  9388 c_interface.cc:221] Creating MasterModel (id=9)...
I0125 14:03:35.988173  9388 c_interface.cc:318] Pass pwt to void (__cdecl artm::core::MasterComponent::*)(class std::basic_string<char,struct std::char_traits<char>,class std::allocator<char> > const & __ptr64) __ptr64
I0125 14:03:35.988173  9388 c_interface.cc:318] Pass nwt to void (__cdecl artm::core::MasterComponent::*)(class std::basic_string<char,struct std::char_traits<char>,class std::allocator<char> > const & __ptr64) __ptr64
I0125 14:03:35.989172  9388 c_interface.cc:332] Pass InitializeModelArgs: model_name=pwt, dictionary_name=3106f858-bebf-4d31-9a0e-62c28e11609a, topic_name_size=20 to void (__cdecl artm::core::MasterComponent::*)(class artm::InitializeModelArgs const & __ptr64) __ptr64
I0125 14:03:35.989172  9388 master_component.cc:338] InitializeModel() with 20 topics and 17492 tokens
I0125 14:03:35.990172  3184 processor.cc:646] Processor thread started
I0125 14:03:35.990172 11540 processor.cc:646] Processor thread started
I0125 14:03:35.990172  2204 processor.cc:646] Processor thread started
I0125 14:03:35.990172  4804 processor.cc:646] Processor thread started
I0125 14:03:36.012187  4804 processor.cc:662] No data in processing queue, waiting...
I0125 14:03:36.012187  2204 processor.cc:662] No data in processing queue, waiting...
I0125 14:03:36.012187 11540 processor.cc:662] No data in processing queue, waiting...
I0125 14:03:36.012187  3184 processor.cc:662] No data in processing queue, waiting...
I0125 14:03:36.109442  9388 c_interface.cc:332] Pass InitializeModelArgs: model_name=nwt, dictionary_name=3106f858-bebf-4d31-9a0e-62c28e11609a, topic_name_size=20 to void (__cdecl artm::core::MasterComponent::*)(class artm::InitializeModelArgs const & __ptr64) __ptr64
I0125 14:03:36.109442  9388 master_component.cc:338] InitializeModel() with 20 topics and 17492 tokens
I0125 14:03:36.235427  9388 phi_matrix_operations.cc:82] RetrieveExternalTopicModel() with 20 topics, 17492 tokens
I0125 14:03:36.255441  9388 c_interface.cc:180] ArtmCopyRequestedMessage is copying 815777 bytes...
I0125 14:03:37.166967  9388 c_interface.cc:332] Pass MasterModelConfig: topic_name_size=20, class=(@default_class:1), score_config_size=0, num_processors=0, pwt_name=pwt, nwt_name=nwt, num_document_passes=5, reuse_theta=no, cache_theta=yes, opt_for_avx=yes, disk_cache_path to void (__cdecl artm::core::MasterComponent::*)(class artm::MasterModelConfig const & __ptr64) __ptr64
I0125 14:03:37.166967  9388 instance.cc:358] MasterModelConfig.processors_count is automatically set to 4
I0125 14:03:37.166967  9388 c_interface.cc:332] Pass MasterModelConfig: topic_name_size=20, class=(@default_class:1), score_config_size=1, num_processors=0, pwt_name=pwt, nwt_name=nwt, num_document_passes=5, reuse_theta=no, cache_theta=yes, opt_for_avx=yes, disk_cache_path to void (__cdecl artm::core::MasterComponent::*)(class artm::MasterModelConfig const & __ptr64) __ptr64
I0125 14:03:37.166967  9388 instance.cc:358] MasterModelConfig.processors_count is automatically set to 4
I0125 14:03:37.166967  9388 perplexity.cc:24] Perplexity score calculator created: model_type=0, dictionary_name=3106f858-bebf-4d31-9a0e-62c28e11609a
I0125 14:03:37.166967  9388 c_interface.cc:332] Pass MasterModelConfig: topic_name_size=20, class=(@default_class:1), score_config_size=2, num_processors=0, pwt_name=pwt, nwt_name=nwt, num_document_passes=5, reuse_theta=no, cache_theta=yes, opt_for_avx=yes, disk_cache_path to void (__cdecl artm::core::MasterComponent::*)(class artm::MasterModelConfig const & __ptr64) __ptr64
I0125 14:03:37.166967  9388 instance.cc:358] MasterModelConfig.processors_count is automatically set to 4
I0125 14:03:37.166967  9388 perplexity.cc:24] Perplexity score calculator created: model_type=0, dictionary_name=3106f858-bebf-4d31-9a0e-62c28e11609a
I0125 14:03:37.166967  9388 c_interface.cc:332] Pass MasterModelConfig: topic_name_size=20, class=(@default_class:1), score_config_size=3, num_processors=0, pwt_name=pwt, nwt_name=nwt, num_document_passes=5, reuse_theta=no, cache_theta=yes, opt_for_avx=yes, disk_cache_path to void (__cdecl artm::core::MasterComponent::*)(class artm::MasterModelConfig const & __ptr64) __ptr64
I0125 14:03:37.166967  9388 instance.cc:358] MasterModelConfig.processors_count is automatically set to 4
I0125 14:03:37.166967  9388 perplexity.cc:24] Perplexity score calculator created: model_type=0, dictionary_name=3106f858-bebf-4d31-9a0e-62c28e11609a
I0125 14:03:37.166967  9388 c_interface.cc:332] Pass MasterModelConfig: topic_name_size=20, class=(@default_class:1), score_config_size=4, num_processors=0, pwt_name=pwt, nwt_name=nwt, num_document_passes=5, reuse_theta=no, cache_theta=yes, opt_for_avx=yes, disk_cache_path to void (__cdecl artm::core::MasterComponent::*)(class artm::MasterModelConfig const & __ptr64) __ptr64
I0125 14:03:37.166967  9388 instance.cc:358] MasterModelConfig.processors_count is automatically set to 4
I0125 14:03:37.166967  9388 perplexity.cc:24] Perplexity score calculator created: model_type=0, dictionary_name=3106f858-bebf-4d31-9a0e-62c28e11609a
I0125 14:03:37.166967  9388 c_interface.cc:332] Pass MasterModelConfig: topic_name_size=20, class=(@default_class:1), score_config_size=5, num_processors=0, pwt_name=pwt, nwt_name=nwt, num_document_passes=5, reuse_theta=no, cache_theta=yes, opt_for_avx=yes, disk_cache_path to void (__cdecl artm::core::MasterComponent::*)(class artm::MasterModelConfig const & __ptr64) __ptr64
I0125 14:03:37.166967  9388 instance.cc:358] MasterModelConfig.processors_count is automatically set to 4
I0125 14:03:37.166967  9388 perplexity.cc:24] Perplexity score calculator created: model_type=0, dictionary_name=3106f858-bebf-4d31-9a0e-62c28e11609a
I0125 14:03:37.182603  7616 processor.cc:654] Processor thread stopped
I0125 14:03:37.182603  7616 processor.cc:655] Total number of processed batches: 20
I0125 14:03:37.198225  8340 processor.cc:654] Processor thread stopped
I0125 14:03:37.198225  8340 processor.cc:655] Total number of processed batches: 20
I0125 14:03:37.213891 13664 processor.cc:654] Processor thread stopped
I0125 14:03:37.213891 13664 processor.cc:655] Total number of processed batches: 20
I0125 14:03:37.214892 13588 processor.cc:654] Processor thread stopped
I0125 14:03:37.214892 13588 processor.cc:655] Total number of processed batches: 20
I0125 14:03:37.235846  9388 c_interface.cc:283] Disposing MasterComponent (id=8)...
I0125 14:03:37.235846  9388 c_interface.cc:332] Pass MasterModelConfig: topic_name_size=20, class=(@default_class:1), score_config_size=5, num_processors=0, pwt_name=pwt, nwt_name=nwt, num_document_passes=5, regularizer=(decorrelator_phi_regularizer:1), reuse_theta=no, cache_theta=yes, opt_for_avx=yes, disk_cache_path to void (__cdecl artm::core::MasterComponent::*)(class artm::MasterModelConfig const & __ptr64) __ptr64
I0125 14:03:37.235846  9388 instance.cc:358] MasterModelConfig.processors_count is automatically set to 4
I0125 14:03:37.235846  9388 perplexity.cc:24] Perplexity score calculator created: model_type=0, dictionary_name=3106f858-bebf-4d31-9a0e-62c28e11609a
I0125 14:03:37.235846  9388 instance.cc:225] Regularizer 'decorrelator_phi_regularizer' was cold-reconfigured
I0125 14:03:37.235846  9388 c_interface.cc:332] Pass MasterModelConfig: topic_name_size=20, class=(@default_class:1), score_config_size=5, num_processors=0, pwt_name=pwt, nwt_name=nwt, num_document_passes=5, regularizer=(decorrelator_phi_regularizer:1), regularizer=(ss_theta_regularizer:1), reuse_theta=no, cache_theta=yes, opt_for_avx=yes, disk_cache_path to void (__cdecl artm::core::MasterComponent::*)(class artm::MasterModelConfig const & __ptr64) __ptr64
I0125 14:03:37.235846  9388 instance.cc:358] MasterModelConfig.processors_count is automatically set to 4
I0125 14:03:37.235846  9388 perplexity.cc:24] Perplexity score calculator created: model_type=0, dictionary_name=3106f858-bebf-4d31-9a0e-62c28e11609a
I0125 14:03:37.235846  9388 instance.cc:225] Regularizer 'decorrelator_phi_regularizer' was cold-reconfigured
I0125 14:03:37.235846  9388 instance.cc:207] Regularizer 'ss_theta_regularizer' was cold-reconfigured
I0125 14:03:37.235846  9388 c_interface.cc:332] Pass MasterModelConfig: topic_name_size=20, class=(@default_class:1), score_config_size=5, num_processors=0, pwt_name=pwt, nwt_name=nwt, num_document_passes=5, regularizer=(decorrelator_phi_regularizer:1), regularizer=(ss_theta_regularizer:1), regularizer=(ss_phi_regularizer:1), reuse_theta=no, cache_theta=yes, opt_for_avx=yes, disk_cache_path to void (__cdecl artm::core::MasterComponent::*)(class artm::MasterModelConfig const & __ptr64) __ptr64
I0125 14:03:37.235846  9388 instance.cc:358] MasterModelConfig.processors_count is automatically set to 4
I0125 14:03:37.235846  9388 perplexity.cc:24] Perplexity score calculator created: model_type=0, dictionary_name=3106f858-bebf-4d31-9a0e-62c28e11609a
I0125 14:03:37.235846  9388 instance.cc:225] Regularizer 'decorrelator_phi_regularizer' was cold-reconfigured
I0125 14:03:37.235846  9388 instance.cc:207] Regularizer 'ss_theta_regularizer' was cold-reconfigured
I0125 14:03:37.235846  9388 instance.cc:213] Regularizer 'ss_phi_regularizer' was cold-reconfigured
I0125 14:03:37.235846  9388 c_interface.cc:332] Pass MasterModelConfig: topic_name_size=20, class=(@default_class:1), score_config_size=5, num_processors=0, pwt_name=pwt, nwt_name=nwt, num_document_passes=5, regularizer=(decorrelator_phi_regularizer:100), regularizer=(ss_theta_regularizer:1), regularizer=(ss_phi_regularizer:1), reuse_theta=no, cache_theta=yes, opt_for_avx=yes, disk_cache_path to void (__cdecl artm::core::MasterComponent::*)(class artm::MasterModelConfig const & __ptr64) __ptr64
I0125 14:03:37.235846  9388 instance.cc:358] MasterModelConfig.processors_count is automatically set to 4
I0125 14:03:37.235846  9388 perplexity.cc:24] Perplexity score calculator created: model_type=0, dictionary_name=3106f858-bebf-4d31-9a0e-62c28e11609a
I0125 14:03:37.235846  9388 instance.cc:225] Regularizer 'decorrelator_phi_regularizer' was cold-reconfigured
I0125 14:03:37.235846  9388 instance.cc:207] Regularizer 'ss_theta_regularizer' was cold-reconfigured
I0125 14:03:37.235846  9388 instance.cc:213] Regularizer 'ss_phi_regularizer' was cold-reconfigured
I0125 14:03:37.235846  9388 c_interface.cc:332] Pass MasterModelConfig: topic_name_size=20, class=(@default_class:1), score_config_size=5, num_processors=0, pwt_name=pwt, nwt_name=nwt, num_document_passes=5, regularizer=(decorrelator_phi_regularizer:100), regularizer=(ss_theta_regularizer:-2.5), regularizer=(ss_phi_regularizer:1), reuse_theta=no, cache_theta=yes, opt_for_avx=yes, disk_cache_path to void (__cdecl artm::core::MasterComponent::*)(class artm::MasterModelConfig const & __ptr64) __ptr64
I0125 14:03:37.235846  9388 instance.cc:358] MasterModelConfig.processors_count is automatically set to 4
I0125 14:03:37.235846  9388 perplexity.cc:24] Perplexity score calculator created: model_type=0, dictionary_name=3106f858-bebf-4d31-9a0e-62c28e11609a
I0125 14:03:37.235846  9388 instance.cc:225] Regularizer 'decorrelator_phi_regularizer' was cold-reconfigured
I0125 14:03:37.235846  9388 instance.cc:207] Regularizer 'ss_theta_regularizer' was cold-reconfigured
I0125 14:03:37.235846  9388 instance.cc:213] Regularizer 'ss_phi_regularizer' was cold-reconfigured
I0125 14:03:37.235846  9388 c_interface.cc:332] Pass MasterModelConfig: topic_name_size=20, class=(@default_class:1), score_config_size=5, num_processors=0, pwt_name=pwt, nwt_name=nwt, num_document_passes=5, regularizer=(decorrelator_phi_regularizer:100), regularizer=(ss_theta_regularizer:-2.5), regularizer=(ss_phi_regularizer:-3), reuse_theta=no, cache_theta=yes, opt_for_avx=yes, disk_cache_path to void (__cdecl artm::core::MasterComponent::*)(class artm::MasterModelConfig const & __ptr64) __ptr64
I0125 14:03:37.235846  9388 instance.cc:358] MasterModelConfig.processors_count is automatically set to 4
I0125 14:03:37.235846  9388 perplexity.cc:24] Perplexity score calculator created: model_type=0, dictionary_name=3106f858-bebf-4d31-9a0e-62c28e11609a
I0125 14:03:37.235846  9388 instance.cc:225] Regularizer 'decorrelator_phi_regularizer' was cold-reconfigured
I0125 14:03:37.235846  9388 instance.cc:207] Regularizer 'ss_theta_regularizer' was cold-reconfigured
I0125 14:03:37.235846  9388 instance.cc:213] Regularizer 'ss_phi_regularizer' was cold-reconfigured
I0125 14:03:37.235846  9388 c_interface.cc:332] Pass FitOfflineMasterModelArgs, batch_filename_size=4, batch_weight_size=4, num_collection_passes=1 to void (__cdecl artm::core::MasterComponent::*)(class artm::FitOfflineMasterModelArgs const & __ptr64) __ptr64
I0125 14:03:37.235846  9388 master_component.cc:942] ProcessBatchesArgs: nwt_target_name=nwt, batch_filename_size=4, batch_size=0, batch_weight_size=4, pwt_source_name=pwt, num_document_passes=5, regularizer=(name:decorrelator_phi_regularizer, tau:100), regularizer=(name:ss_theta_regularizer, tau:-2.5), regularizer=(name:ss_phi_regularizer, tau:-3), class=(@default_class:1), reuse_theta=no, opt_for_avx=yes, predict_class_id=
I0125 14:03:37.282737 11540 processor.cc:669] Processing queue has data, processing started
I0125 14:03:37.282737  2204 processor.cc:669] Processing queue has data, processing started
I0125 14:03:37.282737  4804 processor.cc:669] Processing queue has data, processing started
I0125 14:03:37.282737  3184 processor.cc:669] Processing queue has data, processing started
I0125 14:03:38.014708  3184 processor.cc:746] Processor: start processing batch c7409bab-46bb-42a3-9fb3-feaeb2330f73 into model nwt
I0125 14:03:39.237927  2204 processor.cc:746] Processor: start processing batch e0286f04-8790-4317-a1ab-8d6162d31f1b into model nwt
I0125 14:03:39.237927 11540 processor.cc:746] Processor: start processing batch 26ebd86a-496b-4960-ab22-a50f3c1e007e into model nwt
I0125 14:03:39.237927  4804 processor.cc:746] Processor: start processing batch ae3644b4-95f2-463e-b7a4-9eeedade5e9d into model nwt
I0125 14:03:45.153790  3184 processor.cc:842] Processor: complete processing batch c7409bab-46bb-42a3-9fb3-feaeb2330f73 into model nwt
I0125 14:03:45.295387  3184 cuckoo_watch.h:44] 8012ms in ProcessBatch(Q:\topic_modeling\data\postnauka\bigARTM_files\pn_model1\aaaaad.batch) [including 731ms in LoadMessage; 785ms in InitializeSparseNdw; 5231ms in InferThetaAndUpdateNwtSparse; 1090ms in CalculateScore(perplexity_score); 31ms in CalculateScore(ss_theta_score); ]
I0125 14:03:45.582572  3184 processor.cc:662] No data in processing queue, waiting...
I0125 14:03:57.359778  4804 processor.cc:842] Processor: complete processing batch ae3644b4-95f2-463e-b7a4-9eeedade5e9d into model nwt
I0125 14:03:57.644469  4804 cuckoo_watch.h:44] 20361ms in ProcessBatch(Q:\topic_modeling\data\postnauka\bigARTM_files\pn_model1\aaaaac.batch) [including 1955ms in LoadMessage; 2640ms in InitializeSparseNdw; 13233ms in InferThetaAndUpdateNwtSparse; 2220ms in CalculateScore(perplexity_score); 26ms in CalculateScore(ss_theta_score); ]
I0125 14:03:57.737027  4804 processor.cc:662] No data in processing queue, waiting...
I0125 14:03:58.148802 11540 processor.cc:842] Processor: complete processing batch 26ebd86a-496b-4960-ab22-a50f3c1e007e into model nwt
I0125 14:03:58.469125  2204 processor.cc:842] Processor: complete processing batch e0286f04-8790-4317-a1ab-8d6162d31f1b into model nwt
I0125 14:03:58.700907 11540 cuckoo_watch.h:44] 21418ms in ProcessBatch(Q:\topic_modeling\data\postnauka\bigARTM_files\pn_model1\aaaaaa.batch) [including 1955ms in LoadMessage; 2611ms in InitializeSparseNdw; 14059ms in InferThetaAndUpdateNwtSparse; 2215ms in CalculateScore(perplexity_score); 23ms in CalculateScore(ss_theta_score); ]
I0125 14:03:59.042780 11540 processor.cc:662] No data in processing queue, waiting...
I0125 14:03:59.043282  2204 cuckoo_watch.h:44] 21760ms in ProcessBatch(Q:\topic_modeling\data\postnauka\bigARTM_files\pn_model1\aaaaab.batch) [including 1955ms in LoadMessage; 2619ms in InitializeSparseNdw; 14282ms in InferThetaAndUpdateNwtSparse; 2233ms in CalculateScore(perplexity_score); 94ms in CalculateScore(ss_theta_score); ]
I0125 14:03:59.058910  9388 master_component.cc:980] RegularizeModelArgs: rwt_target_name=rwt, pwt_source_name=pwt, nwt_source_name=nwt
I0125 14:03:59.058910  9388 master_component.cc:590] MasterComponent: start regularizing model pwt
I0125 14:03:59.289985  9388 master_component.cc:613] MasterComponent: complete regularizing model pwt
I0125 14:03:59.289985  9388 master_component.cc:991] NormalizeModelArgs: pwt_target_name=pwt, nwt_source_name=nwt, rwt_source_name=rwt
I0125 14:03:59.289985  9388 master_component.cc:617] MasterComponent: start normalizing model nwt
I0125 14:03:59.321236  9388 master_component.cc:639] MasterComponent: complete normalizing model nwt
I0125 14:03:59.359001  2204 processor.cc:662] No data in processing queue, waiting...
I0125 14:03:59.421501  9388 master_component.cc:1015] DisposeModel rwt
I0125 14:03:59.421501  9388 c_interface.cc:332] Pass FitOfflineMasterModelArgs, batch_filename_size=4, batch_weight_size=4, num_collection_passes=1 to void (__cdecl artm::core::MasterComponent::*)(class artm::FitOfflineMasterModelArgs const & __ptr64) __ptr64
I0125 14:03:59.421501  9388 master_component.cc:942] ProcessBatchesArgs: nwt_target_name=nwt, batch_filename_size=4, batch_size=0, batch_weight_size=4, pwt_source_name=pwt, num_document_passes=5, regularizer=(name:decorrelator_phi_regularizer, tau:100), regularizer=(name:ss_theta_regularizer, tau:-2.5), regularizer=(name:ss_phi_regularizer, tau:-3), class=(@default_class:1), reuse_theta=no, opt_for_avx=yes, predict_class_id=
I0125 14:03:59.459272  3184 processor.cc:669] Processing queue has data, processing started
I0125 14:03:59.474931  2204 processor.cc:669] Processing queue has data, processing started
I0125 14:03:59.474931 11540 processor.cc:669] Processing queue has data, processing started
I0125 14:03:59.474931  4804 processor.cc:669] Processing queue has data, processing started
I0125 14:04:14.238474  4804 processor.cc:746] Processor: start processing batch c7409bab-46bb-42a3-9fb3-feaeb2330f73 into model nwt
I0125 14:04:16.438215  2204 processor.cc:746] Processor: start processing batch e0286f04-8790-4317-a1ab-8d6162d31f1b into model nwt
I0125 14:04:17.122166 11540 processor.cc:746] Processor: start processing batch ae3644b4-95f2-463e-b7a4-9eeedade5e9d into model nwt
I0125 14:04:17.888170  3184 processor.cc:746] Processor: start processing batch 26ebd86a-496b-4960-ab22-a50f3c1e007e into model nwt
I0125 14:04:18.640167  4804 processor.cc:842] Processor: complete processing batch c7409bab-46bb-42a3-9fb3-feaeb2330f73 into model nwt
I0125 14:04:18.759246  4804 cuckoo_watch.h:44] 19284ms in ProcessBatch(Q:\topic_modeling\data\postnauka\bigARTM_files\pn_model1\aaaaad.batch) [including 14763ms in LoadMessage; 514ms in InitializeSparseNdw; 2745ms in InferThetaAndUpdateNwtSparse; 1110ms in CalculateScore(perplexity_score); 31ms in CalculateScore(ss_theta_score); ]
I0125 14:04:19.045938  4804 processor.cc:662] No data in processing queue, waiting...
I0125 14:04:31.434689  2204 processor.cc:842] Processor: complete processing batch e0286f04-8790-4317-a1ab-8d6162d31f1b into model nwt
I0125 14:04:31.628818  2204 cuckoo_watch.h:44] 32153ms in ProcessBatch(Q:\topic_modeling\data\postnauka\bigARTM_files\pn_model1\aaaaab.batch) [including 16960ms in LoadMessage; 2328ms in InitializeSparseNdw; 10376ms in InferThetaAndUpdateNwtSparse; 2269ms in CalculateScore(perplexity_score); 21ms in CalculateScore(ss_theta_score); ]
I0125 14:04:31.921011  2204 processor.cc:662] No data in processing queue, waiting...
I0125 14:04:32.328781 11540 processor.cc:842] Processor: complete processing batch ae3644b4-95f2-463e-b7a4-9eeedade5e9d into model nwt
I0125 14:04:32.503898 11540 cuckoo_watch.h:44] 33028ms in ProcessBatch(Q:\topic_modeling\data\postnauka\bigARTM_files\pn_model1\aaaaac.batch) [including 17644ms in LoadMessage; 2188ms in InitializeSparseNdw; 10803ms in InferThetaAndUpdateNwtSparse; 2187ms in CalculateScore(perplexity_score); 25ms in CalculateScore(ss_theta_score); ]
I0125 14:04:32.732048 11540 processor.cc:662] No data in processing queue, waiting...
I0125 14:04:33.011267  3184 processor.cc:842] Processor: complete processing batch 26ebd86a-496b-4960-ab22-a50f3c1e007e into model nwt
I0125 14:04:33.138352  3184 cuckoo_watch.h:44] 33679ms in ProcessBatch(Q:\topic_modeling\data\postnauka\bigARTM_files\pn_model1\aaaaaa.batch) [including 18427ms in LoadMessage; 2087ms in InitializeSparseNdw; 11324ms in InferThetaAndUpdateNwtSparse; 1695ms in CalculateScore(perplexity_score); 14ms in CalculateScore(ss_theta_score); ]
I0125 14:04:33.146363  9388 master_component.cc:980] RegularizeModelArgs: rwt_target_name=rwt, pwt_source_name=pwt, nwt_source_name=nwt
I0125 14:04:33.146363  9388 master_component.cc:590] MasterComponent: start regularizing model pwt
I0125 14:04:33.210400  3184 processor.cc:662] No data in processing queue, waiting...
I0125 14:04:33.216903  9388 master_component.cc:613] MasterComponent: complete regularizing model pwt
I0125 14:04:33.216903  9388 master_component.cc:991] NormalizeModelArgs: pwt_target_name=pwt, nwt_source_name=nwt, rwt_source_name=rwt
I0125 14:04:33.216903  9388 master_component.cc:617] MasterComponent: start normalizing model nwt
I0125 14:04:33.244598  9388 master_component.cc:639] MasterComponent: complete normalizing model nwt
I0125 14:04:33.345875  9388 master_component.cc:1015] DisposeModel rwt
I0125 14:04:33.345875  9388 c_interface.cc:332] Pass FitOfflineMasterModelArgs, batch_filename_size=4, batch_weight_size=4, num_collection_passes=1 to void (__cdecl artm::core::MasterComponent::*)(class artm::FitOfflineMasterModelArgs const & __ptr64) __ptr64
I0125 14:04:33.345875  9388 master_component.cc:942] ProcessBatchesArgs: nwt_target_name=nwt, batch_filename_size=4, batch_size=0, batch_weight_size=4, pwt_source_name=pwt, num_document_passes=5, regularizer=(name:decorrelator_phi_regularizer, tau:100), regularizer=(name:ss_theta_regularizer, tau:-2.5), regularizer=(name:ss_phi_regularizer, tau:-3), class=(@default_class:1), reuse_theta=no, opt_for_avx=yes, predict_class_id=
I0125 14:04:33.392765  3184 processor.cc:669] Processing queue has data, processing started
I0125 14:04:33.392765 11540 processor.cc:669] Processing queue has data, processing started
I0125 14:04:33.392765  4804 processor.cc:669] Processing queue has data, processing started
I0125 14:04:33.392765  2204 processor.cc:669] Processing queue has data, processing started
I0125 14:04:34.109045  2204 processor.cc:746] Processor: start processing batch c7409bab-46bb-42a3-9fb3-feaeb2330f73 into model nwt
I0125 14:04:35.265168 11540 processor.cc:746] Processor: start processing batch 26ebd86a-496b-4960-ab22-a50f3c1e007e into model nwt
I0125 14:04:35.265168  3184 processor.cc:746] Processor: start processing batch ae3644b4-95f2-463e-b7a4-9eeedade5e9d into model nwt
I0125 14:04:35.296422  4804 processor.cc:746] Processor: start processing batch e0286f04-8790-4317-a1ab-8d6162d31f1b into model nwt
