I0125 13:33:44.819991 12796 processor.cc:746] Processor: start processing batch 26ebd86a-496b-4960-ab22-a50f3c1e007e into model nwt
I0125 13:33:45.560483 13496 processor.cc:746] Processor: start processing batch c7409bab-46bb-42a3-9fb3-feaeb2330f73 into model nwt
I0125 13:33:47.687053   836 processor.cc:746] Processor: start processing batch e0286f04-8790-4317-a1ab-8d6162d31f1b into model nwt
I0125 13:33:47.940045  9404 processor.cc:746] Processor: start processing batch ae3644b4-95f2-463e-b7a4-9eeedade5e9d into model nwt
I0125 13:34:06.821228 13496 processor.cc:842] Processor: complete processing batch c7409bab-46bb-42a3-9fb3-feaeb2330f73 into model nwt
I0125 13:34:07.020689 13496 cuckoo_watch.h:44] 34265ms in ProcessBatch(Q:\topic_modeling\data\postnauka\bigARTM_files\pn_model1\aaaaad.batch) [including 12803ms in LoadMessage; 736ms in InitializeSparseNdw; 19307ms in InferThetaAndUpdateNwtSparse; 1155ms in CalculateScore(perplexity_score); 60ms in CalculateScore(ss_theta_score); ]
I0125 13:34:07.156196 13496 processor.cc:662] No data in processing queue, waiting...
I0125 13:34:32.139603 12796 processor.cc:842] Processor: complete processing batch 26ebd86a-496b-4960-ab22-a50f3c1e007e into model nwt
I0125 13:34:32.327113 12796 cuckoo_watch.h:44] 59571ms in ProcessBatch(Q:\topic_modeling\data\postnauka\bigARTM_files\pn_model1\aaaaaa.batch) [including 12062ms in LoadMessage; 1370ms in InitializeSparseNdw; 43294ms in InferThetaAndUpdateNwtSparse; 2621ms in CalculateScore(perplexity_score); 31ms in CalculateScore(ss_theta_score); ]
I0125 13:34:32.364614 12796 processor.cc:662] No data in processing queue, waiting...
I0125 13:34:38.212425   836 processor.cc:842] Processor: complete processing batch e0286f04-8790-4317-a1ab-8d6162d31f1b into model nwt
I0125 13:34:38.356977   836 cuckoo_watch.h:44] 65600ms in ProcessBatch(Q:\topic_modeling\data\postnauka\bigARTM_files\pn_model1\aaaaab.batch) [including 14931ms in LoadMessage; 2375ms in InitializeSparseNdw; 46259ms in InferThetaAndUpdateNwtSparse; 1864ms in CalculateScore(perplexity_score); 25ms in CalculateScore(ss_theta_score); ]
I0125 13:34:38.385998   836 processor.cc:662] No data in processing queue, waiting...
I0125 13:34:38.512079  9404 processor.cc:842] Processor: complete processing batch ae3644b4-95f2-463e-b7a4-9eeedade5e9d into model nwt
I0125 13:34:38.671663  9404 cuckoo_watch.h:44] 65916ms in ProcessBatch(Q:\topic_modeling\data\postnauka\bigARTM_files\pn_model1\aaaaac.batch) [including 15184ms in LoadMessage; 2420ms in InitializeSparseNdw; 46223ms in InferThetaAndUpdateNwtSparse; 1909ms in CalculateScore(perplexity_score); 18ms in CalculateScore(ss_theta_score); ]
I0125 13:34:38.687288  9388 master_component.cc:991] NormalizeModelArgs: pwt_target_name=pwt, nwt_source_name=nwt, rwt_source_name=
I0125 13:34:38.687288  9388 master_component.cc:617] MasterComponent: start normalizing model nwt
I0125 13:34:38.751484  9404 processor.cc:662] No data in processing queue, waiting...
I0125 13:34:38.769496  9388 master_component.cc:639] MasterComponent: complete normalizing model nwt
I0125 13:34:39.367967  9388 master_component.cc:1015] DisposeModel rwt
I0125 13:34:39.368968  9388 c_interface.cc:332] Pass FitOfflineMasterModelArgs, batch_filename_size=4, batch_weight_size=4, num_collection_passes=1 to void (__cdecl artm::core::MasterComponent::*)(class artm::FitOfflineMasterModelArgs const & __ptr64) __ptr64
I0125 13:34:39.368968  9388 master_component.cc:942] ProcessBatchesArgs: nwt_target_name=nwt, batch_filename_size=4, batch_size=0, batch_weight_size=4, pwt_source_name=pwt, num_document_passes=5, class=(@default_class:1), reuse_theta=no, opt_for_avx=yes, predict_class_id=
I0125 13:34:39.402993 13496 processor.cc:669] Processing queue has data, processing started
I0125 13:34:39.402993 12796 processor.cc:669] Processing queue has data, processing started
I0125 13:34:39.402993   836 processor.cc:669] Processing queue has data, processing started
I0125 13:34:39.402993  9404 processor.cc:669] Processing queue has data, processing started
I0125 13:34:41.276705  9404 processor.cc:746] Processor: start processing batch c7409bab-46bb-42a3-9fb3-feaeb2330f73 into model nwt
I0125 13:34:41.429808   836 processor.cc:746] Processor: start processing batch 26ebd86a-496b-4960-ab22-a50f3c1e007e into model nwt
I0125 13:34:42.545119 13496 processor.cc:746] Processor: start processing batch ae3644b4-95f2-463e-b7a4-9eeedade5e9d into model nwt
I0125 13:34:42.873642 12796 processor.cc:746] Processor: start processing batch e0286f04-8790-4317-a1ab-8d6162d31f1b into model nwt
I0125 13:35:07.600304  9404 processor.cc:842] Processor: complete processing batch c7409bab-46bb-42a3-9fb3-feaeb2330f73 into model nwt
I0125 13:35:07.827487  9404 cuckoo_watch.h:44] 28423ms in ProcessBatch(Q:\topic_modeling\data\postnauka\bigARTM_files\pn_model1\aaaaad.batch) [including 1871ms in LoadMessage; 1450ms in InitializeSparseNdw; 22217ms in InferThetaAndUpdateNwtSparse; 2567ms in CalculateScore(perplexity_score); 85ms in CalculateScore(ss_theta_score); ]
I0125 13:35:07.853509  9404 processor.cc:662] No data in processing queue, waiting...
I0125 13:35:34.812129   836 processor.cc:842] Processor: complete processing batch 26ebd86a-496b-4960-ab22-a50f3c1e007e into model nwt
I0125 13:35:35.104324   836 cuckoo_watch.h:44] 55701ms in ProcessBatch(Q:\topic_modeling\data\postnauka\bigARTM_files\pn_model1\aaaaaa.batch) [including 2024ms in LoadMessage; 2719ms in InitializeSparseNdw; 46260ms in InferThetaAndUpdateNwtSparse; 4370ms in CalculateScore(perplexity_score); 29ms in CalculateScore(ss_theta_score); ]
I0125 13:35:35.125339   836 processor.cc:662] No data in processing queue, waiting...
I0125 13:35:36.097982 12796 processor.cc:842] Processor: complete processing batch e0286f04-8790-4317-a1ab-8d6162d31f1b into model nwt
I0125 13:35:36.257822 13496 processor.cc:842] Processor: complete processing batch ae3644b4-95f2-463e-b7a4-9eeedade5e9d into model nwt
I0125 13:35:36.505115 12796 cuckoo_watch.h:44] 57101ms in ProcessBatch(Q:\topic_modeling\data\postnauka\bigARTM_files\pn_model1\aaaaab.batch) [including 3468ms in LoadMessage; 2518ms in InitializeSparseNdw; 48574ms in InferThetaAndUpdateNwtSparse; 2108ms in CalculateScore(perplexity_score); 21ms in CalculateScore(ss_theta_score); ]
I0125 13:35:36.526129 12796 processor.cc:662] No data in processing queue, waiting...
I0125 13:35:36.840322 13496 cuckoo_watch.h:44] 57437ms in ProcessBatch(Q:\topic_modeling\data\postnauka\bigARTM_files\pn_model1\aaaaac.batch) [including 3140ms in LoadMessage; 2610ms in InitializeSparseNdw; 48922ms in InferThetaAndUpdateNwtSparse; 2139ms in CalculateScore(perplexity_score); 39ms in CalculateScore(ss_theta_score); ]
I0125 13:35:36.855944  9388 master_component.cc:991] NormalizeModelArgs: pwt_target_name=pwt, nwt_source_name=nwt, rwt_source_name=
I0125 13:35:36.855944  9388 master_component.cc:617] MasterComponent: start normalizing model nwt
I0125 13:35:36.919886  9388 master_component.cc:639] MasterComponent: complete normalizing model nwt
I0125 13:35:36.929891 13496 processor.cc:662] No data in processing queue, waiting...
I0125 13:35:37.476253  9388 master_component.cc:1015] DisposeModel rwt
I0125 13:35:37.476253  9388 c_interface.cc:332] Pass FitOfflineMasterModelArgs, batch_filename_size=4, batch_weight_size=4, num_collection_passes=1 to void (__cdecl artm::core::MasterComponent::*)(class artm::FitOfflineMasterModelArgs const & __ptr64) __ptr64
I0125 13:35:37.476253  9388 master_component.cc:942] ProcessBatchesArgs: nwt_target_name=nwt, batch_filename_size=4, batch_size=0, batch_weight_size=4, pwt_source_name=pwt, num_document_passes=5, class=(@default_class:1), reuse_theta=no, opt_for_avx=yes, predict_class_id=
I0125 13:35:37.518282   836 processor.cc:669] Processing queue has data, processing started
I0125 13:35:37.518282  9404 processor.cc:669] Processing queue has data, processing started
I0125 13:35:37.519284 13496 processor.cc:669] Processing queue has data, processing started
I0125 13:35:37.519284 12796 processor.cc:669] Processing queue has data, processing started
I0125 13:35:53.670439 12796 processor.cc:746] Processor: start processing batch c7409bab-46bb-42a3-9fb3-feaeb2330f73 into model nwt
I0125 13:36:02.810688   836 processor.cc:746] Processor: start processing batch e0286f04-8790-4317-a1ab-8d6162d31f1b into model nwt
I0125 13:36:03.665361  9404 processor.cc:746] Processor: start processing batch 26ebd86a-496b-4960-ab22-a50f3c1e007e into model nwt
I0125 13:36:03.960412 13496 processor.cc:746] Processor: start processing batch ae3644b4-95f2-463e-b7a4-9eeedade5e9d into model nwt
I0125 13:36:06.335506 12796 processor.cc:842] Processor: complete processing batch c7409bab-46bb-42a3-9fb3-feaeb2330f73 into model nwt
I0125 13:36:06.527251 12796 cuckoo_watch.h:44] 29007ms in ProcessBatch(Q:\topic_modeling\data\postnauka\bigARTM_files\pn_model1\aaaaad.batch) [including 16150ms in LoadMessage; 506ms in InitializeSparseNdw; 10894ms in InferThetaAndUpdateNwtSparse; 1233ms in CalculateScore(perplexity_score); 31ms in CalculateScore(ss_theta_score); ]
I0125 13:36:06.607574 12796 processor.cc:662] No data in processing queue, waiting...
I0125 13:36:49.621462   836 processor.cc:842] Processor: complete processing batch e0286f04-8790-4317-a1ab-8d6162d31f1b into model nwt
I0125 13:36:49.811673   836 cuckoo_watch.h:44] 72293ms in ProcessBatch(Q:\topic_modeling\data\postnauka\bigARTM_files\pn_model1\aaaaab.batch) [including 25290ms in LoadMessage; 2516ms in InitializeSparseNdw; 40131ms in InferThetaAndUpdateNwtSparse; 4137ms in CalculateScore(perplexity_score); 24ms in CalculateScore(ss_theta_score); ]
I0125 13:36:49.839694   836 processor.cc:662] No data in processing queue, waiting...
I0125 13:36:50.159713  9404 processor.cc:842] Processor: complete processing batch 26ebd86a-496b-4960-ab22-a50f3c1e007e into model nwt
I0125 13:36:50.342347  9404 cuckoo_watch.h:44] 72824ms in ProcessBatch(Q:\topic_modeling\data\postnauka\bigARTM_files\pn_model1\aaaaaa.batch) [including 26147ms in LoadMessage; 2326ms in InitializeSparseNdw; 41355ms in InferThetaAndUpdateNwtSparse; 2797ms in CalculateScore(perplexity_score); 15ms in CalculateScore(ss_theta_score); ]
I0125 13:36:50.639240  9404 processor.cc:662] No data in processing queue, waiting...
I0125 13:36:50.661926 13496 processor.cc:842] Processor: complete processing batch ae3644b4-95f2-463e-b7a4-9eeedade5e9d into model nwt
I0125 13:36:50.849437 13496 cuckoo_watch.h:44] 73330ms in ProcessBatch(Q:\topic_modeling\data\postnauka\bigARTM_files\pn_model1\aaaaac.batch) [including 26439ms in LoadMessage; 2460ms in InitializeSparseNdw; 42195ms in InferThetaAndUpdateNwtSparse; 2037ms in CalculateScore(perplexity_score); 7ms in CalculateScore(ss_theta_score); ]
I0125 13:36:50.865062  9388 master_component.cc:991] NormalizeModelArgs: pwt_target_name=pwt, nwt_source_name=nwt, rwt_source_name=
I0125 13:36:50.865062  9388 master_component.cc:617] MasterComponent: start normalizing model nwt
I0125 13:36:50.911939  9388 master_component.cc:639] MasterComponent: complete normalizing model nwt
I0125 13:36:51.146325 13496 processor.cc:662] No data in processing queue, waiting...
I0125 13:36:51.444475  9388 master_component.cc:1015] DisposeModel rwt
I0125 13:36:51.444475  9388 c_interface.cc:332] Pass FitOfflineMasterModelArgs, batch_filename_size=4, batch_weight_size=4, num_collection_passes=1 to void (__cdecl artm::core::MasterComponent::*)(class artm::FitOfflineMasterModelArgs const & __ptr64) __ptr64
I0125 13:36:51.444475  9388 master_component.cc:942] ProcessBatchesArgs: nwt_target_name=nwt, batch_filename_size=4, batch_size=0, batch_weight_size=4, pwt_source_name=pwt, num_document_passes=5, class=(@default_class:1), reuse_theta=no, opt_for_avx=yes, predict_class_id=
I0125 13:36:51.491353 12796 processor.cc:669] Processing queue has data, processing started
I0125 13:36:51.491353   836 processor.cc:669] Processing queue has data, processing started
I0125 13:36:51.491353  9404 processor.cc:669] Processing queue has data, processing started
I0125 13:36:51.491353 13496 processor.cc:669] Processing queue has data, processing started
I0125 13:36:58.318351   836 processor.cc:746] Processor: start processing batch e0286f04-8790-4317-a1ab-8d6162d31f1b into model nwt
I0125 13:36:59.272392 13496 processor.cc:746] Processor: start processing batch c7409bab-46bb-42a3-9fb3-feaeb2330f73 into model nwt
I0125 13:37:02.367388 12796 processor.cc:746] Processor: start processing batch 26ebd86a-496b-4960-ab22-a50f3c1e007e into model nwt
I0125 13:37:04.111989  9404 processor.cc:746] Processor: start processing batch ae3644b4-95f2-463e-b7a4-9eeedade5e9d into model nwt
I0125 13:37:22.168714 13496 processor.cc:842] Processor: complete processing batch c7409bab-46bb-42a3-9fb3-feaeb2330f73 into model nwt
I0125 13:37:22.498571 13496 cuckoo_watch.h:44] 31007ms in ProcessBatch(Q:\topic_modeling\data\postnauka\bigARTM_files\pn_model1\aaaaad.batch) [including 7781ms in LoadMessage; 712ms in InitializeSparseNdw; 20005ms in InferThetaAndUpdateNwtSparse; 2102ms in CalculateScore(perplexity_score); 75ms in CalculateScore(ss_theta_score); ]
I0125 13:37:22.829900 13496 processor.cc:662] No data in processing queue, waiting...
I0125 13:37:48.098601   836 processor.cc:842] Processor: complete processing batch e0286f04-8790-4317-a1ab-8d6162d31f1b into model nwt
I0125 13:37:48.653533   836 cuckoo_watch.h:44] 57162ms in ProcessBatch(Q:\topic_modeling\data\postnauka\bigARTM_files\pn_model1\aaaaab.batch) [including 6824ms in LoadMessage; 1157ms in InitializeSparseNdw; 45757ms in InferThetaAndUpdateNwtSparse; 2794ms in CalculateScore(perplexity_score); 71ms in CalculateScore(ss_theta_score); ]
I0125 13:37:48.723789   836 processor.cc:662] No data in processing queue, waiting...
I0125 13:37:55.104302 12796 processor.cc:842] Processor: complete processing batch 26ebd86a-496b-4960-ab22-a50f3c1e007e into model nwt
I0125 13:37:55.250418 12796 cuckoo_watch.h:44] 63759ms in ProcessBatch(Q:\topic_modeling\data\postnauka\bigARTM_files\pn_model1\aaaaaa.batch) [including 10874ms in LoadMessage; 2297ms in InitializeSparseNdw; 46489ms in InferThetaAndUpdateNwtSparse; 3934ms in CalculateScore(perplexity_score); 15ms in CalculateScore(ss_theta_score); ]
I0125 13:37:55.269430 12796 processor.cc:662] No data in processing queue, waiting...
I0125 13:37:56.851259  9404 processor.cc:842] Processor: complete processing batch ae3644b4-95f2-463e-b7a4-9eeedade5e9d into model nwt
I0125 13:37:57.156458  9404 cuckoo_watch.h:44] 65665ms in ProcessBatch(Q:\topic_modeling\data\postnauka\bigARTM_files\pn_model1\aaaaac.batch) [including 12620ms in LoadMessage; 2579ms in InitializeSparseNdw; 48535ms in InferThetaAndUpdateNwtSparse; 1591ms in CalculateScore(perplexity_score); 33ms in CalculateScore(ss_theta_score); ]
I0125 13:37:57.157459  9388 master_component.cc:991] NormalizeModelArgs: pwt_target_name=pwt, nwt_source_name=nwt, rwt_source_name=
I0125 13:37:57.157459  9388 master_component.cc:617] MasterComponent: start normalizing model nwt
I0125 13:37:57.221650  9404 processor.cc:662] No data in processing queue, waiting...
I0125 13:37:57.383458  9388 master_component.cc:639] MasterComponent: complete normalizing model nwt
I0125 13:37:57.941048  9388 master_component.cc:1015] DisposeModel rwt
I0125 13:38:02.450242  9388 c_interface.cc:180] ArtmCopyRequestedMessage is copying 1060 bytes...
I0125 13:38:03.130398  9388 c_interface.cc:180] ArtmCopyRequestedMessage is copying 740 bytes...
I0125 13:38:03.264487  9388 c_interface.cc:180] ArtmCopyRequestedMessage is copying 780 bytes...
I0125 13:38:11.022164  9388 c_interface.cc:180] ArtmCopyRequestedMessage is copying 2479284 bytes...
I0125 13:38:14.567267  9388 c_interface.cc:180] ArtmCopyRequestedMessage is copying 2479284 bytes...
I0125 13:38:15.147434  9388 c_interface.cc:180] ArtmCopyRequestedMessage is copying 2479284 bytes...
I0125 13:38:15.783972  9388 c_interface.cc:180] ArtmCopyRequestedMessage is copying 2479284 bytes...
I0125 13:38:16.787675  9388 c_interface.cc:180] ArtmCopyRequestedMessage is copying 1060 bytes...
I0125 13:38:16.787675  9388 c_interface.cc:180] ArtmCopyRequestedMessage is copying 740 bytes...
I0125 13:38:16.787675  9388 c_interface.cc:180] ArtmCopyRequestedMessage is copying 780 bytes...
I0125 13:38:16.803299  9388 c_interface.cc:180] ArtmCopyRequestedMessage is copying 2479284 bytes...
I0125 13:38:17.450570  9388 c_interface.cc:180] ArtmCopyRequestedMessage is copying 2479284 bytes...
I0125 13:38:18.280817  9388 c_interface.cc:180] ArtmCopyRequestedMessage is copying 2479284 bytes...
I0125 13:38:18.883451  9388 c_interface.cc:180] ArtmCopyRequestedMessage is copying 1060 bytes...
I0125 13:38:18.883451  9388 c_interface.cc:180] ArtmCopyRequestedMessage is copying 740 bytes...
I0125 13:38:18.899081  9388 c_interface.cc:180] ArtmCopyRequestedMessage is copying 780 bytes...
I0125 13:38:18.899081  9388 c_interface.cc:180] ArtmCopyRequestedMessage is copying 2479284 bytes...
I0125 13:38:19.693429  9388 c_interface.cc:180] ArtmCopyRequestedMessage is copying 2479284 bytes...
I0125 13:38:20.381063  9388 c_interface.cc:180] ArtmCopyRequestedMessage is copying 2479284 bytes...
I0125 13:38:21.083830  9388 c_interface.cc:180] ArtmCopyRequestedMessage is copying 993998 bytes...
I0125 13:38:22.060334  9388 instance.cc:358] MasterModelConfig.processors_count is automatically set to 4
I0125 13:38:22.107233  9388 c_interface.cc:221] Creating MasterModel (id=7)...
I0125 13:38:22.107233  9388 c_interface.cc:318] Pass pwt to void (__cdecl artm::core::MasterComponent::*)(class std::basic_string<char,struct std::char_traits<char>,class std::allocator<char> > const & __ptr64) __ptr64
I0125 13:38:22.107233  9388 c_interface.cc:318] Pass nwt to void (__cdecl artm::core::MasterComponent::*)(class std::basic_string<char,struct std::char_traits<char>,class std::allocator<char> > const & __ptr64) __ptr64
I0125 13:38:22.107233  9388 c_interface.cc:332] Pass InitializeModelArgs: model_name=pwt, dictionary_name=3106f858-bebf-4d31-9a0e-62c28e11609a, topic_name_size=20 to void (__cdecl artm::core::MasterComponent::*)(class artm::InitializeModelArgs const & __ptr64) __ptr64
I0125 13:38:22.138480  9388 master_component.cc:338] InitializeModel() with 20 topics and 17492 tokens
I0125 13:38:22.254477  9388 c_interface.cc:332] Pass InitializeModelArgs: model_name=nwt, dictionary_name=3106f858-bebf-4d31-9a0e-62c28e11609a, topic_name_size=20 to void (__cdecl artm::core::MasterComponent::*)(class artm::InitializeModelArgs const & __ptr64) __ptr64
I0125 13:38:22.254477  9388 master_component.cc:338] InitializeModel() with 20 topics and 17492 tokens
I0125 13:38:22.411991  9388 phi_matrix_operations.cc:82] RetrieveExternalTopicModel() with 20 topics, 17492 tokens
I0125 13:38:22.641155  9388 c_interface.cc:180] ArtmCopyRequestedMessage is copying 815777 bytes...
I0125 13:38:22.832342  5736 processor.cc:646] Processor thread started
I0125 13:38:22.832342 12280 processor.cc:646] Processor thread started
I0125 13:38:22.832342 11824 processor.cc:646] Processor thread started
I0125 13:38:22.832342  2992 processor.cc:646] Processor thread started
I0125 13:38:22.956322 12280 processor.cc:662] No data in processing queue, waiting...
I0125 13:38:22.956322 11824 processor.cc:662] No data in processing queue, waiting...
I0125 13:38:22.956322  5736 processor.cc:662] No data in processing queue, waiting...
I0125 13:38:22.956322  2992 processor.cc:662] No data in processing queue, waiting...
I0125 13:38:23.397457  9388 c_interface.cc:332] Pass MasterModelConfig: topic_name_size=20, class=(@default_class:1), score_config_size=0, num_processors=0, pwt_name=pwt, nwt_name=nwt, num_document_passes=5, reuse_theta=no, cache_theta=yes, opt_for_avx=yes, disk_cache_path to void (__cdecl artm::core::MasterComponent::*)(class artm::MasterModelConfig const & __ptr64) __ptr64
I0125 13:38:23.397457  9388 instance.cc:358] MasterModelConfig.processors_count is automatically set to 4
I0125 13:38:23.413085  9388 c_interface.cc:332] Pass MasterModelConfig: topic_name_size=20, class=(@default_class:1), score_config_size=1, num_processors=0, pwt_name=pwt, nwt_name=nwt, num_document_passes=5, reuse_theta=no, cache_theta=yes, opt_for_avx=yes, disk_cache_path to void (__cdecl artm::core::MasterComponent::*)(class artm::MasterModelConfig const & __ptr64) __ptr64
I0125 13:38:23.459967  9388 instance.cc:358] MasterModelConfig.processors_count is automatically set to 4
I0125 13:38:23.459967  9388 perplexity.cc:24] Perplexity score calculator created: model_type=0, dictionary_name=3106f858-bebf-4d31-9a0e-62c28e11609a
I0125 13:38:23.459967  9388 c_interface.cc:332] Pass MasterModelConfig: topic_name_size=20, class=(@default_class:1), score_config_size=2, num_processors=0, pwt_name=pwt, nwt_name=nwt, num_document_passes=5, reuse_theta=no, cache_theta=yes, opt_for_avx=yes, disk_cache_path to void (__cdecl artm::core::MasterComponent::*)(class artm::MasterModelConfig const & __ptr64) __ptr64
I0125 13:38:23.459967  9388 instance.cc:358] MasterModelConfig.processors_count is automatically set to 4
I0125 13:38:23.459967  9388 perplexity.cc:24] Perplexity score calculator created: model_type=0, dictionary_name=3106f858-bebf-4d31-9a0e-62c28e11609a
I0125 13:38:23.459967  9388 c_interface.cc:332] Pass MasterModelConfig: topic_name_size=20, class=(@default_class:1), score_config_size=3, num_processors=0, pwt_name=pwt, nwt_name=nwt, num_document_passes=5, reuse_theta=no, cache_theta=yes, opt_for_avx=yes, disk_cache_path to void (__cdecl artm::core::MasterComponent::*)(class artm::MasterModelConfig const & __ptr64) __ptr64
I0125 13:38:23.459967  9388 instance.cc:358] MasterModelConfig.processors_count is automatically set to 4
I0125 13:38:23.459967  9388 perplexity.cc:24] Perplexity score calculator created: model_type=0, dictionary_name=3106f858-bebf-4d31-9a0e-62c28e11609a
I0125 13:38:23.459967  9388 c_interface.cc:332] Pass MasterModelConfig: topic_name_size=20, class=(@default_class:1), score_config_size=4, num_processors=0, pwt_name=pwt, nwt_name=nwt, num_document_passes=5, reuse_theta=no, cache_theta=yes, opt_for_avx=yes, disk_cache_path to void (__cdecl artm::core::MasterComponent::*)(class artm::MasterModelConfig const & __ptr64) __ptr64
I0125 13:38:23.459967  9388 instance.cc:358] MasterModelConfig.processors_count is automatically set to 4
I0125 13:38:23.459967  9388 perplexity.cc:24] Perplexity score calculator created: model_type=0, dictionary_name=3106f858-bebf-4d31-9a0e-62c28e11609a
I0125 13:38:23.459967  9388 c_interface.cc:332] Pass MasterModelConfig: topic_name_size=20, class=(@default_class:1), score_config_size=5, num_processors=0, pwt_name=pwt, nwt_name=nwt, num_document_passes=5, reuse_theta=no, cache_theta=yes, opt_for_avx=yes, disk_cache_path to void (__cdecl artm::core::MasterComponent::*)(class artm::MasterModelConfig const & __ptr64) __ptr64
I0125 13:38:23.459967  9388 instance.cc:358] MasterModelConfig.processors_count is automatically set to 4
I0125 13:38:23.459967  9388 perplexity.cc:24] Perplexity score calculator created: model_type=0, dictionary_name=3106f858-bebf-4d31-9a0e-62c28e11609a
I0125 13:38:23.484232 12796 processor.cc:654] Processor thread stopped
I0125 13:38:23.484232 12796 processor.cc:655] Total number of processed batches: 20
I0125 13:38:23.525259 13496 processor.cc:654] Processor thread stopped
I0125 13:38:23.525259 13496 processor.cc:655] Total number of processed batches: 20
I0125 13:38:23.526260  9404 processor.cc:654] Processor thread stopped
I0125 13:38:23.526260  9404 processor.cc:655] Total number of processed batches: 20
I0125 13:38:23.527263   836 processor.cc:654] Processor thread stopped
I0125 13:38:23.527263   836 processor.cc:655] Total number of processed batches: 20
I0125 13:38:23.567587  9388 c_interface.cc:283] Disposing MasterComponent (id=6)...
I0125 13:38:23.567587  9388 c_interface.cc:332] Pass MasterModelConfig: topic_name_size=20, class=(@default_class:1), score_config_size=5, num_processors=0, pwt_name=pwt, nwt_name=nwt, num_document_passes=5, regularizer=(decorrelator_phi_regularizer:1), reuse_theta=no, cache_theta=yes, opt_for_avx=yes, disk_cache_path to void (__cdecl artm::core::MasterComponent::*)(class artm::MasterModelConfig const & __ptr64) __ptr64
I0125 13:38:23.567587  9388 instance.cc:358] MasterModelConfig.processors_count is automatically set to 4
I0125 13:38:23.567587  9388 perplexity.cc:24] Perplexity score calculator created: model_type=0, dictionary_name=3106f858-bebf-4d31-9a0e-62c28e11609a
I0125 13:38:23.567587  9388 instance.cc:225] Regularizer 'decorrelator_phi_regularizer' was cold-reconfigured
I0125 13:38:23.567587  9388 c_interface.cc:332] Pass MasterModelConfig: topic_name_size=20, class=(@default_class:1), score_config_size=5, num_processors=0, pwt_name=pwt, nwt_name=nwt, num_document_passes=5, regularizer=(decorrelator_phi_regularizer:1), regularizer=(ss_theta_regularizer:1), reuse_theta=no, cache_theta=yes, opt_for_avx=yes, disk_cache_path to void (__cdecl artm::core::MasterComponent::*)(class artm::MasterModelConfig const & __ptr64) __ptr64
I0125 13:38:23.567587  9388 instance.cc:358] MasterModelConfig.processors_count is automatically set to 4
I0125 13:38:23.567587  9388 perplexity.cc:24] Perplexity score calculator created: model_type=0, dictionary_name=3106f858-bebf-4d31-9a0e-62c28e11609a
I0125 13:38:23.583217  9388 instance.cc:225] Regularizer 'decorrelator_phi_regularizer' was cold-reconfigured
I0125 13:38:23.601722  9388 instance.cc:207] Regularizer 'ss_theta_regularizer' was cold-reconfigured
I0125 13:38:23.602720  9388 c_interface.cc:332] Pass MasterModelConfig: topic_name_size=20, class=(@default_class:1), score_config_size=5, num_processors=0, pwt_name=pwt, nwt_name=nwt, num_document_passes=5, regularizer=(decorrelator_phi_regularizer:1), regularizer=(ss_theta_regularizer:1), regularizer=(ss_phi_regularizer:1), reuse_theta=no, cache_theta=yes, opt_for_avx=yes, disk_cache_path to void (__cdecl artm::core::MasterComponent::*)(class artm::MasterModelConfig const & __ptr64) __ptr64
I0125 13:38:23.602720  9388 instance.cc:358] MasterModelConfig.processors_count is automatically set to 4
I0125 13:38:23.602720  9388 perplexity.cc:24] Perplexity score calculator created: model_type=0, dictionary_name=3106f858-bebf-4d31-9a0e-62c28e11609a
I0125 13:38:23.602720  9388 instance.cc:225] Regularizer 'decorrelator_phi_regularizer' was cold-reconfigured
I0125 13:38:23.602720  9388 instance.cc:207] Regularizer 'ss_theta_regularizer' was cold-reconfigured
I0125 13:38:23.602720  9388 instance.cc:213] Regularizer 'ss_phi_regularizer' was cold-reconfigured
I0125 13:38:23.603723  9388 c_interface.cc:332] Pass MasterModelConfig: topic_name_size=20, class=(@default_class:1), score_config_size=5, num_processors=0, pwt_name=pwt, nwt_name=nwt, num_document_passes=5, regularizer=(decorrelator_phi_regularizer:100), regularizer=(ss_theta_regularizer:1), regularizer=(ss_phi_regularizer:1), reuse_theta=no, cache_theta=yes, opt_for_avx=yes, disk_cache_path to void (__cdecl artm::core::MasterComponent::*)(class artm::MasterModelConfig const & __ptr64) __ptr64
I0125 13:38:23.603723  9388 instance.cc:358] MasterModelConfig.processors_count is automatically set to 4
I0125 13:38:23.603723  9388 perplexity.cc:24] Perplexity score calculator created: model_type=0, dictionary_name=3106f858-bebf-4d31-9a0e-62c28e11609a
I0125 13:38:23.603723  9388 instance.cc:225] Regularizer 'decorrelator_phi_regularizer' was cold-reconfigured
I0125 13:38:23.603723  9388 instance.cc:207] Regularizer 'ss_theta_regularizer' was cold-reconfigured
I0125 13:38:23.603723  9388 instance.cc:213] Regularizer 'ss_phi_regularizer' was cold-reconfigured
I0125 13:38:23.604724  9388 c_interface.cc:332] Pass MasterModelConfig: topic_name_size=20, class=(@default_class:1), score_config_size=5, num_processors=0, pwt_name=pwt, nwt_name=nwt, num_document_passes=5, regularizer=(decorrelator_phi_regularizer:100), regularizer=(ss_theta_regularizer:-1), regularizer=(ss_phi_regularizer:1), reuse_theta=no, cache_theta=yes, opt_for_avx=yes, disk_cache_path to void (__cdecl artm::core::MasterComponent::*)(class artm::MasterModelConfig const & __ptr64) __ptr64
I0125 13:38:23.604724  9388 instance.cc:358] MasterModelConfig.processors_count is automatically set to 4
I0125 13:38:23.604724  9388 perplexity.cc:24] Perplexity score calculator created: model_type=0, dictionary_name=3106f858-bebf-4d31-9a0e-62c28e11609a
I0125 13:38:23.604724  9388 instance.cc:225] Regularizer 'decorrelator_phi_regularizer' was cold-reconfigured
I0125 13:38:23.604724  9388 instance.cc:207] Regularizer 'ss_theta_regularizer' was cold-reconfigured
I0125 13:38:23.604724  9388 instance.cc:213] Regularizer 'ss_phi_regularizer' was cold-reconfigured
I0125 13:38:23.605725  9388 c_interface.cc:332] Pass MasterModelConfig: topic_name_size=20, class=(@default_class:1), score_config_size=5, num_processors=0, pwt_name=pwt, nwt_name=nwt, num_document_passes=5, regularizer=(decorrelator_phi_regularizer:100), regularizer=(ss_theta_regularizer:-1), regularizer=(ss_phi_regularizer:-1), reuse_theta=no, cache_theta=yes, opt_for_avx=yes, disk_cache_path to void (__cdecl artm::core::MasterComponent::*)(class artm::MasterModelConfig const & __ptr64) __ptr64
I0125 13:38:23.605725  9388 instance.cc:358] MasterModelConfig.processors_count is automatically set to 4
I0125 13:38:23.605725  9388 perplexity.cc:24] Perplexity score calculator created: model_type=0, dictionary_name=3106f858-bebf-4d31-9a0e-62c28e11609a
I0125 13:38:23.605725  9388 instance.cc:225] Regularizer 'decorrelator_phi_regularizer' was cold-reconfigured
I0125 13:38:23.605725  9388 instance.cc:207] Regularizer 'ss_theta_regularizer' was cold-reconfigured
I0125 13:38:23.605725  9388 instance.cc:213] Regularizer 'ss_phi_regularizer' was cold-reconfigured
I0125 13:38:23.606726  9388 c_interface.cc:332] Pass FitOfflineMasterModelArgs, batch_filename_size=4, batch_weight_size=4, num_collection_passes=1 to void (__cdecl artm::core::MasterComponent::*)(class artm::FitOfflineMasterModelArgs const & __ptr64) __ptr64
I0125 13:38:23.606726  9388 master_component.cc:942] ProcessBatchesArgs: nwt_target_name=nwt, batch_filename_size=4, batch_size=0, batch_weight_size=4, pwt_source_name=pwt, num_document_passes=5, regularizer=(name:decorrelator_phi_regularizer, tau:100), regularizer=(name:ss_theta_regularizer, tau:-1), regularizer=(name:ss_phi_regularizer, tau:-1), class=(@default_class:1), reuse_theta=no, opt_for_avx=yes, predict_class_id=
I0125 13:38:23.646757  5736 processor.cc:669] Processing queue has data, processing started
I0125 13:38:23.646757 12280 processor.cc:669] Processing queue has data, processing started
I0125 13:38:23.646757 11824 processor.cc:669] Processing queue has data, processing started
I0125 13:38:23.646757  2992 processor.cc:669] Processing queue has data, processing started
I0125 13:38:25.151114 12280 processor.cc:746] Processor: start processing batch c7409bab-46bb-42a3-9fb3-feaeb2330f73 into model nwt
I0125 13:38:25.799756  2992 processor.cc:746] Processor: start processing batch e0286f04-8790-4317-a1ab-8d6162d31f1b into model nwt
I0125 13:38:26.414798 11824 processor.cc:746] Processor: start processing batch ae3644b4-95f2-463e-b7a4-9eeedade5e9d into model nwt
I0125 13:38:26.419999  5736 processor.cc:746] Processor: start processing batch 26ebd86a-496b-4960-ab22-a50f3c1e007e into model nwt
I0125 13:38:33.600932 12280 processor.cc:842] Processor: complete processing batch c7409bab-46bb-42a3-9fb3-feaeb2330f73 into model nwt
I0125 13:38:33.936837 12280 cuckoo_watch.h:44] 10290ms in ProcessBatch(Q:\topic_modeling\data\postnauka\bigARTM_files\pn_model1\aaaaad.batch) [including 1504ms in LoadMessage; 1165ms in InitializeSparseNdw; 5630ms in InferThetaAndUpdateNwtSparse; 1499ms in CalculateScore(perplexity_score); 153ms in CalculateScore(ss_theta_score); ]
I0125 13:38:34.201217 12280 processor.cc:662] No data in processing queue, waiting...
I0125 13:38:49.382864  2992 processor.cc:842] Processor: complete processing batch e0286f04-8790-4317-a1ab-8d6162d31f1b into model nwt
I0125 13:38:49.695377  2992 cuckoo_watch.h:44] 26048ms in ProcessBatch(Q:\topic_modeling\data\postnauka\bigARTM_files\pn_model1\aaaaab.batch) [including 2150ms in LoadMessage; 2365ms in InitializeSparseNdw; 16537ms in InferThetaAndUpdateNwtSparse; 4647ms in CalculateScore(perplexity_score); 31ms in CalculateScore(ss_theta_score); ]
I0125 13:38:49.821239  2992 processor.cc:662] No data in processing queue, waiting...
I0125 13:38:51.398485  5736 processor.cc:842] Processor: complete processing batch 26ebd86a-496b-4960-ab22-a50f3c1e007e into model nwt
I0125 13:38:51.568079 11824 processor.cc:842] Processor: complete processing batch ae3644b4-95f2-463e-b7a4-9eeedade5e9d into model nwt
I0125 13:38:52.462105  5736 cuckoo_watch.h:44] 28804ms in ProcessBatch(Q:\topic_modeling\data\postnauka\bigARTM_files\pn_model1\aaaaaa.batch) [including 2773ms in LoadMessage; 2344ms in InitializeSparseNdw; 19638ms in InferThetaAndUpdateNwtSparse; 2932ms in CalculateScore(perplexity_score); 62ms in CalculateScore(ss_theta_score); ]
I0125 13:38:52.627779  5736 processor.cc:662] No data in processing queue, waiting...
I0125 13:38:52.850133 11824 cuckoo_watch.h:44] 29203ms in ProcessBatch(Q:\topic_modeling\data\postnauka\bigARTM_files\pn_model1\aaaaac.batch) [including 2766ms in LoadMessage; 2317ms in InitializeSparseNdw; 19669ms in InferThetaAndUpdateNwtSparse; 3041ms in CalculateScore(perplexity_score); 122ms in CalculateScore(ss_theta_score); ]
I0125 13:38:52.865758  9388 master_component.cc:980] RegularizeModelArgs: rwt_target_name=rwt, pwt_source_name=pwt, nwt_source_name=nwt
I0125 13:38:52.865758  9388 master_component.cc:590] MasterComponent: start regularizing model pwt
I0125 13:38:52.921263 11824 processor.cc:662] No data in processing queue, waiting...
I0125 13:38:53.170428  9388 master_component.cc:613] MasterComponent: complete regularizing model pwt
I0125 13:38:53.170428  9388 master_component.cc:991] NormalizeModelArgs: pwt_target_name=pwt, nwt_source_name=nwt, rwt_source_name=rwt
I0125 13:38:53.170428  9388 master_component.cc:617] MasterComponent: start normalizing model nwt
I0125 13:38:53.317287  9388 master_component.cc:639] MasterComponent: complete normalizing model nwt
I0125 13:38:53.452941  9388 master_component.cc:1015] DisposeModel rwt
I0125 13:38:53.468567  9388 c_interface.cc:332] Pass FitOfflineMasterModelArgs, batch_filename_size=4, batch_weight_size=4, num_collection_passes=1 to void (__cdecl artm::core::MasterComponent::*)(class artm::FitOfflineMasterModelArgs const & __ptr64) __ptr64
I0125 13:38:53.468567  9388 master_component.cc:942] ProcessBatchesArgs: nwt_target_name=nwt, batch_filename_size=4, batch_size=0, batch_weight_size=4, pwt_source_name=pwt, num_document_passes=5, regularizer=(name:decorrelator_phi_regularizer, tau:100), regularizer=(name:ss_theta_regularizer, tau:-1), regularizer=(name:ss_phi_regularizer, tau:-1), class=(@default_class:1), reuse_theta=no, opt_for_avx=yes, predict_class_id=
I0125 13:38:53.506855 12280 processor.cc:669] Processing queue has data, processing started
I0125 13:38:53.506855  5736 processor.cc:669] Processing queue has data, processing started
I0125 13:38:53.506855  2992 processor.cc:669] Processing queue has data, processing started
I0125 13:38:53.506855 11824 processor.cc:669] Processing queue has data, processing started
I0125 13:39:10.219761  5736 processor.cc:746] Processor: start processing batch c7409bab-46bb-42a3-9fb3-feaeb2330f73 into model nwt
I0125 13:39:14.089723  2992 processor.cc:746] Processor: start processing batch e0286f04-8790-4317-a1ab-8d6162d31f1b into model nwt
I0125 13:39:14.480012 11824 processor.cc:746] Processor: start processing batch ae3644b4-95f2-463e-b7a4-9eeedade5e9d into model nwt
I0125 13:39:14.531045  5736 processor.cc:842] Processor: complete processing batch c7409bab-46bb-42a3-9fb3-feaeb2330f73 into model nwt
I0125 13:39:14.648893  5736 cuckoo_watch.h:44] 21142ms in ProcessBatch(Q:\topic_modeling\data\postnauka\bigARTM_files\pn_model1\aaaaad.batch) [including 16712ms in LoadMessage; 535ms in InitializeSparseNdw; 2969ms in InferThetaAndUpdateNwtSparse; 777ms in CalculateScore(perplexity_score); 29ms in CalculateScore(ss_theta_score); ]
I0125 13:39:14.733258  5736 processor.cc:662] No data in processing queue, waiting...
I0125 13:39:16.071308 12280 processor.cc:746] Processor: start processing batch 26ebd86a-496b-4960-ab22-a50f3c1e007e into model nwt
I0125 13:39:32.298841  2992 processor.cc:842] Processor: complete processing batch e0286f04-8790-4317-a1ab-8d6162d31f1b into model nwt
I0125 13:39:32.705112  2992 cuckoo_watch.h:44] 39198ms in ProcessBatch(Q:\topic_modeling\data\postnauka\bigARTM_files\pn_model1\aaaaab.batch) [including 20582ms in LoadMessage; 1660ms in InitializeSparseNdw; 12773ms in InferThetaAndUpdateNwtSparse; 3681ms in CalculateScore(perplexity_score); 78ms in CalculateScore(ss_theta_score); ]
I0125 13:39:33.019495  2992 processor.cc:662] No data in processing queue, waiting...
I0125 13:39:33.222631 11824 processor.cc:842] Processor: complete processing batch ae3644b4-95f2-463e-b7a4-9eeedade5e9d into model nwt
I0125 13:39:33.425765 11824 cuckoo_watch.h:44] 39918ms in ProcessBatch(Q:\topic_modeling\data\postnauka\bigARTM_files\pn_model1\aaaaac.batch) [including 20972ms in LoadMessage; 1719ms in InitializeSparseNdw; 12917ms in InferThetaAndUpdateNwtSparse; 4089ms in CalculateScore(perplexity_score); 15ms in CalculateScore(ss_theta_score); ]
I0125 13:39:33.722654 11824 processor.cc:662] No data in processing queue, waiting...
I0125 13:39:34.863337 12280 processor.cc:842] Processor: complete processing batch 26ebd86a-496b-4960-ab22-a50f3c1e007e into model nwt
I0125 13:39:35.003968 12280 cuckoo_watch.h:44] 41497ms in ProcessBatch(Q:\topic_modeling\data\postnauka\bigARTM_files\pn_model1\aaaaaa.batch) [including 22562ms in LoadMessage; 2332ms in InitializeSparseNdw; 14865ms in InferThetaAndUpdateNwtSparse; 1546ms in CalculateScore(perplexity_score); 15ms in CalculateScore(ss_theta_score); ]
I0125 13:39:35.019608  9388 master_component.cc:980] RegularizeModelArgs: rwt_target_name=rwt, pwt_source_name=pwt, nwt_source_name=nwt
I0125 13:39:35.019608  9388 master_component.cc:590] MasterComponent: start regularizing model pwt
I0125 13:39:35.082099  9388 master_component.cc:613] MasterComponent: complete regularizing model pwt
I0125 13:39:35.082099  9388 master_component.cc:991] NormalizeModelArgs: pwt_target_name=pwt, nwt_source_name=nwt, rwt_source_name=rwt
I0125 13:39:35.082099  9388 master_component.cc:617] MasterComponent: start normalizing model nwt
I0125 13:39:35.113353  9388 master_component.cc:639] MasterComponent: complete normalizing model nwt
I0125 13:39:35.207104  9388 master_component.cc:1015] DisposeModel rwt
I0125 13:39:35.207104  9388 c_interface.cc:332] Pass FitOfflineMasterModelArgs, batch_filename_size=4, batch_weight_size=4, num_collection_passes=1 to void (__cdecl artm::core::MasterComponent::*)(class artm::FitOfflineMasterModelArgs const & __ptr64) __ptr64
I0125 13:39:35.207104  9388 master_component.cc:942] ProcessBatchesArgs: nwt_target_name=nwt, batch_filename_size=4, batch_size=0, batch_weight_size=4, pwt_source_name=pwt, num_document_passes=5, regularizer=(name:decorrelator_phi_regularizer, tau:100), regularizer=(name:ss_theta_regularizer, tau:-1), regularizer=(name:ss_phi_regularizer, tau:-1), class=(@default_class:1), reuse_theta=no, opt_for_avx=yes, predict_class_id=
I0125 13:39:35.254014  2992 processor.cc:669] Processing queue has data, processing started
I0125 13:39:35.254014 11824 processor.cc:669] Processing queue has data, processing started
I0125 13:39:35.254014  5736 processor.cc:669] Processing queue has data, processing started
I0125 13:39:35.894634  5736 processor.cc:746] Processor: start processing batch c7409bab-46bb-42a3-9fb3-feaeb2330f73 into model nwt
I0125 13:39:36.963696 12280 processor.cc:746] Processor: start processing batch ae3644b4-95f2-463e-b7a4-9eeedade5e9d into model nwt
I0125 13:39:36.963696  2992 processor.cc:746] Processor: start processing batch e0286f04-8790-4317-a1ab-8d6162d31f1b into model nwt
I0125 13:39:36.963696 11824 processor.cc:746] Processor: start processing batch 26ebd86a-496b-4960-ab22-a50f3c1e007e into model nwt
I0125 13:39:43.414014  5736 processor.cc:842] Processor: complete processing batch c7409bab-46bb-42a3-9fb3-feaeb2330f73 into model nwt
I0125 13:39:43.554646  5736 cuckoo_watch.h:44] 8300ms in ProcessBatch(Q:\topic_modeling\data\postnauka\bigARTM_files\pn_model1\aaaaad.batch) [including 640ms in LoadMessage; 740ms in InitializeSparseNdw; 5666ms in InferThetaAndUpdateNwtSparse; 1064ms in CalculateScore(perplexity_score); 46ms in CalculateScore(ss_theta_score); ]
I0125 13:39:43.851534  5736 processor.cc:662] No data in processing queue, waiting...
I0125 13:40:00.037566 11824 processor.cc:842] Processor: complete processing batch 26ebd86a-496b-4960-ab22-a50f3c1e007e into model nwt
I0125 13:40:00.084441 12280 processor.cc:842] Processor: complete processing batch ae3644b4-95f2-463e-b7a4-9eeedade5e9d into model nwt
I0125 13:40:00.100069  2992 processor.cc:842] Processor: complete processing batch e0286f04-8790-4317-a1ab-8d6162d31f1b into model nwt
I0125 13:40:00.704519 12280 cuckoo_watch.h:44] 25325ms in ProcessBatch(Q:\topic_modeling\data\postnauka\bigARTM_files\pn_model1\aaaaac.batch) [including 1709ms in LoadMessage; 2266ms in InitializeSparseNdw; 16302ms in InferThetaAndUpdateNwtSparse; 4489ms in CalculateScore(perplexity_score); 46ms in CalculateScore(ss_theta_score); ]
I0125 13:40:00.751394  2992 cuckoo_watch.h:44] 25497ms in ProcessBatch(Q:\topic_modeling\data\postnauka\bigARTM_files\pn_model1\aaaaab.batch) [including 1709ms in LoadMessage; 2313ms in InitializeSparseNdw; 16350ms in InferThetaAndUpdateNwtSparse; 4410ms in CalculateScore(perplexity_score); 46ms in CalculateScore(ss_theta_score); ]
I0125 13:40:00.767022 11824 cuckoo_watch.h:44] 25513ms in ProcessBatch(Q:\topic_modeling\data\postnauka\bigARTM_files\pn_model1\aaaaaa.batch) [including 1709ms in LoadMessage; 2235ms in InitializeSparseNdw; 16435ms in InferThetaAndUpdateNwtSparse; 4387ms in CalculateScore(perplexity_score); 15ms in CalculateScore(ss_theta_score); ]
I0125 13:40:00.782650  9388 master_component.cc:980] RegularizeModelArgs: rwt_target_name=rwt, pwt_source_name=pwt, nwt_source_name=nwt
I0125 13:40:00.782650  9388 master_component.cc:590] MasterComponent: start regularizing model pwt
I0125 13:40:00.845155  9388 master_component.cc:613] MasterComponent: complete regularizing model pwt
I0125 13:40:00.845155  9388 master_component.cc:991] NormalizeModelArgs: pwt_target_name=pwt, nwt_source_name=nwt, rwt_source_name=rwt
I0125 13:40:00.845155  9388 master_component.cc:617] MasterComponent: start normalizing model nwt
I0125 13:40:00.876405  9388 master_component.cc:639] MasterComponent: complete normalizing model nwt
I0125 13:40:00.970160  9388 master_component.cc:1015] DisposeModel rwt
I0125 13:40:00.985785  9388 c_interface.cc:332] Pass FitOfflineMasterModelArgs, batch_filename_size=4, batch_weight_size=4, num_collection_passes=1 to void (__cdecl artm::core::MasterComponent::*)(class artm::FitOfflineMasterModelArgs const & __ptr64) __ptr64
I0125 13:40:00.985785  9388 master_component.cc:942] ProcessBatchesArgs: nwt_target_name=nwt, batch_filename_size=4, batch_size=0, batch_weight_size=4, pwt_source_name=pwt, num_document_passes=5, regularizer=(name:decorrelator_phi_regularizer, tau:100), regularizer=(name:ss_theta_regularizer, tau:-1), regularizer=(name:ss_phi_regularizer, tau:-1), class=(@default_class:1), reuse_theta=no, opt_for_avx=yes, predict_class_id=
I0125 13:40:01.001410 12280 processor.cc:662] No data in processing queue, waiting...
I0125 13:40:01.017076 12280 processor.cc:669] Processing queue has data, processing started
I0125 13:40:01.017076  5736 processor.cc:669] Processing queue has data, processing started
I0125 13:40:12.761270 12280 processor.cc:746] Processor: start processing batch e0286f04-8790-4317-a1ab-8d6162d31f1b into model nwt
I0125 13:40:13.429473  5736 processor.cc:746] Processor: start processing batch 26ebd86a-496b-4960-ab22-a50f3c1e007e into model nwt
I0125 13:40:14.079383  2992 processor.cc:746] Processor: start processing batch c7409bab-46bb-42a3-9fb3-feaeb2330f73 into model nwt
I0125 13:40:17.958290 11824 processor.cc:746] Processor: start processing batch ae3644b4-95f2-463e-b7a4-9eeedade5e9d into model nwt
I0125 13:40:20.505288  2992 processor.cc:842] Processor: complete processing batch c7409bab-46bb-42a3-9fb3-feaeb2330f73 into model nwt
I0125 13:40:20.645920  2992 cuckoo_watch.h:44] 19628ms in ProcessBatch(Q:\topic_modeling\data\postnauka\bigARTM_files\pn_model1\aaaaad.batch) [including 13059ms in LoadMessage; 998ms in InitializeSparseNdw; 4302ms in InferThetaAndUpdateNwtSparse; 1109ms in CalculateScore(perplexity_score); 15ms in CalculateScore(ss_theta_score); ]
I0125 13:40:20.942812  2992 processor.cc:662] No data in processing queue, waiting...
I0125 13:40:30.933706 12280 processor.cc:842] Processor: complete processing batch e0286f04-8790-4317-a1ab-8d6162d31f1b into model nwt
I0125 13:40:31.324764 12280 cuckoo_watch.h:44] 30307ms in ProcessBatch(Q:\topic_modeling\data\postnauka\bigARTM_files\pn_model1\aaaaab.batch) [including 11744ms in LoadMessage; 1715ms in InitializeSparseNdw; 12521ms in InferThetaAndUpdateNwtSparse; 3904ms in CalculateScore(perplexity_score); 31ms in CalculateScore(ss_theta_score); ]
I0125 13:40:31.637287 12280 processor.cc:662] No data in processing queue, waiting...
I0125 13:40:31.715418  5736 processor.cc:842] Processor: complete processing batch 26ebd86a-496b-4960-ab22-a50f3c1e007e into model nwt
I0125 13:40:32.168552  5736 cuckoo_watch.h:44] 31151ms in ProcessBatch(Q:\topic_modeling\data\postnauka\bigARTM_files\pn_model1\aaaaaa.batch) [including 12396ms in LoadMessage; 2070ms in InitializeSparseNdw; 12470ms in InferThetaAndUpdateNwtSparse; 3712ms in CalculateScore(perplexity_score); 31ms in CalculateScore(ss_theta_score); ]
I0125 13:40:32.465442  5736 processor.cc:662] No data in processing queue, waiting...
I0125 13:40:35.089993 11824 processor.cc:842] Processor: complete processing batch ae3644b4-95f2-463e-b7a4-9eeedade5e9d into model nwt
I0125 13:40:35.230624 11824 cuckoo_watch.h:44] 34213ms in ProcessBatch(Q:\topic_modeling\data\postnauka\bigARTM_files\pn_model1\aaaaac.batch) [including 16925ms in LoadMessage; 2593ms in InitializeSparseNdw; 13147ms in InferThetaAndUpdateNwtSparse; 1380ms in CalculateScore(perplexity_score); 9ms in CalculateScore(ss_theta_score); ]
I0125 13:40:35.246253  9388 master_component.cc:980] RegularizeModelArgs: rwt_target_name=rwt, pwt_source_name=pwt, nwt_source_name=nwt
I0125 13:40:35.246253  9388 master_component.cc:590] MasterComponent: start regularizing model pwt
I0125 13:40:35.308756  9388 master_component.cc:613] MasterComponent: complete regularizing model pwt
I0125 13:40:35.308756  9388 master_component.cc:991] NormalizeModelArgs: pwt_target_name=pwt, nwt_source_name=nwt, rwt_source_name=rwt
I0125 13:40:35.308756  9388 master_component.cc:617] MasterComponent: start normalizing model nwt
I0125 13:40:35.340008  9388 master_component.cc:639] MasterComponent: complete normalizing model nwt
I0125 13:40:35.433761  9388 master_component.cc:1015] DisposeModel rwt
I0125 13:40:35.449388  9388 c_interface.cc:332] Pass FitOfflineMasterModelArgs, batch_filename_size=4, batch_weight_size=4, num_collection_passes=1 to void (__cdecl artm::core::MasterComponent::*)(class artm::FitOfflineMasterModelArgs const & __ptr64) __ptr64
I0125 13:40:35.449388  9388 master_component.cc:942] ProcessBatchesArgs: nwt_target_name=nwt, batch_filename_size=4, batch_size=0, batch_weight_size=4, pwt_source_name=pwt, num_document_passes=5, regularizer=(name:decorrelator_phi_regularizer, tau:100), regularizer=(name:ss_theta_regularizer, tau:-1), regularizer=(name:ss_phi_regularizer, tau:-1), class=(@default_class:1), reuse_theta=no, opt_for_avx=yes, predict_class_id=
I0125 13:40:35.496296 12280 processor.cc:669] Processing queue has data, processing started
I0125 13:40:35.496296  2992 processor.cc:669] Processing queue has data, processing started
I0125 13:40:35.496296  5736 processor.cc:669] Processing queue has data, processing started
I0125 13:40:36.186640 11824 processor.cc:746] Processor: start processing batch c7409bab-46bb-42a3-9fb3-feaeb2330f73 into model nwt
I0125 13:40:37.308274  2992 processor.cc:746] Processor: start processing batch 26ebd86a-496b-4960-ab22-a50f3c1e007e into model nwt
I0125 13:40:37.308274  5736 processor.cc:746] Processor: start processing batch ae3644b4-95f2-463e-b7a4-9eeedade5e9d into model nwt
I0125 13:40:37.308274 12280 processor.cc:746] Processor: start processing batch e0286f04-8790-4317-a1ab-8d6162d31f1b into model nwt
I0125 13:40:44.574206 11824 processor.cc:842] Processor: complete processing batch c7409bab-46bb-42a3-9fb3-feaeb2330f73 into model nwt
I0125 13:40:44.746088 11824 cuckoo_watch.h:44] 9249ms in ProcessBatch(Q:\topic_modeling\data\postnauka\bigARTM_files\pn_model1\aaaaad.batch) [including 690ms in LoadMessage; 809ms in InitializeSparseNdw; 6476ms in InferThetaAndUpdateNwtSparse; 1071ms in CalculateScore(perplexity_score); 31ms in CalculateScore(ss_theta_score); ]
I0125 13:40:45.042978 11824 processor.cc:662] No data in processing queue, waiting...
I0125 13:40:59.623679 12280 processor.cc:842] Processor: complete processing batch e0286f04-8790-4317-a1ab-8d6162d31f1b into model nwt
I0125 13:40:59.795560  5736 processor.cc:842] Processor: complete processing batch ae3644b4-95f2-463e-b7a4-9eeedade5e9d into model nwt
I0125 13:40:59.873688  2992 processor.cc:842] Processor: complete processing batch 26ebd86a-496b-4960-ab22-a50f3c1e007e into model nwt
