I0125 15:09:03.427040  5032 processor.cc:842] Processor: complete processing batch 8e5acb98-4847-40ea-8379-6084fa640591 into model nwt
I0125 15:09:03.428541  5032 cuckoo_watch.h:44] 831ms in ProcessBatch(Q:\topic_modeling\data\postnauka\bigARTM_files\pn_model3\aaaaab.batch) [including 38ms in LoadMessage; 121ms in InitializeSparseNdw; 548ms in InferThetaAndUpdateNwtSparse; 118ms in CalculateScore(perplexity_score); 2ms in CalculateScore(ss_theta_score); ]
I0125 15:09:03.441049 12296 processor.cc:842] Processor: complete processing batch 8265d2ed-443a-4f1b-b812-7d63f85851d5 into model nwt
I0125 15:09:03.441049 12296 cuckoo_watch.h:44] 843ms in ProcessBatch(Q:\topic_modeling\data\postnauka\bigARTM_files\pn_model3\aaaaac.batch) [including 38ms in LoadMessage; 129ms in InitializeSparseNdw; 560ms in InferThetaAndUpdateNwtSparse; 115ms in CalculateScore(perplexity_score); 0ms in CalculateScore(ss_theta_score); ]
I0125 15:09:03.456682   620 master_component.cc:980] RegularizeModelArgs: rwt_target_name=rwt, pwt_source_name=pwt, nwt_source_name=nwt
I0125 15:09:03.456682   620 master_component.cc:590] MasterComponent: start regularizing model pwt
I0125 15:09:03.456682   620 master_component.cc:613] MasterComponent: complete regularizing model pwt
I0125 15:09:03.456682   620 master_component.cc:991] NormalizeModelArgs: pwt_target_name=pwt, nwt_source_name=nwt, rwt_source_name=rwt
I0125 15:09:03.456682   620 master_component.cc:617] MasterComponent: start normalizing model nwt
I0125 15:09:03.456682   620 master_component.cc:639] MasterComponent: complete normalizing model nwt
I0125 15:09:03.472306   620 master_component.cc:1015] DisposeModel rwt
I0125 15:09:03.472306   620 c_interface.cc:332] Pass FitOfflineMasterModelArgs, batch_filename_size=4, batch_weight_size=4, num_collection_passes=1 to void (__cdecl artm::core::MasterComponent::*)(class artm::FitOfflineMasterModelArgs const & __ptr64) __ptr64
I0125 15:09:03.472306   620 master_component.cc:942] ProcessBatchesArgs: nwt_target_name=nwt, batch_filename_size=4, batch_size=0, batch_weight_size=4, pwt_source_name=pwt, num_document_passes=5, regularizer=(name:decorrelator_phi_regularizer, tau:300), regularizer=(name:ss_theta_regularizer, tau:-5), regularizer=(name:ss_phi_regularizer, tau:-20), class=(@default_class:1), reuse_theta=no, opt_for_avx=yes, predict_class_id=
I0125 15:09:03.487933 13324 processor.cc:669] Processing queue has data, processing started
I0125 15:09:03.503556 13324 processor.cc:746] Processor: start processing batch acd8a394-4d05-46ac-afc0-bcfc3933f576 into model nwt
I0125 15:09:03.519182  6428 processor.cc:746] Processor: start processing batch 425e5ba6-af4a-411d-9cad-cf37f451bcc4 into model nwt
I0125 15:09:03.534808 12296 processor.cc:746] Processor: start processing batch 8265d2ed-443a-4f1b-b812-7d63f85851d5 into model nwt
I0125 15:09:03.535815  5032 processor.cc:746] Processor: start processing batch 8e5acb98-4847-40ea-8379-6084fa640591 into model nwt
I0125 15:09:03.846724 13324 processor.cc:842] Processor: complete processing batch acd8a394-4d05-46ac-afc0-bcfc3933f576 into model nwt
I0125 15:09:03.848225 13324 cuckoo_watch.h:44] 360ms in ProcessBatch(Q:\topic_modeling\data\postnauka\bigARTM_files\pn_model3\aaaaad.batch) [including 15ms in LoadMessage; 37ms in InitializeSparseNdw; 233ms in InferThetaAndUpdateNwtSparse; 69ms in CalculateScore(perplexity_score); 3ms in CalculateScore(ss_theta_score); ]
I0125 15:09:03.911267 13324 processor.cc:662] No data in processing queue, waiting...
I0125 15:09:04.346055 12296 processor.cc:842] Processor: complete processing batch 8265d2ed-443a-4f1b-b812-7d63f85851d5 into model nwt
I0125 15:09:04.348057 12296 cuckoo_watch.h:44] 860ms in ProcessBatch(Q:\topic_modeling\data\postnauka\bigARTM_files\pn_model3\aaaaac.batch) [including 46ms in LoadMessage; 112ms in InitializeSparseNdw; 585ms in InferThetaAndUpdateNwtSparse; 109ms in CalculateScore(perplexity_score); 3ms in CalculateScore(ss_theta_score); ]
I0125 15:09:04.358062  5032 processor.cc:842] Processor: complete processing batch 8e5acb98-4847-40ea-8379-6084fa640591 into model nwt
I0125 15:09:04.360564  5032 cuckoo_watch.h:44] 872ms in ProcessBatch(Q:\topic_modeling\data\postnauka\bigARTM_files\pn_model3\aaaaab.batch) [including 47ms in LoadMessage; 111ms in InitializeSparseNdw; 562ms in InferThetaAndUpdateNwtSparse; 143ms in CalculateScore(perplexity_score); 3ms in CalculateScore(ss_theta_score); ]
I0125 15:09:04.375574  6428 processor.cc:842] Processor: complete processing batch 425e5ba6-af4a-411d-9cad-cf37f451bcc4 into model nwt
I0125 15:09:04.377576  6428 cuckoo_watch.h:44] 889ms in ProcessBatch(Q:\topic_modeling\data\postnauka\bigARTM_files\pn_model3\aaaaaa.batch) [including 31ms in LoadMessage; 126ms in InitializeSparseNdw; 586ms in InferThetaAndUpdateNwtSparse; 139ms in CalculateScore(perplexity_score); 3ms in CalculateScore(ss_theta_score); ]
I0125 15:09:04.387583   620 master_component.cc:980] RegularizeModelArgs: rwt_target_name=rwt, pwt_source_name=pwt, nwt_source_name=nwt
I0125 15:09:04.387583   620 master_component.cc:590] MasterComponent: start regularizing model pwt
I0125 15:09:04.394088   620 master_component.cc:613] MasterComponent: complete regularizing model pwt
I0125 15:09:04.394088   620 master_component.cc:991] NormalizeModelArgs: pwt_target_name=pwt, nwt_source_name=nwt, rwt_source_name=rwt
I0125 15:09:04.394088   620 master_component.cc:617] MasterComponent: start normalizing model nwt
I0125 15:09:04.398090   620 master_component.cc:639] MasterComponent: complete normalizing model nwt
I0125 15:09:04.407096   620 master_component.cc:1015] DisposeModel rwt
I0125 15:09:04.407598   620 c_interface.cc:332] Pass FitOfflineMasterModelArgs, batch_filename_size=4, batch_weight_size=4, num_collection_passes=1 to void (__cdecl artm::core::MasterComponent::*)(class artm::FitOfflineMasterModelArgs const & __ptr64) __ptr64
I0125 15:09:04.407598   620 master_component.cc:942] ProcessBatchesArgs: nwt_target_name=nwt, batch_filename_size=4, batch_size=0, batch_weight_size=4, pwt_source_name=pwt, num_document_passes=5, regularizer=(name:decorrelator_phi_regularizer, tau:300), regularizer=(name:ss_theta_regularizer, tau:-5), regularizer=(name:ss_phi_regularizer, tau:-20), class=(@default_class:1), reuse_theta=no, opt_for_avx=yes, predict_class_id=
I0125 15:09:04.418606 13324 processor.cc:669] Processing queue has data, processing started
I0125 15:09:04.439117 13324 processor.cc:746] Processor: start processing batch acd8a394-4d05-46ac-afc0-bcfc3933f576 into model nwt
I0125 15:09:04.463132  6428 processor.cc:746] Processor: start processing batch 8e5acb98-4847-40ea-8379-6084fa640591 into model nwt
I0125 15:09:04.463632  5032 processor.cc:746] Processor: start processing batch 425e5ba6-af4a-411d-9cad-cf37f451bcc4 into model nwt
I0125 15:09:04.464133 12296 processor.cc:746] Processor: start processing batch 8265d2ed-443a-4f1b-b812-7d63f85851d5 into model nwt
I0125 15:09:04.794351 13324 processor.cc:842] Processor: complete processing batch acd8a394-4d05-46ac-afc0-bcfc3933f576 into model nwt
I0125 15:09:04.795352 13324 cuckoo_watch.h:44] 376ms in ProcessBatch(Q:\topic_modeling\data\postnauka\bigARTM_files\pn_model3\aaaaad.batch) [including 20ms in LoadMessage; 45ms in InitializeSparseNdw; 230ms in InferThetaAndUpdateNwtSparse; 76ms in CalculateScore(perplexity_score); 3ms in CalculateScore(ss_theta_score); ]
I0125 15:09:04.814364 13324 processor.cc:662] No data in processing queue, waiting...
I0125 15:09:05.239146  5032 processor.cc:842] Processor: complete processing batch 425e5ba6-af4a-411d-9cad-cf37f451bcc4 into model nwt
I0125 15:09:05.241648  5032 cuckoo_watch.h:44] 822ms in ProcessBatch(Q:\topic_modeling\data\postnauka\bigARTM_files\pn_model3\aaaaaa.batch) [including 45ms in LoadMessage; 130ms in InitializeSparseNdw; 546ms in InferThetaAndUpdateNwtSparse; 95ms in CalculateScore(perplexity_score); 2ms in CalculateScore(ss_theta_score); ]
I0125 15:09:05.272670  5032 processor.cc:662] No data in processing queue, waiting...
I0125 15:09:05.283676  6428 processor.cc:842] Processor: complete processing batch 8e5acb98-4847-40ea-8379-6084fa640591 into model nwt
I0125 15:09:05.286178  6428 cuckoo_watch.h:44] 867ms in ProcessBatch(Q:\topic_modeling\data\postnauka\bigARTM_files\pn_model3\aaaaab.batch) [including 44ms in LoadMessage; 121ms in InitializeSparseNdw; 532ms in InferThetaAndUpdateNwtSparse; 162ms in CalculateScore(perplexity_score); 4ms in CalculateScore(ss_theta_score); ]
I0125 15:09:05.312194 12296 processor.cc:842] Processor: complete processing batch 8265d2ed-443a-4f1b-b812-7d63f85851d5 into model nwt
I0125 15:09:05.314196 12296 cuckoo_watch.h:44] 895ms in ProcessBatch(Q:\topic_modeling\data\postnauka\bigARTM_files\pn_model3\aaaaac.batch) [including 45ms in LoadMessage; 128ms in InitializeSparseNdw; 569ms in InferThetaAndUpdateNwtSparse; 147ms in CalculateScore(perplexity_score); 2ms in CalculateScore(ss_theta_score); ]
I0125 15:09:05.328707   620 master_component.cc:980] RegularizeModelArgs: rwt_target_name=rwt, pwt_source_name=pwt, nwt_source_name=nwt
I0125 15:09:05.328707   620 master_component.cc:590] MasterComponent: start regularizing model pwt
I0125 15:09:05.334213   620 master_component.cc:613] MasterComponent: complete regularizing model pwt
I0125 15:09:05.334213   620 master_component.cc:991] NormalizeModelArgs: pwt_target_name=pwt, nwt_source_name=nwt, rwt_source_name=rwt
I0125 15:09:05.334213   620 master_component.cc:617] MasterComponent: start normalizing model nwt
I0125 15:09:05.334213   620 master_component.cc:639] MasterComponent: complete normalizing model nwt
I0125 15:09:05.334213   620 master_component.cc:1015] DisposeModel rwt
I0125 15:09:05.349839   620 c_interface.cc:180] ArtmCopyRequestedMessage is copying 1100 bytes...
I0125 15:09:05.349839   620 c_interface.cc:180] ArtmCopyRequestedMessage is copying 740 bytes...
I0125 15:09:05.349839   620 c_interface.cc:180] ArtmCopyRequestedMessage is copying 780 bytes...
I0125 15:09:05.445567  6428 processor.cc:662] No data in processing queue, waiting...
I0125 15:09:05.462576 12296 processor.cc:662] No data in processing queue, waiting...
I0125 15:09:05.697110   620 c_interface.cc:180] ArtmCopyRequestedMessage is copying 222205 bytes...
I0125 15:09:05.766127   620 c_interface.cc:180] ArtmCopyRequestedMessage is copying 222205 bytes...
I0125 15:09:05.835136   620 c_interface.cc:180] ArtmCopyRequestedMessage is copying 222205 bytes...
I0125 15:09:05.913267   620 c_interface.cc:180] ArtmCopyRequestedMessage is copying 222205 bytes...
I0125 15:09:06.335585   620 c_interface.cc:180] ArtmCopyRequestedMessage is copying 1100 bytes...
I0125 15:09:06.335585   620 c_interface.cc:180] ArtmCopyRequestedMessage is copying 740 bytes...
I0125 15:09:06.335585   620 c_interface.cc:180] ArtmCopyRequestedMessage is copying 780 bytes...
I0125 15:09:06.335585   620 c_interface.cc:180] ArtmCopyRequestedMessage is copying 222205 bytes...
I0125 15:09:06.509737   620 c_interface.cc:180] ArtmCopyRequestedMessage is copying 222205 bytes...
I0125 15:09:06.593799   620 c_interface.cc:180] ArtmCopyRequestedMessage is copying 222205 bytes...
I0125 15:09:06.673682   620 c_interface.cc:180] ArtmCopyRequestedMessage is copying 1100 bytes...
I0125 15:09:06.674682   620 c_interface.cc:180] ArtmCopyRequestedMessage is copying 740 bytes...
I0125 15:09:06.675685   620 c_interface.cc:180] ArtmCopyRequestedMessage is copying 780 bytes...
I0125 15:09:06.676686   620 c_interface.cc:180] ArtmCopyRequestedMessage is copying 222205 bytes...
I0125 15:09:06.735644   620 c_interface.cc:180] ArtmCopyRequestedMessage is copying 222205 bytes...
I0125 15:09:06.813776   620 c_interface.cc:180] ArtmCopyRequestedMessage is copying 222205 bytes...
I0125 15:09:06.882789   620 c_interface.cc:180] ArtmCopyRequestedMessage is copying 191862 bytes...
I0125 15:11:56.267776   620 phi_matrix_operations.cc:82] RetrieveExternalTopicModel() with 20 topics, 2216 tokens
