I0125 15:07:40.224244  6688 cuckoo_watch.h:44] 925ms in ProcessBatch(Q:\topic_modeling\data\postnauka\bigARTM_files\pn_model3\aaaaaa.batch) [including 46ms in LoadMessage; 100ms in InitializeSparseNdw; 662ms in InferThetaAndUpdateNwtSparse; 109ms in CalculateScore(perplexity_score); 2ms in CalculateScore(ss_theta_score); ]
I0125 15:07:40.257766 11420 processor.cc:842] Processor: complete processing batch 8265d2ed-443a-4f1b-b812-7d63f85851d5 into model nwt
I0125 15:07:40.261268 11420 cuckoo_watch.h:44] 963ms in ProcessBatch(Q:\topic_modeling\data\postnauka\bigARTM_files\pn_model3\aaaaac.batch) [including 46ms in LoadMessage; 115ms in InitializeSparseNdw; 660ms in InferThetaAndUpdateNwtSparse; 133ms in CalculateScore(perplexity_score); 3ms in CalculateScore(ss_theta_score); ]
I0125 15:07:40.283785 13256 processor.cc:842] Processor: complete processing batch 8e5acb98-4847-40ea-8379-6084fa640591 into model nwt
I0125 15:07:40.283785 13256 cuckoo_watch.h:44] 985ms in ProcessBatch(Q:\topic_modeling\data\postnauka\bigARTM_files\pn_model3\aaaaab.batch) [including 46ms in LoadMessage; 100ms in InitializeSparseNdw; 709ms in InferThetaAndUpdateNwtSparse; 128ms in CalculateScore(perplexity_score); 0ms in CalculateScore(ss_theta_score); ]
I0125 15:07:40.299412   620 master_component.cc:991] NormalizeModelArgs: pwt_target_name=pwt, nwt_source_name=nwt, rwt_source_name=
I0125 15:07:40.299412   620 master_component.cc:617] MasterComponent: start normalizing model nwt
I0125 15:07:40.299412   620 master_component.cc:639] MasterComponent: complete normalizing model nwt
I0125 15:07:40.315037   620 master_component.cc:1015] DisposeModel rwt
I0125 15:07:40.315037   620 c_interface.cc:332] Pass FitOfflineMasterModelArgs, batch_filename_size=4, batch_weight_size=4, num_collection_passes=1 to void (__cdecl artm::core::MasterComponent::*)(class artm::FitOfflineMasterModelArgs const & __ptr64) __ptr64
I0125 15:07:40.315037   620 master_component.cc:942] ProcessBatchesArgs: nwt_target_name=nwt, batch_filename_size=4, batch_size=0, batch_weight_size=4, pwt_source_name=pwt, num_document_passes=5, class=(@default_class:1), reuse_theta=no, opt_for_avx=yes, predict_class_id=
I0125 15:07:40.330664  1040 processor.cc:669] Processing queue has data, processing started
I0125 15:07:40.346290 13256 processor.cc:746] Processor: start processing batch acd8a394-4d05-46ac-afc0-bcfc3933f576 into model nwt
I0125 15:07:40.380048  1040 processor.cc:746] Processor: start processing batch 8e5acb98-4847-40ea-8379-6084fa640591 into model nwt
I0125 15:07:40.380549 11420 processor.cc:746] Processor: start processing batch 8265d2ed-443a-4f1b-b812-7d63f85851d5 into model nwt
I0125 15:07:40.381052  6688 processor.cc:746] Processor: start processing batch 425e5ba6-af4a-411d-9cad-cf37f451bcc4 into model nwt
I0125 15:07:40.742990 13256 processor.cc:842] Processor: complete processing batch acd8a394-4d05-46ac-afc0-bcfc3933f576 into model nwt
I0125 15:07:40.744491 13256 cuckoo_watch.h:44] 413ms in ProcessBatch(Q:\topic_modeling\data\postnauka\bigARTM_files\pn_model3\aaaaad.batch) [including 15ms in LoadMessage; 53ms in InitializeSparseNdw; 274ms in InferThetaAndUpdateNwtSparse; 66ms in CalculateScore(perplexity_score); 2ms in CalculateScore(ss_theta_score); ]
I0125 15:07:41.036190 13256 processor.cc:662] No data in processing queue, waiting...
I0125 15:07:41.277845  6688 processor.cc:842] Processor: complete processing batch 425e5ba6-af4a-411d-9cad-cf37f451bcc4 into model nwt
I0125 15:07:41.281347  6688 cuckoo_watch.h:44] 950ms in ProcessBatch(Q:\topic_modeling\data\postnauka\bigARTM_files\pn_model3\aaaaaa.batch) [including 49ms in LoadMessage; 106ms in InitializeSparseNdw; 622ms in InferThetaAndUpdateNwtSparse; 162ms in CalculateScore(perplexity_score); 4ms in CalculateScore(ss_theta_score); ]
I0125 15:07:41.317873  1040 processor.cc:842] Processor: complete processing batch 8e5acb98-4847-40ea-8379-6084fa640591 into model nwt
I0125 15:07:41.321874  1040 cuckoo_watch.h:44] 991ms in ProcessBatch(Q:\topic_modeling\data\postnauka\bigARTM_files\pn_model3\aaaaab.batch) [including 48ms in LoadMessage; 103ms in InitializeSparseNdw; 664ms in InferThetaAndUpdateNwtSparse; 165ms in CalculateScore(perplexity_score); 3ms in CalculateScore(ss_theta_score); ]
I0125 15:07:41.328879 11420 processor.cc:842] Processor: complete processing batch 8265d2ed-443a-4f1b-b812-7d63f85851d5 into model nwt
I0125 15:07:41.332881 11420 cuckoo_watch.h:44] 1002ms in ProcessBatch(Q:\topic_modeling\data\postnauka\bigARTM_files\pn_model3\aaaaac.batch) [including 49ms in LoadMessage; 112ms in InitializeSparseNdw; 681ms in InferThetaAndUpdateNwtSparse; 150ms in CalculateScore(perplexity_score); 2ms in CalculateScore(ss_theta_score); ]
I0125 15:07:41.342890   620 master_component.cc:991] NormalizeModelArgs: pwt_target_name=pwt, nwt_source_name=nwt, rwt_source_name=
I0125 15:07:41.342890   620 master_component.cc:617] MasterComponent: start normalizing model nwt
I0125 15:07:41.344892   620 master_component.cc:639] MasterComponent: complete normalizing model nwt
I0125 15:07:41.344892   620 master_component.cc:1015] DisposeModel rwt
I0125 15:07:41.344892   620 c_interface.cc:332] Pass FitOfflineMasterModelArgs, batch_filename_size=4, batch_weight_size=4, num_collection_passes=1 to void (__cdecl artm::core::MasterComponent::*)(class artm::FitOfflineMasterModelArgs const & __ptr64) __ptr64
I0125 15:07:41.344892   620 master_component.cc:942] ProcessBatchesArgs: nwt_target_name=nwt, batch_filename_size=4, batch_size=0, batch_weight_size=4, pwt_source_name=pwt, num_document_passes=5, class=(@default_class:1), reuse_theta=no, opt_for_avx=yes, predict_class_id=
I0125 15:07:41.376147 13256 processor.cc:669] Processing queue has data, processing started
I0125 15:07:41.391770 11420 processor.cc:746] Processor: start processing batch acd8a394-4d05-46ac-afc0-bcfc3933f576 into model nwt
I0125 15:07:41.423022  1040 processor.cc:746] Processor: start processing batch 425e5ba6-af4a-411d-9cad-cf37f451bcc4 into model nwt
I0125 15:07:41.423022 13256 processor.cc:746] Processor: start processing batch 8e5acb98-4847-40ea-8379-6084fa640591 into model nwt
I0125 15:07:41.423022  6688 processor.cc:746] Processor: start processing batch 8265d2ed-443a-4f1b-b812-7d63f85851d5 into model nwt
I0125 15:07:41.790591 11420 processor.cc:842] Processor: complete processing batch acd8a394-4d05-46ac-afc0-bcfc3933f576 into model nwt
I0125 15:07:41.792093 11420 cuckoo_watch.h:44] 415ms in ProcessBatch(Q:\topic_modeling\data\postnauka\bigARTM_files\pn_model3\aaaaad.batch) [including 15ms in LoadMessage; 53ms in InitializeSparseNdw; 270ms in InferThetaAndUpdateNwtSparse; 71ms in CalculateScore(perplexity_score); 2ms in CalculateScore(ss_theta_score); ]
I0125 15:07:41.952199 11420 processor.cc:662] No data in processing queue, waiting...
I0125 15:07:42.380983  1040 processor.cc:842] Processor: complete processing batch 425e5ba6-af4a-411d-9cad-cf37f451bcc4 into model nwt
I0125 15:07:42.383985  1040 cuckoo_watch.h:44] 1007ms in ProcessBatch(Q:\topic_modeling\data\postnauka\bigARTM_files\pn_model3\aaaaaa.batch) [including 46ms in LoadMessage; 100ms in InitializeSparseNdw; 708ms in InferThetaAndUpdateNwtSparse; 144ms in CalculateScore(perplexity_score); 5ms in CalculateScore(ss_theta_score); ]
I0125 15:07:42.392992  6688 processor.cc:842] Processor: complete processing batch 8265d2ed-443a-4f1b-b812-7d63f85851d5 into model nwt
I0125 15:07:42.397495  6688 cuckoo_watch.h:44] 1021ms in ProcessBatch(Q:\topic_modeling\data\postnauka\bigARTM_files\pn_model3\aaaaac.batch) [including 46ms in LoadMessage; 100ms in InitializeSparseNdw; 704ms in InferThetaAndUpdateNwtSparse; 161ms in CalculateScore(perplexity_score); 3ms in CalculateScore(ss_theta_score); ]
I0125 15:07:42.404500  1040 processor.cc:662] No data in processing queue, waiting...
I0125 15:07:42.416007 13256 processor.cc:842] Processor: complete processing batch 8e5acb98-4847-40ea-8379-6084fa640591 into model nwt
I0125 15:07:42.420008 13256 cuckoo_watch.h:44] 1043ms in ProcessBatch(Q:\topic_modeling\data\postnauka\bigARTM_files\pn_model3\aaaaab.batch) [including 46ms in LoadMessage; 100ms in InitializeSparseNdw; 720ms in InferThetaAndUpdateNwtSparse; 169ms in CalculateScore(perplexity_score); 2ms in CalculateScore(ss_theta_score); ]
I0125 15:07:42.441670   620 master_component.cc:991] NormalizeModelArgs: pwt_target_name=pwt, nwt_source_name=nwt, rwt_source_name=
I0125 15:07:42.441670   620 master_component.cc:617] MasterComponent: start normalizing model nwt
I0125 15:07:42.441670   620 master_component.cc:639] MasterComponent: complete normalizing model nwt
I0125 15:07:42.457294   620 master_component.cc:1015] DisposeModel rwt
I0125 15:07:42.457294   620 c_interface.cc:332] Pass FitOfflineMasterModelArgs, batch_filename_size=4, batch_weight_size=4, num_collection_passes=1 to void (__cdecl artm::core::MasterComponent::*)(class artm::FitOfflineMasterModelArgs const & __ptr64) __ptr64
I0125 15:07:42.457294   620 master_component.cc:942] ProcessBatchesArgs: nwt_target_name=nwt, batch_filename_size=4, batch_size=0, batch_weight_size=4, pwt_source_name=pwt, num_document_passes=5, class=(@default_class:1), reuse_theta=no, opt_for_avx=yes, predict_class_id=
I0125 15:07:42.472925  1040 processor.cc:669] Processing queue has data, processing started
I0125 15:07:42.472925 11420 processor.cc:669] Processing queue has data, processing started
I0125 15:07:42.488546  6688 processor.cc:746] Processor: start processing batch acd8a394-4d05-46ac-afc0-bcfc3933f576 into model nwt
I0125 15:07:42.520804 11420 processor.cc:746] Processor: start processing batch 425e5ba6-af4a-411d-9cad-cf37f451bcc4 into model nwt
I0125 15:07:42.522306  1040 processor.cc:746] Processor: start processing batch 8e5acb98-4847-40ea-8379-6084fa640591 into model nwt
I0125 15:07:42.522806 13256 processor.cc:746] Processor: start processing batch 8265d2ed-443a-4f1b-b812-7d63f85851d5 into model nwt
I0125 15:07:42.880245  6688 processor.cc:842] Processor: complete processing batch acd8a394-4d05-46ac-afc0-bcfc3933f576 into model nwt
I0125 15:07:42.881247  6688 cuckoo_watch.h:44] 408ms in ProcessBatch(Q:\topic_modeling\data\postnauka\bigARTM_files\pn_model3\aaaaad.batch) [including 15ms in LoadMessage; 53ms in InitializeSparseNdw; 267ms in InferThetaAndUpdateNwtSparse; 67ms in CalculateScore(perplexity_score); 3ms in CalculateScore(ss_theta_score); ]
I0125 15:07:43.117406  6688 processor.cc:662] No data in processing queue, waiting...
I0125 15:07:43.446621  1040 processor.cc:842] Processor: complete processing batch 8e5acb98-4847-40ea-8379-6084fa640591 into model nwt
I0125 15:07:43.450124  1040 cuckoo_watch.h:44] 977ms in ProcessBatch(Q:\topic_modeling\data\postnauka\bigARTM_files\pn_model3\aaaaab.batch) [including 48ms in LoadMessage; 111ms in InitializeSparseNdw; 690ms in InferThetaAndUpdateNwtSparse; 117ms in CalculateScore(perplexity_score); 4ms in CalculateScore(ss_theta_score); ]
I0125 15:07:43.456627 11420 processor.cc:842] Processor: complete processing batch 425e5ba6-af4a-411d-9cad-cf37f451bcc4 into model nwt
I0125 15:07:43.461632 11420 cuckoo_watch.h:44] 988ms in ProcessBatch(Q:\topic_modeling\data\postnauka\bigARTM_files\pn_model3\aaaaaa.batch) [including 47ms in LoadMessage; 105ms in InitializeSparseNdw; 685ms in InferThetaAndUpdateNwtSparse; 142ms in CalculateScore(perplexity_score); 2ms in CalculateScore(ss_theta_score); ]
I0125 15:07:43.481644 13256 processor.cc:842] Processor: complete processing batch 8265d2ed-443a-4f1b-b812-7d63f85851d5 into model nwt
I0125 15:07:43.485647 13256 cuckoo_watch.h:44] 1012ms in ProcessBatch(Q:\topic_modeling\data\postnauka\bigARTM_files\pn_model3\aaaaac.batch) [including 49ms in LoadMessage; 110ms in InitializeSparseNdw; 719ms in InferThetaAndUpdateNwtSparse; 125ms in CalculateScore(perplexity_score); 2ms in CalculateScore(ss_theta_score); ]
I0125 15:07:43.503303   620 master_component.cc:991] NormalizeModelArgs: pwt_target_name=pwt, nwt_source_name=nwt, rwt_source_name=
I0125 15:07:43.503303   620 master_component.cc:617] MasterComponent: start normalizing model nwt
I0125 15:07:43.503303   620 master_component.cc:639] MasterComponent: complete normalizing model nwt
I0125 15:07:43.518928   620 master_component.cc:1015] DisposeModel rwt
I0125 15:07:43.518928   620 c_interface.cc:332] Pass FitOfflineMasterModelArgs, batch_filename_size=4, batch_weight_size=4, num_collection_passes=1 to void (__cdecl artm::core::MasterComponent::*)(class artm::FitOfflineMasterModelArgs const & __ptr64) __ptr64
I0125 15:07:43.518928   620 master_component.cc:942] ProcessBatchesArgs: nwt_target_name=nwt, batch_filename_size=4, batch_size=0, batch_weight_size=4, pwt_source_name=pwt, num_document_passes=5, class=(@default_class:1), reuse_theta=no, opt_for_avx=yes, predict_class_id=
I0125 15:07:43.534559  6688 processor.cc:669] Processing queue has data, processing started
I0125 15:07:43.550180 13256 processor.cc:746] Processor: start processing batch acd8a394-4d05-46ac-afc0-bcfc3933f576 into model nwt
I0125 15:07:43.581943  6688 processor.cc:746] Processor: start processing batch 425e5ba6-af4a-411d-9cad-cf37f451bcc4 into model nwt
I0125 15:07:43.582940 11420 processor.cc:746] Processor: start processing batch 8e5acb98-4847-40ea-8379-6084fa640591 into model nwt
I0125 15:07:43.584442  1040 processor.cc:746] Processor: start processing batch 8265d2ed-443a-4f1b-b812-7d63f85851d5 into model nwt
I0125 15:07:43.976404 13256 processor.cc:842] Processor: complete processing batch acd8a394-4d05-46ac-afc0-bcfc3933f576 into model nwt
I0125 15:07:43.977404 13256 cuckoo_watch.h:44] 442ms in ProcessBatch(Q:\topic_modeling\data\postnauka\bigARTM_files\pn_model3\aaaaad.batch) [including 15ms in LoadMessage; 53ms in InitializeSparseNdw; 296ms in InferThetaAndUpdateNwtSparse; 72ms in CalculateScore(perplexity_score); 3ms in CalculateScore(ss_theta_score); ]
I0125 15:07:44.273114 13256 processor.cc:662] No data in processing queue, waiting...
I0125 15:07:44.530771  6688 processor.cc:842] Processor: complete processing batch 425e5ba6-af4a-411d-9cad-cf37f451bcc4 into model nwt
I0125 15:07:44.533773  6688 cuckoo_watch.h:44] 999ms in ProcessBatch(Q:\topic_modeling\data\postnauka\bigARTM_files\pn_model3\aaaaaa.batch) [including 47ms in LoadMessage; 108ms in InitializeSparseNdw; 677ms in InferThetaAndUpdateNwtSparse; 157ms in CalculateScore(perplexity_score); 4ms in CalculateScore(ss_theta_score); ]
I0125 15:07:44.551285  1040 processor.cc:842] Processor: complete processing batch 8265d2ed-443a-4f1b-b812-7d63f85851d5 into model nwt
I0125 15:07:44.556290  1040 cuckoo_watch.h:44] 1021ms in ProcessBatch(Q:\topic_modeling\data\postnauka\bigARTM_files\pn_model3\aaaaac.batch) [including 49ms in LoadMessage; 115ms in InitializeSparseNdw; 708ms in InferThetaAndUpdateNwtSparse; 137ms in CalculateScore(perplexity_score); 4ms in CalculateScore(ss_theta_score); ]
I0125 15:07:44.557790  6688 processor.cc:662] No data in processing queue, waiting...
I0125 15:07:44.577803 11420 processor.cc:842] Processor: complete processing batch 8e5acb98-4847-40ea-8379-6084fa640591 into model nwt
I0125 15:07:44.580304  1040 processor.cc:662] No data in processing queue, waiting...
I0125 15:07:44.582305 11420 cuckoo_watch.h:44] 1047ms in ProcessBatch(Q:\topic_modeling\data\postnauka\bigARTM_files\pn_model3\aaaaab.batch) [including 48ms in LoadMessage; 111ms in InitializeSparseNdw; 715ms in InferThetaAndUpdateNwtSparse; 164ms in CalculateScore(perplexity_score); 3ms in CalculateScore(ss_theta_score); ]
I0125 15:07:44.582806   620 master_component.cc:991] NormalizeModelArgs: pwt_target_name=pwt, nwt_source_name=nwt, rwt_source_name=
I0125 15:07:44.582806   620 master_component.cc:617] MasterComponent: start normalizing model nwt
I0125 15:07:44.586808   620 master_component.cc:639] MasterComponent: complete normalizing model nwt
I0125 15:07:44.598994   620 master_component.cc:1015] DisposeModel rwt
I0125 15:07:44.598994   620 c_interface.cc:332] Pass FitOfflineMasterModelArgs, batch_filename_size=4, batch_weight_size=4, num_collection_passes=1 to void (__cdecl artm::core::MasterComponent::*)(class artm::FitOfflineMasterModelArgs const & __ptr64) __ptr64
I0125 15:07:44.598994   620 master_component.cc:942] ProcessBatchesArgs: nwt_target_name=nwt, batch_filename_size=4, batch_size=0, batch_weight_size=4, pwt_source_name=pwt, num_document_passes=5, class=(@default_class:1), reuse_theta=no, opt_for_avx=yes, predict_class_id=
I0125 15:07:44.604001  6688 processor.cc:669] Processing queue has data, processing started
I0125 15:07:44.604001 13256 processor.cc:669] Processing queue has data, processing started
I0125 15:07:44.604001  1040 processor.cc:669] Processing queue has data, processing started
I0125 15:07:44.613168 11420 processor.cc:746] Processor: start processing batch acd8a394-4d05-46ac-afc0-bcfc3933f576 into model nwt
I0125 15:07:44.644419 13256 processor.cc:746] Processor: start processing batch 425e5ba6-af4a-411d-9cad-cf37f451bcc4 into model nwt
I0125 15:07:44.644419  6688 processor.cc:746] Processor: start processing batch 8e5acb98-4847-40ea-8379-6084fa640591 into model nwt
I0125 15:07:44.644419  1040 processor.cc:746] Processor: start processing batch 8265d2ed-443a-4f1b-b812-7d63f85851d5 into model nwt
I0125 15:07:45.012100 11420 processor.cc:842] Processor: complete processing batch acd8a394-4d05-46ac-afc0-bcfc3933f576 into model nwt
I0125 15:07:45.013100 11420 cuckoo_watch.h:44] 409ms in ProcessBatch(Q:\topic_modeling\data\postnauka\bigARTM_files\pn_model3\aaaaad.batch) [including 9ms in LoadMessage; 46ms in InitializeSparseNdw; 282ms in InferThetaAndUpdateNwtSparse; 66ms in CalculateScore(perplexity_score); 3ms in CalculateScore(ss_theta_score); ]
I0125 15:07:45.294450 11420 processor.cc:662] No data in processing queue, waiting...
I0125 15:07:45.547601 13256 processor.cc:842] Processor: complete processing batch 425e5ba6-af4a-411d-9cad-cf37f451bcc4 into model nwt
I0125 15:07:45.551105 13256 cuckoo_watch.h:44] 947ms in ProcessBatch(Q:\topic_modeling\data\postnauka\bigARTM_files\pn_model3\aaaaaa.batch) [including 40ms in LoadMessage; 107ms in InitializeSparseNdw; 659ms in InferThetaAndUpdateNwtSparse; 131ms in CalculateScore(perplexity_score); 4ms in CalculateScore(ss_theta_score); ]
I0125 15:07:45.566614  1040 processor.cc:842] Processor: complete processing batch 8265d2ed-443a-4f1b-b812-7d63f85851d5 into model nwt
I0125 15:07:45.570617  1040 cuckoo_watch.h:44] 966ms in ProcessBatch(Q:\topic_modeling\data\postnauka\bigARTM_files\pn_model3\aaaaac.batch) [including 40ms in LoadMessage; 107ms in InitializeSparseNdw; 689ms in InferThetaAndUpdateNwtSparse; 122ms in CalculateScore(perplexity_score); 2ms in CalculateScore(ss_theta_score); ]
I0125 15:07:45.570617  6688 processor.cc:842] Processor: complete processing batch 8e5acb98-4847-40ea-8379-6084fa640591 into model nwt
I0125 15:07:45.575120  6688 cuckoo_watch.h:44] 971ms in ProcessBatch(Q:\topic_modeling\data\postnauka\bigARTM_files\pn_model3\aaaaab.batch) [including 40ms in LoadMessage; 107ms in InitializeSparseNdw; 663ms in InferThetaAndUpdateNwtSparse; 150ms in CalculateScore(perplexity_score); 4ms in CalculateScore(ss_theta_score); ]
I0125 15:07:45.577121   620 master_component.cc:991] NormalizeModelArgs: pwt_target_name=pwt, nwt_source_name=nwt, rwt_source_name=
I0125 15:07:45.577121   620 master_component.cc:617] MasterComponent: start normalizing model nwt
I0125 15:07:45.580623   620 master_component.cc:639] MasterComponent: complete normalizing model nwt
I0125 15:07:45.580623   620 master_component.cc:1015] DisposeModel rwt
I0125 15:07:45.580623   620 c_interface.cc:332] Pass FitOfflineMasterModelArgs, batch_filename_size=4, batch_weight_size=4, num_collection_passes=1 to void (__cdecl artm::core::MasterComponent::*)(class artm::FitOfflineMasterModelArgs const & __ptr64) __ptr64
I0125 15:07:45.580623   620 master_component.cc:942] ProcessBatchesArgs: nwt_target_name=nwt, batch_filename_size=4, batch_size=0, batch_weight_size=4, pwt_source_name=pwt, num_document_passes=5, class=(@default_class:1), reuse_theta=no, opt_for_avx=yes, predict_class_id=
I0125 15:07:45.611881 11420 processor.cc:669] Processing queue has data, processing started
I0125 15:07:45.627504  6688 processor.cc:746] Processor: start processing batch acd8a394-4d05-46ac-afc0-bcfc3933f576 into model nwt
I0125 15:07:45.658756 13256 processor.cc:746] Processor: start processing batch 425e5ba6-af4a-411d-9cad-cf37f451bcc4 into model nwt
I0125 15:07:45.658756 11420 processor.cc:746] Processor: start processing batch 8e5acb98-4847-40ea-8379-6084fa640591 into model nwt
I0125 15:07:45.658756  1040 processor.cc:746] Processor: start processing batch 8265d2ed-443a-4f1b-b812-7d63f85851d5 into model nwt
I0125 15:07:46.044841  6688 processor.cc:842] Processor: complete processing batch acd8a394-4d05-46ac-afc0-bcfc3933f576 into model nwt
I0125 15:07:46.045841  6688 cuckoo_watch.h:44] 433ms in ProcessBatch(Q:\topic_modeling\data\postnauka\bigARTM_files\pn_model3\aaaaad.batch) [including 15ms in LoadMessage; 53ms in InitializeSparseNdw; 285ms in InferThetaAndUpdateNwtSparse; 75ms in CalculateScore(perplexity_score); 2ms in CalculateScore(ss_theta_score); ]
I0125 15:07:46.072859  6688 processor.cc:662] No data in processing queue, waiting...
I0125 15:07:46.608714 11420 processor.cc:842] Processor: complete processing batch 8e5acb98-4847-40ea-8379-6084fa640591 into model nwt
I0125 15:07:46.618221 11420 cuckoo_watch.h:44] 1005ms in ProcessBatch(Q:\topic_modeling\data\postnauka\bigARTM_files\pn_model3\aaaaab.batch) [including 46ms in LoadMessage; 119ms in InitializeSparseNdw; 650ms in InferThetaAndUpdateNwtSparse; 174ms in CalculateScore(perplexity_score); 4ms in CalculateScore(ss_theta_score); ]
I0125 15:07:46.651742 13256 processor.cc:842] Processor: complete processing batch 425e5ba6-af4a-411d-9cad-cf37f451bcc4 into model nwt
I0125 15:07:46.660750 13256 cuckoo_watch.h:44] 1048ms in ProcessBatch(Q:\topic_modeling\data\postnauka\bigARTM_files\pn_model3\aaaaaa.batch) [including 46ms in LoadMessage; 100ms in InitializeSparseNdw; 671ms in InferThetaAndUpdateNwtSparse; 200ms in CalculateScore(perplexity_score); 5ms in CalculateScore(ss_theta_score); ]
I0125 15:07:46.686767 11420 processor.cc:662] No data in processing queue, waiting...
I0125 15:07:46.693770  1040 processor.cc:842] Processor: complete processing batch 8265d2ed-443a-4f1b-b812-7d63f85851d5 into model nwt
I0125 15:07:46.704278  1040 cuckoo_watch.h:44] 1092ms in ProcessBatch(Q:\topic_modeling\data\postnauka\bigARTM_files\pn_model3\aaaaac.batch) [including 46ms in LoadMessage; 118ms in InitializeSparseNdw; 695ms in InferThetaAndUpdateNwtSparse; 214ms in CalculateScore(perplexity_score); 5ms in CalculateScore(ss_theta_score); ]
I0125 15:07:46.704778   620 master_component.cc:991] NormalizeModelArgs: pwt_target_name=pwt, nwt_source_name=nwt, rwt_source_name=
I0125 15:07:46.704778   620 master_component.cc:617] MasterComponent: start normalizing model nwt
I0125 15:07:46.710783 13256 processor.cc:662] No data in processing queue, waiting...
I0125 15:07:46.713784   620 master_component.cc:639] MasterComponent: complete normalizing model nwt
I0125 15:07:46.733798  1040 processor.cc:662] No data in processing queue, waiting...
I0125 15:07:46.738299   620 master_component.cc:1015] DisposeModel rwt
I0125 15:07:46.738801   620 c_interface.cc:332] Pass FitOfflineMasterModelArgs, batch_filename_size=4, batch_weight_size=4, num_collection_passes=1 to void (__cdecl artm::core::MasterComponent::*)(class artm::FitOfflineMasterModelArgs const & __ptr64) __ptr64
I0125 15:07:46.738801   620 master_component.cc:942] ProcessBatchesArgs: nwt_target_name=nwt, batch_filename_size=4, batch_size=0, batch_weight_size=4, pwt_source_name=pwt, num_document_passes=5, class=(@default_class:1), reuse_theta=no, opt_for_avx=yes, predict_class_id=
I0125 15:07:46.745306  6688 processor.cc:669] Processing queue has data, processing started
I0125 15:07:46.751309 13256 processor.cc:669] Processing queue has data, processing started
I0125 15:07:46.752310 11420 processor.cc:669] Processing queue has data, processing started
I0125 15:07:46.757813  1040 processor.cc:669] Processing queue has data, processing started
I0125 15:07:46.804344  1040 processor.cc:746] Processor: start processing batch acd8a394-4d05-46ac-afc0-bcfc3933f576 into model nwt
I0125 15:07:46.812350  6688 processor.cc:746] Processor: start processing batch 425e5ba6-af4a-411d-9cad-cf37f451bcc4 into model nwt
I0125 15:07:46.812850 13256 processor.cc:746] Processor: start processing batch 8e5acb98-4847-40ea-8379-6084fa640591 into model nwt
I0125 15:07:46.864884 11420 processor.cc:746] Processor: start processing batch 8265d2ed-443a-4f1b-b812-7d63f85851d5 into model nwt
I0125 15:07:47.355713  1040 processor.cc:842] Processor: complete processing batch acd8a394-4d05-46ac-afc0-bcfc3933f576 into model nwt
I0125 15:07:47.358211  1040 cuckoo_watch.h:44] 599ms in ProcessBatch(Q:\topic_modeling\data\postnauka\bigARTM_files\pn_model3\aaaaad.batch) [including 46ms in LoadMessage; 77ms in InitializeSparseNdw; 389ms in InferThetaAndUpdateNwtSparse; 67ms in CalculateScore(perplexity_score); 17ms in CalculateScore(ss_theta_score); ]
I0125 15:07:47.411247  1040 processor.cc:662] No data in processing queue, waiting...
I0125 15:07:47.894567  6688 processor.cc:842] Processor: complete processing batch 425e5ba6-af4a-411d-9cad-cf37f451bcc4 into model nwt
I0125 15:07:47.899070  6688 cuckoo_watch.h:44] 1153ms in ProcessBatch(Q:\topic_modeling\data\postnauka\bigARTM_files\pn_model3\aaaaaa.batch) [including 67ms in LoadMessage; 150ms in InitializeSparseNdw; 811ms in InferThetaAndUpdateNwtSparse; 116ms in CalculateScore(perplexity_score); 2ms in CalculateScore(ss_theta_score); ]
I0125 15:07:47.946100 13256 processor.cc:842] Processor: complete processing batch 8e5acb98-4847-40ea-8379-6084fa640591 into model nwt
I0125 15:07:47.951104 13256 cuckoo_watch.h:44] 1199ms in ProcessBatch(Q:\topic_modeling\data\postnauka\bigARTM_files\pn_model3\aaaaab.batch) [including 61ms in LoadMessage; 201ms in InitializeSparseNdw; 801ms in InferThetaAndUpdateNwtSparse; 127ms in CalculateScore(perplexity_score); 2ms in CalculateScore(ss_theta_score); ]
I0125 15:07:47.953105 11420 processor.cc:842] Processor: complete processing batch 8265d2ed-443a-4f1b-b812-7d63f85851d5 into model nwt
I0125 15:07:47.954109 11420 cuckoo_watch.h:44] 1201ms in ProcessBatch(Q:\topic_modeling\data\postnauka\bigARTM_files\pn_model3\aaaaac.batch) [including 112ms in LoadMessage; 183ms in InitializeSparseNdw; 777ms in InferThetaAndUpdateNwtSparse; 124ms in CalculateScore(perplexity_score); 3ms in CalculateScore(ss_theta_score); ]
I0125 15:07:47.969738   620 master_component.cc:991] NormalizeModelArgs: pwt_target_name=pwt, nwt_source_name=nwt, rwt_source_name=
I0125 15:07:47.969738   620 master_component.cc:617] MasterComponent: start normalizing model nwt
I0125 15:07:47.969738   620 master_component.cc:639] MasterComponent: complete normalizing model nwt
I0125 15:07:47.985363   620 master_component.cc:1015] DisposeModel rwt
I0125 15:07:47.985363   620 c_interface.cc:332] Pass FitOfflineMasterModelArgs, batch_filename_size=4, batch_weight_size=4, num_collection_passes=1 to void (__cdecl artm::core::MasterComponent::*)(class artm::FitOfflineMasterModelArgs const & __ptr64) __ptr64
I0125 15:07:47.985363   620 master_component.cc:942] ProcessBatchesArgs: nwt_target_name=nwt, batch_filename_size=4, batch_size=0, batch_weight_size=4, pwt_source_name=pwt, num_document_passes=5, class=(@default_class:1), reuse_theta=no, opt_for_avx=yes, predict_class_id=
I0125 15:07:48.000993  1040 processor.cc:669] Processing queue has data, processing started
I0125 15:07:48.016614  1040 processor.cc:746] Processor: start processing batch acd8a394-4d05-46ac-afc0-bcfc3933f576 into model nwt
I0125 15:07:48.049373 11420 processor.cc:746] Processor: start processing batch 425e5ba6-af4a-411d-9cad-cf37f451bcc4 into model nwt
I0125 15:07:48.049373 13256 processor.cc:746] Processor: start processing batch 8e5acb98-4847-40ea-8379-6084fa640591 into model nwt
I0125 15:07:48.051375  6688 processor.cc:746] Processor: start processing batch 8265d2ed-443a-4f1b-b812-7d63f85851d5 into model nwt
I0125 15:07:48.406813  1040 processor.cc:842] Processor: complete processing batch acd8a394-4d05-46ac-afc0-bcfc3933f576 into model nwt
I0125 15:07:48.408314  1040 cuckoo_watch.h:44] 407ms in ProcessBatch(Q:\topic_modeling\data\postnauka\bigARTM_files\pn_model3\aaaaad.batch) [including 15ms in LoadMessage; 53ms in InitializeSparseNdw; 267ms in InferThetaAndUpdateNwtSparse; 66ms in CalculateScore(perplexity_score); 2ms in CalculateScore(ss_theta_score); ]
I0125 15:07:48.595947  1040 processor.cc:662] No data in processing queue, waiting...
I0125 15:07:49.018267 13256 processor.cc:842] Processor: complete processing batch 8e5acb98-4847-40ea-8379-6084fa640591 into model nwt
I0125 15:07:49.020268 11420 processor.cc:842] Processor: complete processing batch 425e5ba6-af4a-411d-9cad-cf37f451bcc4 into model nwt
I0125 15:07:49.024271 13256 cuckoo_watch.h:44] 1023ms in ProcessBatch(Q:\topic_modeling\data\postnauka\bigARTM_files\pn_model3\aaaaab.batch) [including 48ms in LoadMessage; 112ms in InitializeSparseNdw; 680ms in InferThetaAndUpdateNwtSparse; 170ms in CalculateScore(perplexity_score); 4ms in CalculateScore(ss_theta_score); ]
I0125 15:07:49.025773 11420 cuckoo_watch.h:44] 1024ms in ProcessBatch(Q:\topic_modeling\data\postnauka\bigARTM_files\pn_model3\aaaaaa.batch) [including 48ms in LoadMessage; 115ms in InitializeSparseNdw; 694ms in InferThetaAndUpdateNwtSparse; 156ms in CalculateScore(perplexity_score); 4ms in CalculateScore(ss_theta_score); ]
I0125 15:07:49.044284 13256 processor.cc:662] No data in processing queue, waiting...
I0125 15:07:49.045285 11420 processor.cc:662] No data in processing queue, waiting...
I0125 15:07:49.046828  6688 processor.cc:842] Processor: complete processing batch 8265d2ed-443a-4f1b-b812-7d63f85851d5 into model nwt
I0125 15:07:49.046828  6688 cuckoo_watch.h:44] 1045ms in ProcessBatch(Q:\topic_modeling\data\postnauka\bigARTM_files\pn_model3\aaaaac.batch) [including 49ms in LoadMessage; 109ms in InitializeSparseNdw; 714ms in InferThetaAndUpdateNwtSparse; 170ms in CalculateScore(perplexity_score); 1ms in CalculateScore(ss_theta_score); ]
I0125 15:07:49.062456   620 master_component.cc:991] NormalizeModelArgs: pwt_target_name=pwt, nwt_source_name=nwt, rwt_source_name=
I0125 15:07:49.062456   620 master_component.cc:617] MasterComponent: start normalizing model nwt
I0125 15:07:49.062456   620 master_component.cc:639] MasterComponent: complete normalizing model nwt
I0125 15:07:49.078080   620 master_component.cc:1015] DisposeModel rwt
I0125 15:07:49.078080   620 c_interface.cc:180] ArtmCopyRequestedMessage is copying 1060 bytes...
I0125 15:07:49.078080   620 c_interface.cc:180] ArtmCopyRequestedMessage is copying 727 bytes...
I0125 15:07:49.078080   620 c_interface.cc:180] ArtmCopyRequestedMessage is copying 760 bytes...
I0125 15:07:49.251384  6688 processor.cc:662] No data in processing queue, waiting...
I0125 15:07:49.453470   620 c_interface.cc:180] ArtmCopyRequestedMessage is copying 852161 bytes...
I0125 15:07:49.693277   620 c_interface.cc:180] ArtmCopyRequestedMessage is copying 852161 bytes...
I0125 15:07:49.978332   620 c_interface.cc:180] ArtmCopyRequestedMessage is copying 852161 bytes...
I0125 15:07:50.224694   620 c_interface.cc:180] ArtmCopyRequestedMessage is copying 852161 bytes...
I0125 15:07:50.771347   620 c_interface.cc:180] ArtmCopyRequestedMessage is copying 1060 bytes...
I0125 15:07:50.773347   620 c_interface.cc:180] ArtmCopyRequestedMessage is copying 727 bytes...
I0125 15:07:50.774348   620 c_interface.cc:180] ArtmCopyRequestedMessage is copying 760 bytes...
I0125 15:07:50.776350   620 c_interface.cc:180] ArtmCopyRequestedMessage is copying 852161 bytes...
I0125 15:07:51.007598   620 c_interface.cc:180] ArtmCopyRequestedMessage is copying 852161 bytes...
I0125 15:07:51.226270   620 c_interface.cc:180] ArtmCopyRequestedMessage is copying 852161 bytes...
I0125 15:07:51.446933   620 c_interface.cc:180] ArtmCopyRequestedMessage is copying 1060 bytes...
I0125 15:07:51.447933   620 c_interface.cc:180] ArtmCopyRequestedMessage is copying 727 bytes...
I0125 15:07:51.448935   620 c_interface.cc:180] ArtmCopyRequestedMessage is copying 760 bytes...
I0125 15:07:51.448935   620 c_interface.cc:180] ArtmCopyRequestedMessage is copying 852161 bytes...
I0125 15:07:51.680495   620 c_interface.cc:180] ArtmCopyRequestedMessage is copying 852161 bytes...
I0125 15:07:51.912823   620 c_interface.cc:180] ArtmCopyRequestedMessage is copying 852161 bytes...
I0125 15:07:52.127521   620 c_interface.cc:180] ArtmCopyRequestedMessage is copying 191836 bytes...
I0125 15:07:52.249855   620 instance.cc:358] MasterModelConfig.processors_count is automatically set to 4
I0125 15:07:52.249855   620 c_interface.cc:221] Creating MasterModel (id=5)...
I0125 15:07:52.249855   620 c_interface.cc:318] Pass pwt to void (__cdecl artm::core::MasterComponent::*)(class std::basic_string<char,struct std::char_traits<char>,class std::allocator<char> > const & __ptr64) __ptr64
I0125 15:07:52.249855  9568 processor.cc:646] Processor thread started
I0125 15:07:52.249855   620 c_interface.cc:318] Pass nwt to void (__cdecl artm::core::MasterComponent::*)(class std::basic_string<char,struct std::char_traits<char>,class std::allocator<char> > const & __ptr64) __ptr64
I0125 15:07:52.249855  1640 processor.cc:646] Processor thread started
I0125 15:07:52.249855 13096 processor.cc:646] Processor thread started
I0125 15:07:52.249855  6712 processor.cc:646] Processor thread started
I0125 15:07:52.250860   620 c_interface.cc:332] Pass InitializeModelArgs: model_name=pwt, dictionary_name=b5320add-9337-4538-8fba-ab7af0a2b1ca, topic_name_size=100 to void (__cdecl artm::core::MasterComponent::*)(class artm::InitializeModelArgs const & __ptr64) __ptr64
I0125 15:07:52.250860   620 master_component.cc:338] InitializeModel() with 100 topics and 2216 tokens
I0125 15:07:52.277878   620 c_interface.cc:332] Pass InitializeModelArgs: model_name=nwt, dictionary_name=b5320add-9337-4538-8fba-ab7af0a2b1ca, topic_name_size=100 to void (__cdecl artm::core::MasterComponent::*)(class artm::InitializeModelArgs const & __ptr64) __ptr64
I0125 15:07:52.277878   620 master_component.cc:338] InitializeModel() with 100 topics and 2216 tokens
I0125 15:07:52.281879  1640 processor.cc:662] No data in processing queue, waiting...
I0125 15:07:52.281879 13096 processor.cc:662] No data in processing queue, waiting...
I0125 15:07:52.281879  6712 processor.cc:662] No data in processing queue, waiting...
I0125 15:07:52.286883  9568 processor.cc:662] No data in processing queue, waiting...
I0125 15:07:52.297890   620 phi_matrix_operations.cc:82] RetrieveExternalTopicModel() with 100 topics, 2216 tokens
I0125 15:07:52.301894   620 c_interface.cc:180] ArtmCopyRequestedMessage is copying 86855 bytes...
I0125 15:07:52.425508   620 c_interface.cc:332] Pass MasterModelConfig: topic_name_size=100, class=(@default_class:1), score_config_size=0, num_processors=0, pwt_name=pwt, nwt_name=nwt, num_document_passes=5, reuse_theta=no, cache_theta=yes, opt_for_avx=yes, disk_cache_path to void (__cdecl artm::core::MasterComponent::*)(class artm::MasterModelConfig const & __ptr64) __ptr64
I0125 15:07:52.425508   620 instance.cc:358] MasterModelConfig.processors_count is automatically set to 4
I0125 15:07:52.425508   620 c_interface.cc:332] Pass MasterModelConfig: topic_name_size=100, class=(@default_class:1), score_config_size=1, num_processors=0, pwt_name=pwt, nwt_name=nwt, num_document_passes=5, reuse_theta=no, cache_theta=yes, opt_for_avx=yes, disk_cache_path to void (__cdecl artm::core::MasterComponent::*)(class artm::MasterModelConfig const & __ptr64) __ptr64
I0125 15:07:52.425508   620 instance.cc:358] MasterModelConfig.processors_count is automatically set to 4
I0125 15:07:52.425508   620 perplexity.cc:24] Perplexity score calculator created: model_type=0, dictionary_name=b5320add-9337-4538-8fba-ab7af0a2b1ca
I0125 15:07:52.441133   620 c_interface.cc:332] Pass MasterModelConfig: topic_name_size=100, class=(@default_class:1), score_config_size=2, num_processors=0, pwt_name=pwt, nwt_name=nwt, num_document_passes=5, reuse_theta=no, cache_theta=yes, opt_for_avx=yes, disk_cache_path to void (__cdecl artm::core::MasterComponent::*)(class artm::MasterModelConfig const & __ptr64) __ptr64
I0125 15:07:52.441133   620 instance.cc:358] MasterModelConfig.processors_count is automatically set to 4
I0125 15:07:52.441133   620 perplexity.cc:24] Perplexity score calculator created: model_type=0, dictionary_name=b5320add-9337-4538-8fba-ab7af0a2b1ca
I0125 15:07:52.441638   620 c_interface.cc:332] Pass MasterModelConfig: topic_name_size=100, class=(@default_class:1), score_config_size=3, num_processors=0, pwt_name=pwt, nwt_name=nwt, num_document_passes=5, reuse_theta=no, cache_theta=yes, opt_for_avx=yes, disk_cache_path to void (__cdecl artm::core::MasterComponent::*)(class artm::MasterModelConfig const & __ptr64) __ptr64
I0125 15:07:52.441638   620 instance.cc:358] MasterModelConfig.processors_count is automatically set to 4
I0125 15:07:52.441638   620 perplexity.cc:24] Perplexity score calculator created: model_type=0, dictionary_name=b5320add-9337-4538-8fba-ab7af0a2b1ca
I0125 15:07:52.442638   620 c_interface.cc:332] Pass MasterModelConfig: topic_name_size=100, class=(@default_class:1), score_config_size=4, num_processors=0, pwt_name=pwt, nwt_name=nwt, num_document_passes=5, reuse_theta=no, cache_theta=yes, opt_for_avx=yes, disk_cache_path to void (__cdecl artm::core::MasterComponent::*)(class artm::MasterModelConfig const & __ptr64) __ptr64
I0125 15:07:52.442638   620 instance.cc:358] MasterModelConfig.processors_count is automatically set to 4
I0125 15:07:52.442638   620 perplexity.cc:24] Perplexity score calculator created: model_type=0, dictionary_name=b5320add-9337-4538-8fba-ab7af0a2b1ca
I0125 15:07:52.443140   620 c_interface.cc:332] Pass MasterModelConfig: topic_name_size=100, class=(@default_class:1), score_config_size=5, num_processors=0, pwt_name=pwt, nwt_name=nwt, num_document_passes=5, reuse_theta=no, cache_theta=yes, opt_for_avx=yes, disk_cache_path to void (__cdecl artm::core::MasterComponent::*)(class artm::MasterModelConfig const & __ptr64) __ptr64
I0125 15:07:52.443140   620 instance.cc:358] MasterModelConfig.processors_count is automatically set to 4
I0125 15:07:52.443140   620 perplexity.cc:24] Perplexity score calculator created: model_type=0, dictionary_name=b5320add-9337-4538-8fba-ab7af0a2b1ca
I0125 15:07:52.444640   620 c_interface.cc:332] Pass FitOfflineMasterModelArgs, batch_filename_size=4, batch_weight_size=4, num_collection_passes=1 to void (__cdecl artm::core::MasterComponent::*)(class artm::FitOfflineMasterModelArgs const & __ptr64) __ptr64
I0125 15:07:52.444640   620 master_component.cc:942] ProcessBatchesArgs: nwt_target_name=nwt, batch_filename_size=4, batch_size=0, batch_weight_size=4, pwt_source_name=pwt, num_document_passes=5, class=(@default_class:1), reuse_theta=no, opt_for_avx=yes, predict_class_id=
I0125 15:07:52.465486 13096 processor.cc:669] Processing queue has data, processing started
I0125 15:07:52.465486  6712 processor.cc:669] Processing queue has data, processing started
I0125 15:07:52.468731  1640 processor.cc:669] Processing queue has data, processing started
I0125 15:07:52.499745  9568 processor.cc:669] Processing queue has data, processing started
I0125 15:07:52.521759  6712 processor.cc:746] Processor: start processing batch 8e5acb98-4847-40ea-8379-6084fa640591 into model nwt
I0125 15:07:52.525763  9568 processor.cc:746] Processor: start processing batch acd8a394-4d05-46ac-afc0-bcfc3933f576 into model nwt
I0125 15:07:52.526762 13096 processor.cc:746] Processor: start processing batch 425e5ba6-af4a-411d-9cad-cf37f451bcc4 into model nwt
I0125 15:07:52.538774  1640 processor.cc:746] Processor: start processing batch 8265d2ed-443a-4f1b-b812-7d63f85851d5 into model nwt
I0125 15:07:53.634503  9568 processor.cc:842] Processor: complete processing batch acd8a394-4d05-46ac-afc0-bcfc3933f576 into model nwt
I0125 15:07:53.636004  9568 cuckoo_watch.h:44] 1135ms in ProcessBatch(Q:\topic_modeling\data\postnauka\bigARTM_files\pn_model3\aaaaad.batch) [including 26ms in LoadMessage; 57ms in InitializeSparseNdw; 961ms in InferThetaAndUpdateNwtSparse; 85ms in CalculateScore(perplexity_score); 4ms in CalculateScore(ss_theta_score); ]
I0125 15:07:53.907682  9568 processor.cc:662] No data in processing queue, waiting...
I0125 15:07:54.864817 13096 processor.cc:842] Processor: complete processing batch 425e5ba6-af4a-411d-9cad-cf37f451bcc4 into model nwt
I0125 15:07:54.868319 13096 cuckoo_watch.h:44] 2402ms in ProcessBatch(Q:\topic_modeling\data\postnauka\bigARTM_files\pn_model3\aaaaaa.batch) [including 61ms in LoadMessage; 135ms in InitializeSparseNdw; 2059ms in InferThetaAndUpdateNwtSparse; 136ms in CalculateScore(perplexity_score); 7ms in CalculateScore(ss_theta_score); ]
I0125 15:07:54.892338  1640 processor.cc:842] Processor: complete processing batch 8265d2ed-443a-4f1b-b812-7d63f85851d5 into model nwt
I0125 15:07:54.892338  6712 processor.cc:842] Processor: complete processing batch 8e5acb98-4847-40ea-8379-6084fa640591 into model nwt
I0125 15:07:54.907965  1640 cuckoo_watch.h:44] 2439ms in ProcessBatch(Q:\topic_modeling\data\postnauka\bigARTM_files\pn_model3\aaaaac.batch) [including 69ms in LoadMessage; 126ms in InitializeSparseNdw; 2093ms in InferThetaAndUpdateNwtSparse; 132ms in CalculateScore(perplexity_score); 0ms in CalculateScore(ss_theta_score); ]
I0125 15:07:54.907965  6712 cuckoo_watch.h:44] 2442ms in ProcessBatch(Q:\topic_modeling\data\postnauka\bigARTM_files\pn_model3\aaaaab.batch) [including 56ms in LoadMessage; 125ms in InitializeSparseNdw; 2098ms in InferThetaAndUpdateNwtSparse; 146ms in CalculateScore(perplexity_score); 0ms in CalculateScore(ss_theta_score); ]
I0125 15:07:54.923593   620 master_component.cc:991] NormalizeModelArgs: pwt_target_name=pwt, nwt_source_name=nwt, rwt_source_name=
I0125 15:07:54.923593   620 master_component.cc:617] MasterComponent: start normalizing model nwt
I0125 15:07:54.929911   620 master_component.cc:639] MasterComponent: complete normalizing model nwt
I0125 15:07:54.940917 13096 processor.cc:662] No data in processing queue, waiting...
I0125 15:07:54.942919  1640 processor.cc:662] No data in processing queue, waiting...
I0125 15:07:54.942919  6712 processor.cc:662] No data in processing queue, waiting...
I0125 15:07:54.965683   620 master_component.cc:1015] DisposeModel rwt
I0125 15:07:54.965683   620 c_interface.cc:332] Pass FitOfflineMasterModelArgs, batch_filename_size=4, batch_weight_size=4, num_collection_passes=1 to void (__cdecl artm::core::MasterComponent::*)(class artm::FitOfflineMasterModelArgs const & __ptr64) __ptr64
I0125 15:07:54.965683   620 master_component.cc:942] ProcessBatchesArgs: nwt_target_name=nwt, batch_filename_size=4, batch_size=0, batch_weight_size=4, pwt_source_name=pwt, num_document_passes=5, class=(@default_class:1), reuse_theta=no, opt_for_avx=yes, predict_class_id=
I0125 15:07:54.981315  6712 processor.cc:669] Processing queue has data, processing started
I0125 15:07:54.981315  1640 processor.cc:669] Processing queue has data, processing started
I0125 15:07:54.981315 13096 processor.cc:669] Processing queue has data, processing started
I0125 15:07:54.981315  9568 processor.cc:669] Processing queue has data, processing started
I0125 15:07:54.992327  9568 processor.cc:746] Processor: start processing batch acd8a394-4d05-46ac-afc0-bcfc3933f576 into model nwt
I0125 15:07:55.029287  1640 processor.cc:746] Processor: start processing batch 8e5acb98-4847-40ea-8379-6084fa640591 into model nwt
I0125 15:07:55.032289 13096 processor.cc:746] Processor: start processing batch 8265d2ed-443a-4f1b-b812-7d63f85851d5 into model nwt
I0125 15:07:55.062819  6712 processor.cc:746] Processor: start processing batch 425e5ba6-af4a-411d-9cad-cf37f451bcc4 into model nwt
I0125 15:07:56.101513  9568 processor.cc:842] Processor: complete processing batch acd8a394-4d05-46ac-afc0-bcfc3933f576 into model nwt
I0125 15:07:56.103014  9568 cuckoo_watch.h:44] 1121ms in ProcessBatch(Q:\topic_modeling\data\postnauka\bigARTM_files\pn_model3\aaaaad.batch) [including 11ms in LoadMessage; 54ms in InitializeSparseNdw; 950ms in InferThetaAndUpdateNwtSparse; 98ms in CalculateScore(perplexity_score); 5ms in CalculateScore(ss_theta_score); ]
I0125 15:07:56.126530  9568 processor.cc:662] No data in processing queue, waiting...
I0125 15:07:57.307313  1640 processor.cc:842] Processor: complete processing batch 8e5acb98-4847-40ea-8379-6084fa640591 into model nwt
I0125 15:07:57.310814  1640 cuckoo_watch.h:44] 2329ms in ProcessBatch(Q:\topic_modeling\data\postnauka\bigARTM_files\pn_model3\aaaaab.batch) [including 47ms in LoadMessage; 116ms in InitializeSparseNdw; 2025ms in InferThetaAndUpdateNwtSparse; 129ms in CalculateScore(perplexity_score); 6ms in CalculateScore(ss_theta_score); ]
I0125 15:07:57.362850  6712 processor.cc:842] Processor: complete processing batch 425e5ba6-af4a-411d-9cad-cf37f451bcc4 into model nwt
I0125 15:07:57.366353  6712 cuckoo_watch.h:44] 2385ms in ProcessBatch(Q:\topic_modeling\data\postnauka\bigARTM_files\pn_model3\aaaaaa.batch) [including 81ms in LoadMessage; 108ms in InitializeSparseNdw; 2039ms in InferThetaAndUpdateNwtSparse; 147ms in CalculateScore(perplexity_score); 4ms in CalculateScore(ss_theta_score); ]
I0125 15:07:57.380362 13096 processor.cc:842] Processor: complete processing batch 8265d2ed-443a-4f1b-b812-7d63f85851d5 into model nwt
I0125 15:07:57.384364 13096 cuckoo_watch.h:44] 2403ms in ProcessBatch(Q:\topic_modeling\data\postnauka\bigARTM_files\pn_model3\aaaaac.batch) [including 50ms in LoadMessage; 121ms in InitializeSparseNdw; 2078ms in InferThetaAndUpdateNwtSparse; 142ms in CalculateScore(perplexity_score); 3ms in CalculateScore(ss_theta_score); ]
I0125 15:07:57.392372   620 master_component.cc:991] NormalizeModelArgs: pwt_target_name=pwt, nwt_source_name=nwt, rwt_source_name=
I0125 15:07:57.392372   620 master_component.cc:617] MasterComponent: start normalizing model nwt
I0125 15:07:57.398875   620 master_component.cc:639] MasterComponent: complete normalizing model nwt
I0125 15:07:57.444404   620 master_component.cc:1015] DisposeModel rwt
I0125 15:07:57.444404   620 c_interface.cc:332] Pass FitOfflineMasterModelArgs, batch_filename_size=4, batch_weight_size=4, num_collection_passes=1 to void (__cdecl artm::core::MasterComponent::*)(class artm::FitOfflineMasterModelArgs const & __ptr64) __ptr64
I0125 15:07:57.444404   620 master_component.cc:942] ProcessBatchesArgs: nwt_target_name=nwt, batch_filename_size=4, batch_size=0, batch_weight_size=4, pwt_source_name=pwt, num_document_passes=5, class=(@default_class:1), reuse_theta=no, opt_for_avx=yes, predict_class_id=
I0125 15:07:57.454413  9568 processor.cc:669] Processing queue has data, processing started
I0125 15:07:57.475924 13096 processor.cc:746] Processor: start processing batch acd8a394-4d05-46ac-afc0-bcfc3933f576 into model nwt
I0125 15:07:57.501941  6712 processor.cc:746] Processor: start processing batch 425e5ba6-af4a-411d-9cad-cf37f451bcc4 into model nwt
I0125 15:07:57.503443  9568 processor.cc:746] Processor: start processing batch 8e5acb98-4847-40ea-8379-6084fa640591 into model nwt
I0125 15:07:57.504443  1640 processor.cc:746] Processor: start processing batch 8265d2ed-443a-4f1b-b812-7d63f85851d5 into model nwt
I0125 15:07:58.558142 13096 processor.cc:842] Processor: complete processing batch acd8a394-4d05-46ac-afc0-bcfc3933f576 into model nwt
I0125 15:07:58.559644 13096 cuckoo_watch.h:44] 1105ms in ProcessBatch(Q:\topic_modeling\data\postnauka\bigARTM_files\pn_model3\aaaaad.batch) [including 21ms in LoadMessage; 47ms in InitializeSparseNdw; 946ms in InferThetaAndUpdateNwtSparse; 84ms in CalculateScore(perplexity_score); 4ms in CalculateScore(ss_theta_score); ]
I0125 15:07:58.841832 13096 processor.cc:662] No data in processing queue, waiting...
I0125 15:07:59.827483  6712 processor.cc:842] Processor: complete processing batch 425e5ba6-af4a-411d-9cad-cf37f451bcc4 into model nwt
I0125 15:07:59.830987  6712 cuckoo_watch.h:44] 2376ms in ProcessBatch(Q:\topic_modeling\data\postnauka\bigARTM_files\pn_model3\aaaaaa.batch) [including 47ms in LoadMessage; 111ms in InitializeSparseNdw; 2053ms in InferThetaAndUpdateNwtSparse; 156ms in CalculateScore(perplexity_score); 3ms in CalculateScore(ss_theta_score); ]
I0125 15:07:59.854001  6712 processor.cc:662] No data in processing queue, waiting...
I0125 15:07:59.919860  1640 processor.cc:842] Processor: complete processing batch 8265d2ed-443a-4f1b-b812-7d63f85851d5 into model nwt
I0125 15:07:59.923863  9568 processor.cc:842] Processor: complete processing batch 8e5acb98-4847-40ea-8379-6084fa640591 into model nwt
I0125 15:07:59.927865  1640 cuckoo_watch.h:44] 2473ms in ProcessBatch(Q:\topic_modeling\data\postnauka\bigARTM_files\pn_model3\aaaaac.batch) [including 49ms in LoadMessage; 115ms in InitializeSparseNdw; 2123ms in InferThetaAndUpdateNwtSparse; 169ms in CalculateScore(perplexity_score); 6ms in CalculateScore(ss_theta_score); ]
I0125 15:07:59.929867  9568 cuckoo_watch.h:44] 2475ms in ProcessBatch(Q:\topic_modeling\data\postnauka\bigARTM_files\pn_model3\aaaaab.batch) [including 49ms in LoadMessage; 114ms in InitializeSparseNdw; 2126ms in InferThetaAndUpdateNwtSparse; 171ms in CalculateScore(perplexity_score); 7ms in CalculateScore(ss_theta_score); ]
I0125 15:07:59.930867   620 master_component.cc:991] NormalizeModelArgs: pwt_target_name=pwt, nwt_source_name=nwt, rwt_source_name=
I0125 15:07:59.930867   620 master_component.cc:617] MasterComponent: start normalizing model nwt
I0125 15:07:59.939873   620 master_component.cc:639] MasterComponent: complete normalizing model nwt
