Log file created at: 2017/01/25 15:04:57
Running on machine: SHELDONPC
Log line format: [IWEF]mmdd hh:mm:ss.uuuuuu threadid file:line] msg
I0125 15:04:57.328366   620 c_interface.cc:74] Logging enabled to .
I0125 15:04:57.329365   620 instance.cc:358] MasterModelConfig.processors_count is automatically set to 4
I0125 15:04:57.329365   620 c_interface.cc:221] Creating MasterModel (id=1)...
I0125 15:04:57.329365  4940 processor.cc:646] Processor thread started
I0125 15:04:57.329365 14332 processor.cc:646] Processor thread started
I0125 15:04:57.329365 14332 processor.cc:654] Processor thread stopped
I0125 15:04:57.329365 14332 processor.cc:655] Total number of processed batches: 0
I0125 15:04:57.329365  6840 processor.cc:646] Processor thread started
I0125 15:04:57.329365   212 processor.cc:646] Processor thread started
I0125 15:04:57.330384  4940 processor.cc:654] Processor thread stopped
I0125 15:04:57.330384  4940 processor.cc:655] Total number of processed batches: 0
I0125 15:04:57.332383  6840 processor.cc:654] Processor thread stopped
I0125 15:04:57.332383  6840 processor.cc:655] Total number of processed batches: 0
I0125 15:04:57.333431   212 processor.cc:654] Processor thread stopped
I0125 15:04:57.333431   212 processor.cc:655] Total number of processed batches: 0
I0125 15:04:57.333431   620 c_interface.cc:283] Disposing MasterComponent (id=1)...
I0125 15:05:09.788192   620 c_interface.cc:221] Creating MasterModel (id=2)...
I0125 15:05:09.788694   620 c_interface.cc:318] Pass 9ec645af-bffb-47a6-93dd-ae32fe769b72 to void (__cdecl artm::core::MasterComponent::*)(class std::basic_string<char,struct std::char_traits<char>,class std::allocator<char> > const & __ptr64) __ptr64
I0125 15:05:09.789196   620 c_interface.cc:332] Pass GatherDictionaryArgs: dictionary_target_name=9ec645af-bffb-47a6-93dd-ae32fe769b72, data_path=Q:\\topic_modeling\\csi_science_collections.git\..\data\postnauka\bigARTM_files\pn_model3, symmetric_cooc_values=0 to void (__cdecl artm::core::MasterComponent::*)(class artm::GatherDictionaryArgs const & __ptr64) __ptr64
I0125 15:05:09.789695   620 dictionary.cc:185] Found 4 batches in 'Q:\\topic_modeling\\csi_science_collections.git\..\data\postnauka\bigARTM_files\pn_model3' folder
I0125 15:05:09.970098   620 dictionary.cc:241] Find 2216 unique tokens in 3446 items
I0125 15:05:09.970098   620 c_interface.cc:221] Creating MasterModel (id=3)...
I0125 15:05:09.970098   620 c_interface.cc:318] Pass b5320add-9337-4538-8fba-ab7af0a2b1ca to void (__cdecl artm::core::MasterComponent::*)(class std::basic_string<char,struct std::char_traits<char>,class std::allocator<char> > const & __ptr64) __ptr64
I0125 15:05:09.970098   620 dictionary.cc:52] Importing dictionary b5320add-9337-4538-8fba-ab7af0a2b1ca from Q:\\topic_modeling\\csi_science_collections.git\..\data\postnauka\bigARTM_files\pn_model3\pn_model3_dictionary.dict
I0125 15:05:09.970098   620 master_component.cc:164] Import completed, token_size = 2216
I0125 15:07:27.481039   620 instance.cc:358] MasterModelConfig.processors_count is automatically set to 4
I0125 15:07:27.488044   620 c_interface.cc:221] Creating MasterModel (id=4)...
I0125 15:07:27.488044   620 c_interface.cc:318] Pass pwt to void (__cdecl artm::core::MasterComponent::*)(class std::basic_string<char,struct std::char_traits<char>,class std::allocator<char> > const & __ptr64) __ptr64
I0125 15:07:27.488044 11420 processor.cc:646] Processor thread started
I0125 15:07:27.488044   620 c_interface.cc:318] Pass nwt to void (__cdecl artm::core::MasterComponent::*)(class std::basic_string<char,struct std::char_traits<char>,class std::allocator<char> > const & __ptr64) __ptr64
I0125 15:07:27.488044  1040 processor.cc:646] Processor thread started
I0125 15:07:27.488044  6688 processor.cc:646] Processor thread started
I0125 15:07:27.488044 13256 processor.cc:646] Processor thread started
I0125 15:07:27.488044   620 c_interface.cc:332] Pass InitializeModelArgs: model_name=pwt, dictionary_name=b5320add-9337-4538-8fba-ab7af0a2b1ca, topic_name_size=20 to void (__cdecl artm::core::MasterComponent::*)(class artm::InitializeModelArgs const & __ptr64) __ptr64
I0125 15:07:27.488044   620 master_component.cc:338] InitializeModel() with 20 topics and 2216 tokens
I0125 15:07:27.505561   620 c_interface.cc:332] Pass InitializeModelArgs: model_name=nwt, dictionary_name=b5320add-9337-4538-8fba-ab7af0a2b1ca, topic_name_size=20 to void (__cdecl artm::core::MasterComponent::*)(class artm::InitializeModelArgs const & __ptr64) __ptr64
I0125 15:07:27.505561   620 master_component.cc:338] InitializeModel() with 20 topics and 2216 tokens
I0125 15:07:27.508064  1040 processor.cc:662] No data in processing queue, waiting...
I0125 15:07:27.508064  6688 processor.cc:662] No data in processing queue, waiting...
I0125 15:07:27.508064 13256 processor.cc:662] No data in processing queue, waiting...
I0125 15:07:27.508064 11420 processor.cc:662] No data in processing queue, waiting...
I0125 15:07:27.522073   620 phi_matrix_operations.cc:82] RetrieveExternalTopicModel() with 20 topics, 2216 tokens
I0125 15:07:27.526077   620 c_interface.cc:180] ArtmCopyRequestedMessage is copying 86055 bytes...
I0125 15:07:27.674331   620 c_interface.cc:332] Pass MasterModelConfig: topic_name_size=20, class=(@default_class:1), score_config_size=0, num_processors=0, pwt_name=pwt, nwt_name=nwt, num_document_passes=5, reuse_theta=no, cache_theta=yes, opt_for_avx=yes, disk_cache_path to void (__cdecl artm::core::MasterComponent::*)(class artm::MasterModelConfig const & __ptr64) __ptr64
I0125 15:07:27.674331   620 instance.cc:358] MasterModelConfig.processors_count is automatically set to 4
I0125 15:07:27.674331   620 c_interface.cc:332] Pass MasterModelConfig: topic_name_size=20, class=(@default_class:1), score_config_size=1, num_processors=0, pwt_name=pwt, nwt_name=nwt, num_document_passes=5, reuse_theta=no, cache_theta=yes, opt_for_avx=yes, disk_cache_path to void (__cdecl artm::core::MasterComponent::*)(class artm::MasterModelConfig const & __ptr64) __ptr64
I0125 15:07:27.674331   620 instance.cc:358] MasterModelConfig.processors_count is automatically set to 4
I0125 15:07:27.674331   620 perplexity.cc:24] Perplexity score calculator created: model_type=0, dictionary_name=b5320add-9337-4538-8fba-ab7af0a2b1ca
I0125 15:07:27.674331   620 c_interface.cc:332] Pass MasterModelConfig: topic_name_size=20, class=(@default_class:1), score_config_size=2, num_processors=0, pwt_name=pwt, nwt_name=nwt, num_document_passes=5, reuse_theta=no, cache_theta=yes, opt_for_avx=yes, disk_cache_path to void (__cdecl artm::core::MasterComponent::*)(class artm::MasterModelConfig const & __ptr64) __ptr64
I0125 15:07:27.674331   620 instance.cc:358] MasterModelConfig.processors_count is automatically set to 4
I0125 15:07:27.674331   620 perplexity.cc:24] Perplexity score calculator created: model_type=0, dictionary_name=b5320add-9337-4538-8fba-ab7af0a2b1ca
I0125 15:07:27.674331   620 c_interface.cc:332] Pass MasterModelConfig: topic_name_size=20, class=(@default_class:1), score_config_size=3, num_processors=0, pwt_name=pwt, nwt_name=nwt, num_document_passes=5, reuse_theta=no, cache_theta=yes, opt_for_avx=yes, disk_cache_path to void (__cdecl artm::core::MasterComponent::*)(class artm::MasterModelConfig const & __ptr64) __ptr64
I0125 15:07:27.674331   620 instance.cc:358] MasterModelConfig.processors_count is automatically set to 4
I0125 15:07:27.674331   620 perplexity.cc:24] Perplexity score calculator created: model_type=0, dictionary_name=b5320add-9337-4538-8fba-ab7af0a2b1ca
I0125 15:07:27.674331   620 c_interface.cc:332] Pass MasterModelConfig: topic_name_size=20, class=(@default_class:1), score_config_size=4, num_processors=0, pwt_name=pwt, nwt_name=nwt, num_document_passes=5, reuse_theta=no, cache_theta=yes, opt_for_avx=yes, disk_cache_path to void (__cdecl artm::core::MasterComponent::*)(class artm::MasterModelConfig const & __ptr64) __ptr64
I0125 15:07:27.674331   620 instance.cc:358] MasterModelConfig.processors_count is automatically set to 4
I0125 15:07:27.674331   620 perplexity.cc:24] Perplexity score calculator created: model_type=0, dictionary_name=b5320add-9337-4538-8fba-ab7af0a2b1ca
I0125 15:07:27.674331   620 c_interface.cc:332] Pass MasterModelConfig: topic_name_size=20, class=(@default_class:1), score_config_size=5, num_processors=0, pwt_name=pwt, nwt_name=nwt, num_document_passes=5, reuse_theta=no, cache_theta=yes, opt_for_avx=yes, disk_cache_path to void (__cdecl artm::core::MasterComponent::*)(class artm::MasterModelConfig const & __ptr64) __ptr64
I0125 15:07:27.674331   620 instance.cc:358] MasterModelConfig.processors_count is automatically set to 4
I0125 15:07:27.674331   620 perplexity.cc:24] Perplexity score calculator created: model_type=0, dictionary_name=b5320add-9337-4538-8fba-ab7af0a2b1ca
I0125 15:07:27.674331   620 c_interface.cc:332] Pass FitOfflineMasterModelArgs, batch_filename_size=4, batch_weight_size=4, num_collection_passes=1 to void (__cdecl artm::core::MasterComponent::*)(class artm::FitOfflineMasterModelArgs const & __ptr64) __ptr64
I0125 15:07:27.674331   620 master_component.cc:942] ProcessBatchesArgs: nwt_target_name=nwt, batch_filename_size=4, batch_size=0, batch_weight_size=4, pwt_source_name=pwt, num_document_passes=5, class=(@default_class:1), reuse_theta=no, opt_for_avx=yes, predict_class_id=
I0125 15:07:27.689966  6688 processor.cc:669] Processing queue has data, processing started
I0125 15:07:27.689966  1040 processor.cc:669] Processing queue has data, processing started
I0125 15:07:27.689966 13256 processor.cc:669] Processing queue has data, processing started
I0125 15:07:27.698487 11420 processor.cc:669] Processing queue has data, processing started
I0125 15:07:27.725013 11420 processor.cc:746] Processor: start processing batch acd8a394-4d05-46ac-afc0-bcfc3933f576 into model nwt
I0125 15:07:27.749029  6688 processor.cc:746] Processor: start processing batch 425e5ba6-af4a-411d-9cad-cf37f451bcc4 into model nwt
I0125 15:07:27.749029  1040 processor.cc:746] Processor: start processing batch 8e5acb98-4847-40ea-8379-6084fa640591 into model nwt
I0125 15:07:27.761035 13256 processor.cc:746] Processor: start processing batch 8265d2ed-443a-4f1b-b812-7d63f85851d5 into model nwt
I0125 15:07:28.136286 11420 processor.cc:842] Processor: complete processing batch acd8a394-4d05-46ac-afc0-bcfc3933f576 into model nwt
I0125 15:07:28.137787 11420 cuckoo_watch.h:44] 439ms in ProcessBatch(Q:\topic_modeling\data\postnauka\bigARTM_files\pn_model3\aaaaad.batch) [including 26ms in LoadMessage; 64ms in InitializeSparseNdw; 278ms in InferThetaAndUpdateNwtSparse; 65ms in CalculateScore(perplexity_score); 3ms in CalculateScore(ss_theta_score); ]
I0125 15:07:28.431493 11420 processor.cc:662] No data in processing queue, waiting...
I0125 15:07:28.648625  1040 processor.cc:842] Processor: complete processing batch 8e5acb98-4847-40ea-8379-6084fa640591 into model nwt
I0125 15:07:28.652128  1040 cuckoo_watch.h:44] 962ms in ProcessBatch(Q:\topic_modeling\data\postnauka\bigARTM_files\pn_model3\aaaaab.batch) [including 59ms in LoadMessage; 113ms in InitializeSparseNdw; 641ms in InferThetaAndUpdateNwtSparse; 142ms in CalculateScore(perplexity_score); 2ms in CalculateScore(ss_theta_score); ]
I0125 15:07:28.656132  6688 processor.cc:842] Processor: complete processing batch 425e5ba6-af4a-411d-9cad-cf37f451bcc4 into model nwt
I0125 15:07:28.660634  6688 cuckoo_watch.h:44] 970ms in ProcessBatch(Q:\topic_modeling\data\postnauka\bigARTM_files\pn_model3\aaaaaa.batch) [including 59ms in LoadMessage; 114ms in InitializeSparseNdw; 662ms in InferThetaAndUpdateNwtSparse; 124ms in CalculateScore(perplexity_score); 5ms in CalculateScore(ss_theta_score); ]
I0125 15:07:28.694157 13256 processor.cc:842] Processor: complete processing batch 8265d2ed-443a-4f1b-b812-7d63f85851d5 into model nwt
I0125 15:07:28.697157 13256 cuckoo_watch.h:44] 1007ms in ProcessBatch(Q:\topic_modeling\data\postnauka\bigARTM_files\pn_model3\aaaaac.batch) [including 71ms in LoadMessage; 112ms in InitializeSparseNdw; 696ms in InferThetaAndUpdateNwtSparse; 121ms in CalculateScore(perplexity_score); 2ms in CalculateScore(ss_theta_score); ]
I0125 15:07:28.705168   620 master_component.cc:991] NormalizeModelArgs: pwt_target_name=pwt, nwt_source_name=nwt, rwt_source_name=
I0125 15:07:28.705168   620 master_component.cc:617] MasterComponent: start normalizing model nwt
I0125 15:07:28.709167   620 master_component.cc:639] MasterComponent: complete normalizing model nwt
I0125 15:07:28.719174   620 master_component.cc:1015] DisposeModel rwt
I0125 15:07:28.719174   620 c_interface.cc:332] Pass FitOfflineMasterModelArgs, batch_filename_size=4, batch_weight_size=4, num_collection_passes=1 to void (__cdecl artm::core::MasterComponent::*)(class artm::FitOfflineMasterModelArgs const & __ptr64) __ptr64
I0125 15:07:28.719174   620 master_component.cc:942] ProcessBatchesArgs: nwt_target_name=nwt, batch_filename_size=4, batch_size=0, batch_weight_size=4, pwt_source_name=pwt, num_document_passes=5, class=(@default_class:1), reuse_theta=no, opt_for_avx=yes, predict_class_id=
I0125 15:07:28.736189 11420 processor.cc:669] Processing queue has data, processing started
I0125 15:07:28.758699 11420 processor.cc:746] Processor: start processing batch acd8a394-4d05-46ac-afc0-bcfc3933f576 into model nwt
I0125 15:07:28.789721 13256 processor.cc:746] Processor: start processing batch 8265d2ed-443a-4f1b-b812-7d63f85851d5 into model nwt
I0125 15:07:28.791220  1040 processor.cc:746] Processor: start processing batch 8e5acb98-4847-40ea-8379-6084fa640591 into model nwt
I0125 15:07:28.794723  6688 processor.cc:746] Processor: start processing batch 425e5ba6-af4a-411d-9cad-cf37f451bcc4 into model nwt
I0125 15:07:29.143954 11420 processor.cc:842] Processor: complete processing batch acd8a394-4d05-46ac-afc0-bcfc3933f576 into model nwt
I0125 15:07:29.145455 11420 cuckoo_watch.h:44] 409ms in ProcessBatch(Q:\topic_modeling\data\postnauka\bigARTM_files\pn_model3\aaaaad.batch) [including 22ms in LoadMessage; 51ms in InitializeSparseNdw; 263ms in InferThetaAndUpdateNwtSparse; 67ms in CalculateScore(perplexity_score); 3ms in CalculateScore(ss_theta_score); ]
I0125 15:07:29.406136 11420 processor.cc:662] No data in processing queue, waiting...
I0125 15:07:29.643785  1040 processor.cc:842] Processor: complete processing batch 8e5acb98-4847-40ea-8379-6084fa640591 into model nwt
I0125 15:07:29.648289  1040 cuckoo_watch.h:44] 911ms in ProcessBatch(Q:\topic_modeling\data\postnauka\bigARTM_files\pn_model3\aaaaab.batch) [including 54ms in LoadMessage; 109ms in InitializeSparseNdw; 621ms in InferThetaAndUpdateNwtSparse; 118ms in CalculateScore(perplexity_score); 2ms in CalculateScore(ss_theta_score); ]
I0125 15:07:29.696821  6688 processor.cc:842] Processor: complete processing batch 425e5ba6-af4a-411d-9cad-cf37f451bcc4 into model nwt
I0125 15:07:29.700824  6688 cuckoo_watch.h:44] 964ms in ProcessBatch(Q:\topic_modeling\data\postnauka\bigARTM_files\pn_model3\aaaaaa.batch) [including 58ms in LoadMessage; 107ms in InitializeSparseNdw; 682ms in InferThetaAndUpdateNwtSparse; 109ms in CalculateScore(perplexity_score); 2ms in CalculateScore(ss_theta_score); ]
I0125 15:07:29.723338 13256 processor.cc:842] Processor: complete processing batch 8265d2ed-443a-4f1b-b812-7d63f85851d5 into model nwt
I0125 15:07:29.726841 13256 cuckoo_watch.h:44] 990ms in ProcessBatch(Q:\topic_modeling\data\postnauka\bigARTM_files\pn_model3\aaaaac.batch) [including 53ms in LoadMessage; 108ms in InitializeSparseNdw; 701ms in InferThetaAndUpdateNwtSparse; 120ms in CalculateScore(perplexity_score); 2ms in CalculateScore(ss_theta_score); ]
I0125 15:07:29.728343   620 master_component.cc:991] NormalizeModelArgs: pwt_target_name=pwt, nwt_source_name=nwt, rwt_source_name=
I0125 15:07:29.728343   620 master_component.cc:617] MasterComponent: start normalizing model nwt
I0125 15:07:29.732345   620 master_component.cc:639] MasterComponent: complete normalizing model nwt
I0125 15:07:29.742352   620 master_component.cc:1015] DisposeModel rwt
I0125 15:07:29.742851   620 c_interface.cc:332] Pass FitOfflineMasterModelArgs, batch_filename_size=4, batch_weight_size=4, num_collection_passes=1 to void (__cdecl artm::core::MasterComponent::*)(class artm::FitOfflineMasterModelArgs const & __ptr64) __ptr64
I0125 15:07:29.742851   620 master_component.cc:942] ProcessBatchesArgs: nwt_target_name=nwt, batch_filename_size=4, batch_size=0, batch_weight_size=4, pwt_source_name=pwt, num_document_passes=5, class=(@default_class:1), reuse_theta=no, opt_for_avx=yes, predict_class_id=
I0125 15:07:29.763521 11420 processor.cc:669] Processing queue has data, processing started
I0125 15:07:29.779147  1040 processor.cc:746] Processor: start processing batch acd8a394-4d05-46ac-afc0-bcfc3933f576 into model nwt
I0125 15:07:29.810400 13256 processor.cc:746] Processor: start processing batch 425e5ba6-af4a-411d-9cad-cf37f451bcc4 into model nwt
I0125 15:07:29.810400  6688 processor.cc:746] Processor: start processing batch 8e5acb98-4847-40ea-8379-6084fa640591 into model nwt
I0125 15:07:29.810400 11420 processor.cc:746] Processor: start processing batch 8265d2ed-443a-4f1b-b812-7d63f85851d5 into model nwt
I0125 15:07:30.193892  1040 processor.cc:842] Processor: complete processing batch acd8a394-4d05-46ac-afc0-bcfc3933f576 into model nwt
I0125 15:07:30.195392  1040 cuckoo_watch.h:44] 431ms in ProcessBatch(Q:\topic_modeling\data\postnauka\bigARTM_files\pn_model3\aaaaad.batch) [including 15ms in LoadMessage; 46ms in InitializeSparseNdw; 298ms in InferThetaAndUpdateNwtSparse; 66ms in CalculateScore(perplexity_score); 3ms in CalculateScore(ss_theta_score); ]
I0125 15:07:30.487596  1040 processor.cc:662] No data in processing queue, waiting...
I0125 15:07:30.728245  6688 processor.cc:842] Processor: complete processing batch 8e5acb98-4847-40ea-8379-6084fa640591 into model nwt
I0125 15:07:30.732748  6688 cuckoo_watch.h:44] 969ms in ProcessBatch(Q:\topic_modeling\data\postnauka\bigARTM_files\pn_model3\aaaaab.batch) [including 46ms in LoadMessage; 112ms in InitializeSparseNdw; 681ms in InferThetaAndUpdateNwtSparse; 118ms in CalculateScore(perplexity_score); 4ms in CalculateScore(ss_theta_score); ]
I0125 15:07:30.738754 11420 processor.cc:842] Processor: complete processing batch 8265d2ed-443a-4f1b-b812-7d63f85851d5 into model nwt
I0125 15:07:30.742755 11420 cuckoo_watch.h:44] 979ms in ProcessBatch(Q:\topic_modeling\data\postnauka\bigARTM_files\pn_model3\aaaaac.batch) [including 46ms in LoadMessage; 113ms in InitializeSparseNdw; 672ms in InferThetaAndUpdateNwtSparse; 137ms in CalculateScore(perplexity_score); 3ms in CalculateScore(ss_theta_score); ]
I0125 15:07:30.753762 13256 processor.cc:842] Processor: complete processing batch 425e5ba6-af4a-411d-9cad-cf37f451bcc4 into model nwt
I0125 15:07:30.756764 13256 cuckoo_watch.h:44] 993ms in ProcessBatch(Q:\topic_modeling\data\postnauka\bigARTM_files\pn_model3\aaaaaa.batch) [including 46ms in LoadMessage; 108ms in InitializeSparseNdw; 694ms in InferThetaAndUpdateNwtSparse; 136ms in CalculateScore(perplexity_score); 3ms in CalculateScore(ss_theta_score); ]
I0125 15:07:30.766276   620 master_component.cc:991] NormalizeModelArgs: pwt_target_name=pwt, nwt_source_name=nwt, rwt_source_name=
I0125 15:07:30.766276   620 master_component.cc:617] MasterComponent: start normalizing model nwt
I0125 15:07:30.769776   620 master_component.cc:639] MasterComponent: complete normalizing model nwt
I0125 15:07:30.769776   620 master_component.cc:1015] DisposeModel rwt
I0125 15:07:30.769776   620 c_interface.cc:332] Pass FitOfflineMasterModelArgs, batch_filename_size=4, batch_weight_size=4, num_collection_passes=1 to void (__cdecl artm::core::MasterComponent::*)(class artm::FitOfflineMasterModelArgs const & __ptr64) __ptr64
I0125 15:07:30.769776   620 master_component.cc:942] ProcessBatchesArgs: nwt_target_name=nwt, batch_filename_size=4, batch_size=0, batch_weight_size=4, pwt_source_name=pwt, num_document_passes=5, class=(@default_class:1), reuse_theta=no, opt_for_avx=yes, predict_class_id=
I0125 15:07:30.801033  1040 processor.cc:669] Processing queue has data, processing started
I0125 15:07:30.816655  6688 processor.cc:746] Processor: start processing batch acd8a394-4d05-46ac-afc0-bcfc3933f576 into model nwt
I0125 15:07:30.847906  1040 processor.cc:746] Processor: start processing batch 425e5ba6-af4a-411d-9cad-cf37f451bcc4 into model nwt
I0125 15:07:30.847906 11420 processor.cc:746] Processor: start processing batch 8e5acb98-4847-40ea-8379-6084fa640591 into model nwt
I0125 15:07:30.847906 13256 processor.cc:746] Processor: start processing batch 8265d2ed-443a-4f1b-b812-7d63f85851d5 into model nwt
I0125 15:07:31.203969  6688 processor.cc:842] Processor: complete processing batch acd8a394-4d05-46ac-afc0-bcfc3933f576 into model nwt
I0125 15:07:31.205471  6688 cuckoo_watch.h:44] 404ms in ProcessBatch(Q:\topic_modeling\data\postnauka\bigARTM_files\pn_model3\aaaaad.batch) [including 15ms in LoadMessage; 53ms in InitializeSparseNdw; 264ms in InferThetaAndUpdateNwtSparse; 66ms in CalculateScore(perplexity_score); 2ms in CalculateScore(ss_theta_score); ]
I0125 15:07:31.541695  6688 processor.cc:662] No data in processing queue, waiting...
I0125 15:07:31.809371  1040 processor.cc:842] Processor: complete processing batch 425e5ba6-af4a-411d-9cad-cf37f451bcc4 into model nwt
I0125 15:07:31.812875  1040 cuckoo_watch.h:44] 1011ms in ProcessBatch(Q:\topic_modeling\data\postnauka\bigARTM_files\pn_model3\aaaaaa.batch) [including 46ms in LoadMessage; 100ms in InitializeSparseNdw; 705ms in InferThetaAndUpdateNwtSparse; 153ms in CalculateScore(perplexity_score); 3ms in CalculateScore(ss_theta_score); ]
I0125 15:07:31.822381 11420 processor.cc:842] Processor: complete processing batch 8e5acb98-4847-40ea-8379-6084fa640591 into model nwt
I0125 15:07:31.826383 11420 cuckoo_watch.h:44] 1025ms in ProcessBatch(Q:\topic_modeling\data\postnauka\bigARTM_files\pn_model3\aaaaab.batch) [including 46ms in LoadMessage; 100ms in InitializeSparseNdw; 707ms in InferThetaAndUpdateNwtSparse; 163ms in CalculateScore(perplexity_score); 2ms in CalculateScore(ss_theta_score); ]
I0125 15:07:31.828884 13256 processor.cc:842] Processor: complete processing batch 8265d2ed-443a-4f1b-b812-7d63f85851d5 into model nwt
I0125 15:07:31.832387 13256 cuckoo_watch.h:44] 1031ms in ProcessBatch(Q:\topic_modeling\data\postnauka\bigARTM_files\pn_model3\aaaaac.batch) [including 46ms in LoadMessage; 100ms in InitializeSparseNdw; 715ms in InferThetaAndUpdateNwtSparse; 161ms in CalculateScore(perplexity_score); 3ms in CalculateScore(ss_theta_score); ]
I0125 15:07:31.832887   620 master_component.cc:991] NormalizeModelArgs: pwt_target_name=pwt, nwt_source_name=nwt, rwt_source_name=
I0125 15:07:31.832887   620 master_component.cc:617] MasterComponent: start normalizing model nwt
I0125 15:07:31.836390   620 master_component.cc:639] MasterComponent: complete normalizing model nwt
I0125 15:07:31.848397   620 master_component.cc:1015] DisposeModel rwt
I0125 15:07:31.848397   620 c_interface.cc:332] Pass FitOfflineMasterModelArgs, batch_filename_size=4, batch_weight_size=4, num_collection_passes=1 to void (__cdecl artm::core::MasterComponent::*)(class artm::FitOfflineMasterModelArgs const & __ptr64) __ptr64
I0125 15:07:31.848397   620 master_component.cc:942] ProcessBatchesArgs: nwt_target_name=nwt, batch_filename_size=4, batch_size=0, batch_weight_size=4, pwt_source_name=pwt, num_document_passes=5, class=(@default_class:1), reuse_theta=no, opt_for_avx=yes, predict_class_id=
I0125 15:07:31.878551  6688 processor.cc:669] Processing queue has data, processing started
I0125 15:07:31.894178  1040 processor.cc:746] Processor: start processing batch acd8a394-4d05-46ac-afc0-bcfc3933f576 into model nwt
I0125 15:07:31.925428  6688 processor.cc:746] Processor: start processing batch 8e5acb98-4847-40ea-8379-6084fa640591 into model nwt
I0125 15:07:31.925428 11420 processor.cc:746] Processor: start processing batch 425e5ba6-af4a-411d-9cad-cf37f451bcc4 into model nwt
I0125 15:07:31.925428 13256 processor.cc:746] Processor: start processing batch 8265d2ed-443a-4f1b-b812-7d63f85851d5 into model nwt
I0125 15:07:32.281404  1040 processor.cc:842] Processor: complete processing batch acd8a394-4d05-46ac-afc0-bcfc3933f576 into model nwt
I0125 15:07:32.283404  1040 cuckoo_watch.h:44] 404ms in ProcessBatch(Q:\topic_modeling\data\postnauka\bigARTM_files\pn_model3\aaaaad.batch) [including 15ms in LoadMessage; 46ms in InitializeSparseNdw; 271ms in InferThetaAndUpdateNwtSparse; 65ms in CalculateScore(perplexity_score); 3ms in CalculateScore(ss_theta_score); ]
I0125 15:07:32.498551  1040 processor.cc:662] No data in processing queue, waiting...
I0125 15:07:32.821761 11420 processor.cc:842] Processor: complete processing batch 425e5ba6-af4a-411d-9cad-cf37f451bcc4 into model nwt
I0125 15:07:32.825764 11420 cuckoo_watch.h:44] 947ms in ProcessBatch(Q:\topic_modeling\data\postnauka\bigARTM_files\pn_model3\aaaaaa.batch) [including 46ms in LoadMessage; 109ms in InitializeSparseNdw; 672ms in InferThetaAndUpdateNwtSparse; 111ms in CalculateScore(perplexity_score); 2ms in CalculateScore(ss_theta_score); ]
I0125 15:07:32.859786  6688 processor.cc:842] Processor: complete processing batch 8e5acb98-4847-40ea-8379-6084fa640591 into model nwt
I0125 15:07:32.864790  6688 cuckoo_watch.h:44] 986ms in ProcessBatch(Q:\topic_modeling\data\postnauka\bigARTM_files\pn_model3\aaaaab.batch) [including 46ms in LoadMessage; 113ms in InitializeSparseNdw; 676ms in InferThetaAndUpdateNwtSparse; 140ms in CalculateScore(perplexity_score); 2ms in CalculateScore(ss_theta_score); ]
I0125 15:07:32.886306 13256 processor.cc:842] Processor: complete processing batch 8265d2ed-443a-4f1b-b812-7d63f85851d5 into model nwt
I0125 15:07:32.889807 13256 cuckoo_watch.h:44] 1011ms in ProcessBatch(Q:\topic_modeling\data\postnauka\bigARTM_files\pn_model3\aaaaac.batch) [including 46ms in LoadMessage; 115ms in InitializeSparseNdw; 697ms in InferThetaAndUpdateNwtSparse; 145ms in CalculateScore(perplexity_score); 2ms in CalculateScore(ss_theta_score); ]
I0125 15:07:32.893314   620 master_component.cc:991] NormalizeModelArgs: pwt_target_name=pwt, nwt_source_name=nwt, rwt_source_name=
I0125 15:07:32.893314   620 master_component.cc:617] MasterComponent: start normalizing model nwt
I0125 15:07:32.897356   620 master_component.cc:639] MasterComponent: complete normalizing model nwt
I0125 15:07:32.908862   620 master_component.cc:1015] DisposeModel rwt
I0125 15:07:32.908862   620 c_interface.cc:332] Pass FitOfflineMasterModelArgs, batch_filename_size=4, batch_weight_size=4, num_collection_passes=1 to void (__cdecl artm::core::MasterComponent::*)(class artm::FitOfflineMasterModelArgs const & __ptr64) __ptr64
I0125 15:07:32.908862   620 master_component.cc:942] ProcessBatchesArgs: nwt_target_name=nwt, batch_filename_size=4, batch_size=0, batch_weight_size=4, pwt_source_name=pwt, num_document_passes=5, class=(@default_class:1), reuse_theta=no, opt_for_avx=yes, predict_class_id=
I0125 15:07:32.921674  1040 processor.cc:669] Processing queue has data, processing started
I0125 15:07:32.967406  1040 processor.cc:746] Processor: start processing batch acd8a394-4d05-46ac-afc0-bcfc3933f576 into model nwt
I0125 15:07:32.970407 11420 processor.cc:746] Processor: start processing batch 425e5ba6-af4a-411d-9cad-cf37f451bcc4 into model nwt
I0125 15:07:32.973409  6688 processor.cc:746] Processor: start processing batch 8e5acb98-4847-40ea-8379-6084fa640591 into model nwt
I0125 15:07:32.989428 13256 processor.cc:746] Processor: start processing batch 8265d2ed-443a-4f1b-b812-7d63f85851d5 into model nwt
I0125 15:07:33.377182  1040 processor.cc:842] Processor: complete processing batch acd8a394-4d05-46ac-afc0-bcfc3933f576 into model nwt
I0125 15:07:33.378682  1040 cuckoo_watch.h:44] 457ms in ProcessBatch(Q:\topic_modeling\data\postnauka\bigARTM_files\pn_model3\aaaaad.batch) [including 45ms in LoadMessage; 60ms in InitializeSparseNdw; 280ms in InferThetaAndUpdateNwtSparse; 66ms in CalculateScore(perplexity_score); 2ms in CalculateScore(ss_theta_score); ]
I0125 15:07:33.672880  1040 processor.cc:662] No data in processing queue, waiting...
I0125 15:07:33.855998 11420 processor.cc:842] Processor: complete processing batch 425e5ba6-af4a-411d-9cad-cf37f451bcc4 into model nwt
I0125 15:07:33.860502 11420 cuckoo_watch.h:44] 938ms in ProcessBatch(Q:\topic_modeling\data\postnauka\bigARTM_files\pn_model3\aaaaaa.batch) [including 48ms in LoadMessage; 123ms in InitializeSparseNdw; 648ms in InferThetaAndUpdateNwtSparse; 109ms in CalculateScore(perplexity_score); 4ms in CalculateScore(ss_theta_score); ]
I0125 15:07:33.866508  6688 processor.cc:842] Processor: complete processing batch 8e5acb98-4847-40ea-8379-6084fa640591 into model nwt
I0125 15:07:33.870508  6688 cuckoo_watch.h:44] 948ms in ProcessBatch(Q:\topic_modeling\data\postnauka\bigARTM_files\pn_model3\aaaaab.batch) [including 51ms in LoadMessage; 135ms in InitializeSparseNdw; 624ms in InferThetaAndUpdateNwtSparse; 129ms in CalculateScore(perplexity_score); 2ms in CalculateScore(ss_theta_score); ]
I0125 15:07:33.922543 13256 processor.cc:842] Processor: complete processing batch 8265d2ed-443a-4f1b-b812-7d63f85851d5 into model nwt
I0125 15:07:33.926045 13256 cuckoo_watch.h:44] 1004ms in ProcessBatch(Q:\topic_modeling\data\postnauka\bigARTM_files\pn_model3\aaaaac.batch) [including 67ms in LoadMessage; 161ms in InitializeSparseNdw; 646ms in InferThetaAndUpdateNwtSparse; 122ms in CalculateScore(perplexity_score); 3ms in CalculateScore(ss_theta_score); ]
I0125 15:07:33.936560   620 master_component.cc:991] NormalizeModelArgs: pwt_target_name=pwt, nwt_source_name=nwt, rwt_source_name=
I0125 15:07:33.936560   620 master_component.cc:617] MasterComponent: start normalizing model nwt
I0125 15:07:33.940054   620 master_component.cc:639] MasterComponent: complete normalizing model nwt
I0125 15:07:33.945057   620 master_component.cc:1015] DisposeModel rwt
I0125 15:07:33.945057   620 c_interface.cc:332] Pass FitOfflineMasterModelArgs, batch_filename_size=4, batch_weight_size=4, num_collection_passes=1 to void (__cdecl artm::core::MasterComponent::*)(class artm::FitOfflineMasterModelArgs const & __ptr64) __ptr64
I0125 15:07:33.945057   620 master_component.cc:942] ProcessBatchesArgs: nwt_target_name=nwt, batch_filename_size=4, batch_size=0, batch_weight_size=4, pwt_source_name=pwt, num_document_passes=5, class=(@default_class:1), reuse_theta=no, opt_for_avx=yes, predict_class_id=
I0125 15:07:33.960696  1040 processor.cc:669] Processing queue has data, processing started
I0125 15:07:33.976315 11420 processor.cc:746] Processor: start processing batch acd8a394-4d05-46ac-afc0-bcfc3933f576 into model nwt
I0125 15:07:34.007565  1040 processor.cc:746] Processor: start processing batch 425e5ba6-af4a-411d-9cad-cf37f451bcc4 into model nwt
I0125 15:07:34.007565  6688 processor.cc:746] Processor: start processing batch 8e5acb98-4847-40ea-8379-6084fa640591 into model nwt
I0125 15:07:34.007565 13256 processor.cc:746] Processor: start processing batch 8265d2ed-443a-4f1b-b812-7d63f85851d5 into model nwt
I0125 15:07:34.405349 11420 processor.cc:842] Processor: complete processing batch acd8a394-4d05-46ac-afc0-bcfc3933f576 into model nwt
I0125 15:07:34.406349 11420 cuckoo_watch.h:44] 445ms in ProcessBatch(Q:\topic_modeling\data\postnauka\bigARTM_files\pn_model3\aaaaad.batch) [including 15ms in LoadMessage; 46ms in InitializeSparseNdw; 313ms in InferThetaAndUpdateNwtSparse; 66ms in CalculateScore(perplexity_score); 3ms in CalculateScore(ss_theta_score); ]
I0125 15:07:34.691545 11420 processor.cc:662] No data in processing queue, waiting...
I0125 15:07:34.899176  1040 processor.cc:842] Processor: complete processing batch 425e5ba6-af4a-411d-9cad-cf37f451bcc4 into model nwt
I0125 15:07:34.903179  1040 cuckoo_watch.h:44] 942ms in ProcessBatch(Q:\topic_modeling\data\postnauka\bigARTM_files\pn_model3\aaaaaa.batch) [including 46ms in LoadMessage; 115ms in InitializeSparseNdw; 655ms in InferThetaAndUpdateNwtSparse; 117ms in CalculateScore(perplexity_score); 2ms in CalculateScore(ss_theta_score); ]
I0125 15:07:34.932199 13256 processor.cc:842] Processor: complete processing batch 8265d2ed-443a-4f1b-b812-7d63f85851d5 into model nwt
I0125 15:07:34.937201 13256 cuckoo_watch.h:44] 976ms in ProcessBatch(Q:\topic_modeling\data\postnauka\bigARTM_files\pn_model3\aaaaac.batch) [including 46ms in LoadMessage; 119ms in InitializeSparseNdw; 690ms in InferThetaAndUpdateNwtSparse; 111ms in CalculateScore(perplexity_score); 2ms in CalculateScore(ss_theta_score); ]
I0125 15:07:34.954715  6688 processor.cc:842] Processor: complete processing batch 8e5acb98-4847-40ea-8379-6084fa640591 into model nwt
I0125 15:07:34.958215  6688 cuckoo_watch.h:44] 997ms in ProcessBatch(Q:\topic_modeling\data\postnauka\bigARTM_files\pn_model3\aaaaab.batch) [including 46ms in LoadMessage; 150ms in InitializeSparseNdw; 661ms in InferThetaAndUpdateNwtSparse; 132ms in CalculateScore(perplexity_score); 2ms in CalculateScore(ss_theta_score); ]
I0125 15:07:34.970228   620 master_component.cc:991] NormalizeModelArgs: pwt_target_name=pwt, nwt_source_name=nwt, rwt_source_name=
I0125 15:07:34.970228   620 master_component.cc:617] MasterComponent: start normalizing model nwt
I0125 15:07:34.974226   620 master_component.cc:639] MasterComponent: complete normalizing model nwt
I0125 15:07:34.976227   620 master_component.cc:1015] DisposeModel rwt
I0125 15:07:34.976227   620 c_interface.cc:332] Pass FitOfflineMasterModelArgs, batch_filename_size=4, batch_weight_size=4, num_collection_passes=1 to void (__cdecl artm::core::MasterComponent::*)(class artm::FitOfflineMasterModelArgs const & __ptr64) __ptr64
I0125 15:07:34.976227   620 master_component.cc:942] ProcessBatchesArgs: nwt_target_name=nwt, batch_filename_size=4, batch_size=0, batch_weight_size=4, pwt_source_name=pwt, num_document_passes=5, class=(@default_class:1), reuse_theta=no, opt_for_avx=yes, predict_class_id=
I0125 15:07:34.991864 11420 processor.cc:669] Processing queue has data, processing started
I0125 15:07:35.023111 13256 processor.cc:746] Processor: start processing batch acd8a394-4d05-46ac-afc0-bcfc3933f576 into model nwt
I0125 15:07:35.038735  1040 processor.cc:746] Processor: start processing batch 8265d2ed-443a-4f1b-b812-7d63f85851d5 into model nwt
I0125 15:07:35.054360  6688 processor.cc:746] Processor: start processing batch 425e5ba6-af4a-411d-9cad-cf37f451bcc4 into model nwt
I0125 15:07:35.054360 11420 processor.cc:746] Processor: start processing batch 8e5acb98-4847-40ea-8379-6084fa640591 into model nwt
I0125 15:07:35.445245 13256 processor.cc:842] Processor: complete processing batch acd8a394-4d05-46ac-afc0-bcfc3933f576 into model nwt
I0125 15:07:35.448747 13256 cuckoo_watch.h:44] 456ms in ProcessBatch(Q:\topic_modeling\data\postnauka\bigARTM_files\pn_model3\aaaaad.batch) [including 31ms in LoadMessage; 60ms in InitializeSparseNdw; 292ms in InferThetaAndUpdateNwtSparse; 66ms in CalculateScore(perplexity_score); 3ms in CalculateScore(ss_theta_score); ]
I0125 15:07:35.537305 13256 processor.cc:662] No data in processing queue, waiting...
I0125 15:07:36.024128 11420 processor.cc:842] Processor: complete processing batch 8e5acb98-4847-40ea-8379-6084fa640591 into model nwt
I0125 15:07:36.027631 11420 cuckoo_watch.h:44] 1035ms in ProcessBatch(Q:\topic_modeling\data\postnauka\bigARTM_files\pn_model3\aaaaab.batch) [including 62ms in LoadMessage; 115ms in InitializeSparseNdw; 753ms in InferThetaAndUpdateNwtSparse; 97ms in CalculateScore(perplexity_score); 2ms in CalculateScore(ss_theta_score); ]
I0125 15:07:36.073160  1040 processor.cc:842] Processor: complete processing batch 8265d2ed-443a-4f1b-b812-7d63f85851d5 into model nwt
I0125 15:07:36.074661  6688 processor.cc:842] Processor: complete processing batch 425e5ba6-af4a-411d-9cad-cf37f451bcc4 into model nwt
I0125 15:07:36.079164  1040 cuckoo_watch.h:44] 1087ms in ProcessBatch(Q:\topic_modeling\data\postnauka\bigARTM_files\pn_model3\aaaaac.batch) [including 46ms in LoadMessage; 120ms in InitializeSparseNdw; 770ms in InferThetaAndUpdateNwtSparse; 139ms in CalculateScore(perplexity_score); 3ms in CalculateScore(ss_theta_score); ]
I0125 15:07:36.082167  6688 cuckoo_watch.h:44] 1090ms in ProcessBatch(Q:\topic_modeling\data\postnauka\bigARTM_files\pn_model3\aaaaaa.batch) [including 62ms in LoadMessage; 115ms in InitializeSparseNdw; 767ms in InferThetaAndUpdateNwtSparse; 135ms in CalculateScore(perplexity_score); 3ms in CalculateScore(ss_theta_score); ]
I0125 15:07:36.091174   620 master_component.cc:991] NormalizeModelArgs: pwt_target_name=pwt, nwt_source_name=nwt, rwt_source_name=
I0125 15:07:36.091174   620 master_component.cc:617] MasterComponent: start normalizing model nwt
I0125 15:07:36.095176   620 master_component.cc:639] MasterComponent: complete normalizing model nwt
I0125 15:07:36.097178   620 master_component.cc:1015] DisposeModel rwt
I0125 15:07:36.097178   620 c_interface.cc:332] Pass FitOfflineMasterModelArgs, batch_filename_size=4, batch_weight_size=4, num_collection_passes=1 to void (__cdecl artm::core::MasterComponent::*)(class artm::FitOfflineMasterModelArgs const & __ptr64) __ptr64
I0125 15:07:36.097178   620 master_component.cc:942] ProcessBatchesArgs: nwt_target_name=nwt, batch_filename_size=4, batch_size=0, batch_weight_size=4, pwt_source_name=pwt, num_document_passes=5, class=(@default_class:1), reuse_theta=no, opt_for_avx=yes, predict_class_id=
I0125 15:07:36.112804 13256 processor.cc:669] Processing queue has data, processing started
I0125 15:07:36.128434  6688 processor.cc:746] Processor: start processing batch acd8a394-4d05-46ac-afc0-bcfc3933f576 into model nwt
I0125 15:07:36.159682 13256 processor.cc:746] Processor: start processing batch 425e5ba6-af4a-411d-9cad-cf37f451bcc4 into model nwt
I0125 15:07:36.159682 11420 processor.cc:746] Processor: start processing batch 8e5acb98-4847-40ea-8379-6084fa640591 into model nwt
I0125 15:07:36.159682  1040 processor.cc:746] Processor: start processing batch 8265d2ed-443a-4f1b-b812-7d63f85851d5 into model nwt
I0125 15:07:36.573194  6688 processor.cc:842] Processor: complete processing batch acd8a394-4d05-46ac-afc0-bcfc3933f576 into model nwt
I0125 15:07:36.574194  6688 cuckoo_watch.h:44] 461ms in ProcessBatch(Q:\topic_modeling\data\postnauka\bigARTM_files\pn_model3\aaaaad.batch) [including 15ms in LoadMessage; 46ms in InitializeSparseNdw; 328ms in InferThetaAndUpdateNwtSparse; 66ms in CalculateScore(perplexity_score); 3ms in CalculateScore(ss_theta_score); ]
I0125 15:07:36.861394  6688 processor.cc:662] No data in processing queue, waiting...
I0125 15:07:37.071524 13256 processor.cc:842] Processor: complete processing batch 425e5ba6-af4a-411d-9cad-cf37f451bcc4 into model nwt
I0125 15:07:37.075527 13256 cuckoo_watch.h:44] 962ms in ProcessBatch(Q:\topic_modeling\data\postnauka\bigARTM_files\pn_model3\aaaaaa.batch) [including 46ms in LoadMessage; 124ms in InitializeSparseNdw; 681ms in InferThetaAndUpdateNwtSparse; 102ms in CalculateScore(perplexity_score); 2ms in CalculateScore(ss_theta_score); ]
I0125 15:07:37.114553 13256 processor.cc:662] No data in processing queue, waiting...
I0125 15:07:37.122560  1040 processor.cc:842] Processor: complete processing batch 8265d2ed-443a-4f1b-b812-7d63f85851d5 into model nwt
I0125 15:07:37.126061 11420 processor.cc:842] Processor: complete processing batch 8e5acb98-4847-40ea-8379-6084fa640591 into model nwt
I0125 15:07:37.130064  1040 cuckoo_watch.h:44] 1017ms in ProcessBatch(Q:\topic_modeling\data\postnauka\bigARTM_files\pn_model3\aaaaac.batch) [including 46ms in LoadMessage; 116ms in InitializeSparseNdw; 702ms in InferThetaAndUpdateNwtSparse; 139ms in CalculateScore(perplexity_score); 2ms in CalculateScore(ss_theta_score); ]
I0125 15:07:37.132067 11420 cuckoo_watch.h:44] 1019ms in ProcessBatch(Q:\topic_modeling\data\postnauka\bigARTM_files\pn_model3\aaaaab.batch) [including 46ms in LoadMessage; 113ms in InitializeSparseNdw; 689ms in InferThetaAndUpdateNwtSparse; 158ms in CalculateScore(perplexity_score); 5ms in CalculateScore(ss_theta_score); ]
I0125 15:07:37.133065   620 master_component.cc:991] NormalizeModelArgs: pwt_target_name=pwt, nwt_source_name=nwt, rwt_source_name=
I0125 15:07:37.133065   620 master_component.cc:617] MasterComponent: start normalizing model nwt
I0125 15:07:37.138068   620 master_component.cc:639] MasterComponent: complete normalizing model nwt
I0125 15:07:37.151077  1040 processor.cc:662] No data in processing queue, waiting...
I0125 15:07:37.152578   620 master_component.cc:1015] DisposeModel rwt
I0125 15:07:37.152578   620 c_interface.cc:332] Pass FitOfflineMasterModelArgs, batch_filename_size=4, batch_weight_size=4, num_collection_passes=1 to void (__cdecl artm::core::MasterComponent::*)(class artm::FitOfflineMasterModelArgs const & __ptr64) __ptr64
I0125 15:07:37.152578   620 master_component.cc:942] ProcessBatchesArgs: nwt_target_name=nwt, batch_filename_size=4, batch_size=0, batch_weight_size=4, pwt_source_name=pwt, num_document_passes=5, class=(@default_class:1), reuse_theta=no, opt_for_avx=yes, predict_class_id=
I0125 15:07:37.153079 11420 processor.cc:662] No data in processing queue, waiting...
I0125 15:07:37.157582  6688 processor.cc:669] Processing queue has data, processing started
I0125 15:07:37.157582 11420 processor.cc:669] Processing queue has data, processing started
I0125 15:07:37.157582  1040 processor.cc:669] Processing queue has data, processing started
I0125 15:07:37.157582 13256 processor.cc:669] Processing queue has data, processing started
I0125 15:07:37.181098 13256 processor.cc:746] Processor: start processing batch acd8a394-4d05-46ac-afc0-bcfc3933f576 into model nwt
I0125 15:07:37.206115 11420 processor.cc:746] Processor: start processing batch 8e5acb98-4847-40ea-8379-6084fa640591 into model nwt
I0125 15:07:37.206614  1040 processor.cc:746] Processor: start processing batch 425e5ba6-af4a-411d-9cad-cf37f451bcc4 into model nwt
I0125 15:07:37.239136  6688 processor.cc:746] Processor: start processing batch 8265d2ed-443a-4f1b-b812-7d63f85851d5 into model nwt
I0125 15:07:37.627393 13256 processor.cc:842] Processor: complete processing batch acd8a394-4d05-46ac-afc0-bcfc3933f576 into model nwt
I0125 15:07:37.630395 13256 cuckoo_watch.h:44] 472ms in ProcessBatch(Q:\topic_modeling\data\postnauka\bigARTM_files\pn_model3\aaaaad.batch) [including 23ms in LoadMessage; 66ms in InitializeSparseNdw; 280ms in InferThetaAndUpdateNwtSparse; 95ms in CalculateScore(perplexity_score); 3ms in CalculateScore(ss_theta_score); ]
I0125 15:07:37.655412 13256 processor.cc:662] No data in processing queue, waiting...
I0125 15:07:38.198835  1040 processor.cc:842] Processor: complete processing batch 425e5ba6-af4a-411d-9cad-cf37f451bcc4 into model nwt
I0125 15:07:38.202838  1040 cuckoo_watch.h:44] 1045ms in ProcessBatch(Q:\topic_modeling\data\postnauka\bigARTM_files\pn_model3\aaaaaa.batch) [including 49ms in LoadMessage; 125ms in InitializeSparseNdw; 733ms in InferThetaAndUpdateNwtSparse; 130ms in CalculateScore(perplexity_score); 2ms in CalculateScore(ss_theta_score); ]
I0125 15:07:38.208842 11420 processor.cc:842] Processor: complete processing batch 8e5acb98-4847-40ea-8379-6084fa640591 into model nwt
I0125 15:07:38.213845 11420 cuckoo_watch.h:44] 1056ms in ProcessBatch(Q:\topic_modeling\data\postnauka\bigARTM_files\pn_model3\aaaaab.batch) [including 48ms in LoadMessage; 137ms in InitializeSparseNdw; 698ms in InferThetaAndUpdateNwtSparse; 161ms in CalculateScore(perplexity_score); 5ms in CalculateScore(ss_theta_score); ]
I0125 15:07:38.239862  6688 processor.cc:842] Processor: complete processing batch 8265d2ed-443a-4f1b-b812-7d63f85851d5 into model nwt
I0125 15:07:38.243365  6688 cuckoo_watch.h:44] 1085ms in ProcessBatch(Q:\topic_modeling\data\postnauka\bigARTM_files\pn_model3\aaaaac.batch) [including 81ms in LoadMessage; 115ms in InitializeSparseNdw; 732ms in InferThetaAndUpdateNwtSparse; 150ms in CalculateScore(perplexity_score); 2ms in CalculateScore(ss_theta_score); ]
I0125 15:07:38.245869   620 master_component.cc:991] NormalizeModelArgs: pwt_target_name=pwt, nwt_source_name=nwt, rwt_source_name=
I0125 15:07:38.245869   620 master_component.cc:617] MasterComponent: start normalizing model nwt
I0125 15:07:38.249871   620 master_component.cc:639] MasterComponent: complete normalizing model nwt
I0125 15:07:38.261378   620 master_component.cc:1015] DisposeModel rwt
I0125 15:07:38.261878   620 c_interface.cc:332] Pass FitOfflineMasterModelArgs, batch_filename_size=4, batch_weight_size=4, num_collection_passes=1 to void (__cdecl artm::core::MasterComponent::*)(class artm::FitOfflineMasterModelArgs const & __ptr64) __ptr64
I0125 15:07:38.261878   620 master_component.cc:942] ProcessBatchesArgs: nwt_target_name=nwt, batch_filename_size=4, batch_size=0, batch_weight_size=4, pwt_source_name=pwt, num_document_passes=5, class=(@default_class:1), reuse_theta=no, opt_for_avx=yes, predict_class_id=
I0125 15:07:38.276892 13256 processor.cc:669] Processing queue has data, processing started
I0125 15:07:38.296020 11420 processor.cc:746] Processor: start processing batch acd8a394-4d05-46ac-afc0-bcfc3933f576 into model nwt
I0125 15:07:38.311647  6688 processor.cc:746] Processor: start processing batch 425e5ba6-af4a-411d-9cad-cf37f451bcc4 into model nwt
I0125 15:07:38.311647 13256 processor.cc:746] Processor: start processing batch 8e5acb98-4847-40ea-8379-6084fa640591 into model nwt
I0125 15:07:38.311647  1040 processor.cc:746] Processor: start processing batch 8265d2ed-443a-4f1b-b812-7d63f85851d5 into model nwt
I0125 15:07:38.692867 11420 processor.cc:842] Processor: complete processing batch acd8a394-4d05-46ac-afc0-bcfc3933f576 into model nwt
I0125 15:07:38.693868 11420 cuckoo_watch.h:44] 416ms in ProcessBatch(Q:\topic_modeling\data\postnauka\bigARTM_files\pn_model3\aaaaad.batch) [including 19ms in LoadMessage; 46ms in InitializeSparseNdw; 279ms in InferThetaAndUpdateNwtSparse; 67ms in CalculateScore(perplexity_score); 3ms in CalculateScore(ss_theta_score); ]
I0125 15:07:38.970058 11420 processor.cc:662] No data in processing queue, waiting...
I0125 15:07:39.238729 13256 processor.cc:842] Processor: complete processing batch 8e5acb98-4847-40ea-8379-6084fa640591 into model nwt
I0125 15:07:39.242231 13256 cuckoo_watch.h:44] 965ms in ProcessBatch(Q:\topic_modeling\data\postnauka\bigARTM_files\pn_model3\aaaaab.batch) [including 34ms in LoadMessage; 126ms in InitializeSparseNdw; 653ms in InferThetaAndUpdateNwtSparse; 141ms in CalculateScore(perplexity_score); 5ms in CalculateScore(ss_theta_score); ]
I0125 15:07:39.260243  6688 processor.cc:842] Processor: complete processing batch 425e5ba6-af4a-411d-9cad-cf37f451bcc4 into model nwt
I0125 15:07:39.267248  6688 cuckoo_watch.h:44] 990ms in ProcessBatch(Q:\topic_modeling\data\postnauka\bigARTM_files\pn_model3\aaaaaa.batch) [including 34ms in LoadMessage; 125ms in InitializeSparseNdw; 674ms in InferThetaAndUpdateNwtSparse; 144ms in CalculateScore(perplexity_score); 3ms in CalculateScore(ss_theta_score); ]
I0125 15:07:39.269249  1040 processor.cc:842] Processor: complete processing batch 8265d2ed-443a-4f1b-b812-7d63f85851d5 into model nwt
I0125 15:07:39.273252  1040 cuckoo_watch.h:44] 996ms in ProcessBatch(Q:\topic_modeling\data\postnauka\bigARTM_files\pn_model3\aaaaac.batch) [including 34ms in LoadMessage; 127ms in InitializeSparseNdw; 684ms in InferThetaAndUpdateNwtSparse; 139ms in CalculateScore(perplexity_score); 6ms in CalculateScore(ss_theta_score); ]
I0125 15:07:39.274252   620 master_component.cc:991] NormalizeModelArgs: pwt_target_name=pwt, nwt_source_name=nwt, rwt_source_name=
I0125 15:07:39.274252   620 master_component.cc:617] MasterComponent: start normalizing model nwt
I0125 15:07:39.278759   620 master_component.cc:639] MasterComponent: complete normalizing model nwt
I0125 15:07:39.281759   620 master_component.cc:1015] DisposeModel rwt
I0125 15:07:39.281759   620 c_interface.cc:332] Pass FitOfflineMasterModelArgs, batch_filename_size=4, batch_weight_size=4, num_collection_passes=1 to void (__cdecl artm::core::MasterComponent::*)(class artm::FitOfflineMasterModelArgs const & __ptr64) __ptr64
I0125 15:07:39.281759   620 master_component.cc:942] ProcessBatchesArgs: nwt_target_name=nwt, batch_filename_size=4, batch_size=0, batch_weight_size=4, pwt_source_name=pwt, num_document_passes=5, class=(@default_class:1), reuse_theta=no, opt_for_avx=yes, predict_class_id=
I0125 15:07:39.297847 11420 processor.cc:669] Processing queue has data, processing started
I0125 15:07:39.313469  1040 processor.cc:746] Processor: start processing batch acd8a394-4d05-46ac-afc0-bcfc3933f576 into model nwt
I0125 15:07:39.344722  6688 processor.cc:746] Processor: start processing batch 425e5ba6-af4a-411d-9cad-cf37f451bcc4 into model nwt
I0125 15:07:39.344722 13256 processor.cc:746] Processor: start processing batch 8e5acb98-4847-40ea-8379-6084fa640591 into model nwt
I0125 15:07:39.344722 11420 processor.cc:746] Processor: start processing batch 8265d2ed-443a-4f1b-b812-7d63f85851d5 into model nwt
I0125 15:07:39.709903  1040 processor.cc:842] Processor: complete processing batch acd8a394-4d05-46ac-afc0-bcfc3933f576 into model nwt
I0125 15:07:39.711405  1040 cuckoo_watch.h:44] 413ms in ProcessBatch(Q:\topic_modeling\data\postnauka\bigARTM_files\pn_model3\aaaaad.batch) [including 15ms in LoadMessage; 46ms in InitializeSparseNdw; 280ms in InferThetaAndUpdateNwtSparse; 67ms in CalculateScore(perplexity_score); 2ms in CalculateScore(ss_theta_score); ]
I0125 15:07:40.005107  1040 processor.cc:662] No data in processing queue, waiting...
I0125 15:07:40.219740  6688 processor.cc:842] Processor: complete processing batch 425e5ba6-af4a-411d-9cad-cf37f451bcc4 into model nwt
